Archive member included to satisfy reference by file (symbol)

/Applications/STM32CubeIDE.app/Contents/Eclipse/plugins/com.st.stm32cube.ide.mcu.externaltools.gnu-tools-for-stm32.10.3-2021.10.macos64_1.0.0.202111181127/tools/bin/../lib/gcc/arm-none-eabi/10.3.1/../../../../arm-none-eabi/lib/thumb/v7e-m+dp/hard/libc_nano.a(lib_a-errno.o)
                              ./Core/Src/syscalls.o (__errno)
/Applications/STM32CubeIDE.app/Contents/Eclipse/plugins/com.st.stm32cube.ide.mcu.externaltools.gnu-tools-for-stm32.10.3-2021.10.macos64_1.0.0.202111181127/tools/bin/../lib/gcc/arm-none-eabi/10.3.1/../../../../arm-none-eabi/lib/thumb/v7e-m+dp/hard/libc_nano.a(lib_a-exit.o)
                              /Applications/STM32CubeIDE.app/Contents/Eclipse/plugins/com.st.stm32cube.ide.mcu.externaltools.gnu-tools-for-stm32.10.3-2021.10.macos64_1.0.0.202111181127/tools/bin/../lib/gcc/arm-none-eabi/10.3.1/../../../../arm-none-eabi/lib/thumb/v7e-m+dp/hard/crt0.o (exit)
/Applications/STM32CubeIDE.app/Contents/Eclipse/plugins/com.st.stm32cube.ide.mcu.externaltools.gnu-tools-for-stm32.10.3-2021.10.macos64_1.0.0.202111181127/tools/bin/../lib/gcc/arm-none-eabi/10.3.1/../../../../arm-none-eabi/lib/thumb/v7e-m+dp/hard/libc_nano.a(lib_a-impure.o)
                              /Applications/STM32CubeIDE.app/Contents/Eclipse/plugins/com.st.stm32cube.ide.mcu.externaltools.gnu-tools-for-stm32.10.3-2021.10.macos64_1.0.0.202111181127/tools/bin/../lib/gcc/arm-none-eabi/10.3.1/../../../../arm-none-eabi/lib/thumb/v7e-m+dp/hard/libc_nano.a(lib_a-exit.o) (_global_impure_ptr)
/Applications/STM32CubeIDE.app/Contents/Eclipse/plugins/com.st.stm32cube.ide.mcu.externaltools.gnu-tools-for-stm32.10.3-2021.10.macos64_1.0.0.202111181127/tools/bin/../lib/gcc/arm-none-eabi/10.3.1/../../../../arm-none-eabi/lib/thumb/v7e-m+dp/hard/libc_nano.a(lib_a-init.o)
                              /Applications/STM32CubeIDE.app/Contents/Eclipse/plugins/com.st.stm32cube.ide.mcu.externaltools.gnu-tools-for-stm32.10.3-2021.10.macos64_1.0.0.202111181127/tools/bin/../lib/gcc/arm-none-eabi/10.3.1/../../../../arm-none-eabi/lib/thumb/v7e-m+dp/hard/crt0.o (__libc_init_array)
/Applications/STM32CubeIDE.app/Contents/Eclipse/plugins/com.st.stm32cube.ide.mcu.externaltools.gnu-tools-for-stm32.10.3-2021.10.macos64_1.0.0.202111181127/tools/bin/../lib/gcc/arm-none-eabi/10.3.1/../../../../arm-none-eabi/lib/thumb/v7e-m+dp/hard/libc_nano.a(lib_a-memcpy-stub.o)
                              ./USB_DEVICE/App/usbd_cdc_if.o (memcpy)
/Applications/STM32CubeIDE.app/Contents/Eclipse/plugins/com.st.stm32cube.ide.mcu.externaltools.gnu-tools-for-stm32.10.3-2021.10.macos64_1.0.0.202111181127/tools/bin/../lib/gcc/arm-none-eabi/10.3.1/../../../../arm-none-eabi/lib/thumb/v7e-m+dp/hard/libc_nano.a(lib_a-memset.o)
                              /Applications/STM32CubeIDE.app/Contents/Eclipse/plugins/com.st.stm32cube.ide.mcu.externaltools.gnu-tools-for-stm32.10.3-2021.10.macos64_1.0.0.202111181127/tools/bin/../lib/gcc/arm-none-eabi/10.3.1/../../../../arm-none-eabi/lib/thumb/v7e-m+dp/hard/crt0.o (memset)
/Applications/STM32CubeIDE.app/Contents/Eclipse/plugins/com.st.stm32cube.ide.mcu.externaltools.gnu-tools-for-stm32.10.3-2021.10.macos64_1.0.0.202111181127/tools/bin/../lib/gcc/arm-none-eabi/10.3.1/../../../../arm-none-eabi/lib/thumb/v7e-m+dp/hard/libc_nano.a(lib_a-sprintf.o)
                              ./Core/Src/main.o (sprintf)
/Applications/STM32CubeIDE.app/Contents/Eclipse/plugins/com.st.stm32cube.ide.mcu.externaltools.gnu-tools-for-stm32.10.3-2021.10.macos64_1.0.0.202111181127/tools/bin/../lib/gcc/arm-none-eabi/10.3.1/../../../../arm-none-eabi/lib/thumb/v7e-m+dp/hard/libc_nano.a(lib_a-strcmp.o)
                              ./Core/Src/main.o (strcmp)
/Applications/STM32CubeIDE.app/Contents/Eclipse/plugins/com.st.stm32cube.ide.mcu.externaltools.gnu-tools-for-stm32.10.3-2021.10.macos64_1.0.0.202111181127/tools/bin/../lib/gcc/arm-none-eabi/10.3.1/../../../../arm-none-eabi/lib/thumb/v7e-m+dp/hard/libc_nano.a(lib_a-strtok.o)
                              ./Core/Src/main.o (strtok)
/Applications/STM32CubeIDE.app/Contents/Eclipse/plugins/com.st.stm32cube.ide.mcu.externaltools.gnu-tools-for-stm32.10.3-2021.10.macos64_1.0.0.202111181127/tools/bin/../lib/gcc/arm-none-eabi/10.3.1/../../../../arm-none-eabi/lib/thumb/v7e-m+dp/hard/libc_nano.a(lib_a-strtok_r.o)
                              /Applications/STM32CubeIDE.app/Contents/Eclipse/plugins/com.st.stm32cube.ide.mcu.externaltools.gnu-tools-for-stm32.10.3-2021.10.macos64_1.0.0.202111181127/tools/bin/../lib/gcc/arm-none-eabi/10.3.1/../../../../arm-none-eabi/lib/thumb/v7e-m+dp/hard/libc_nano.a(lib_a-strtok.o) (__strtok_r)
/Applications/STM32CubeIDE.app/Contents/Eclipse/plugins/com.st.stm32cube.ide.mcu.externaltools.gnu-tools-for-stm32.10.3-2021.10.macos64_1.0.0.202111181127/tools/bin/../lib/gcc/arm-none-eabi/10.3.1/../../../../arm-none-eabi/lib/thumb/v7e-m+dp/hard/libc_nano.a(lib_a-assert.o)
[...]
Memory Configuration

Name             Origin             Length             Attributes
ITCMRAM          0x0000000000000000 0x0000000000010000 xrw
DTCMRAM          0x0000000020000000 0x0000000000020000 xrw
FLASH            0x0000000008000000 0x0000000000100000 xr
RAM_D1           0x0000000024000000 0x0000000000050000 xrw
RAM_D2           0x0000000030000000 0x0000000000008000 xrw
RAM_D3           0x0000000038000000 0x0000000000004000 xrw
*default*        0x0000000000000000 0xffffffffffffffff

Linker script and memory map

LOAD /Applications/STM32CubeIDE.app/Contents/Eclipse/plugins/com.st.stm32cube.ide.mcu.externaltools.gnu-tools-for-stm32.10.3-2021.10.macos64_1.0.0.202111181127/tools/bin/../lib/gcc/arm-none-eabi/10.3.1/thumb/v7e-m+dp/hard/crti.o
LOAD /Applications/STM32CubeIDE.app/Contents/Eclipse/plugins/com.st.stm32cube.ide.mcu.externaltools.gnu-tools-for-stm32.10.3-2021.10.macos64_1.0.0.202111181127/tools/bin/../lib/gcc/arm-none-eabi/10.3.1/thumb/v7e-m+dp/hard/crtbegin.o
LOAD /Applications/STM32CubeIDE.app/Contents/Eclipse/plugins/com.st.stm32cube.ide.mcu.externaltools.gnu-tools-for-stm32.10.3-2021.10.macos64_1.0.0.202111181127/tools/bin/../lib/gcc/arm-none-eabi/10.3.1/../../../../arm-none-eabi/lib/thumb/v7e-m+dp/hard/crt0.o
LOAD ./Core/Src/main.o
LOAD ./Core/Src/stm32h7xx_hal_msp.o
LOAD ./Core/Src/stm32h7xx_it.o
LOAD ./Core/Src/syscalls.o
LOAD ./Core/Src/sysmem.o
LOAD ./Core/Src/system_stm32h7xx.o
LOAD ./Core/Startup/startup_stm32h723zgtx.o
LOAD ./Drivers/STM32H7xx_HAL_Driver/Src/stm32h7xx_hal.o
LOAD ./Drivers/STM32H7xx_HAL_Driver/Src/stm32h7xx_hal_cortex.o
LOAD ./Drivers/STM32H7xx_HAL_Driver/Src/stm32h7xx_hal_dma.o
LOAD ./Drivers/STM32H7xx_HAL_Driver/Src/stm32h7xx_hal_dma_ex.o
LOAD ./Drivers/STM32H7xx_HAL_Driver/Src/stm32h7xx_hal_exti.o
LOAD ./Drivers/STM32H7xx_HAL_Driver/Src/stm32h7xx_hal_flash.o
LOAD ./Drivers/STM32H7xx_HAL_Driver/Src/stm32h7xx_hal_flash_ex.o
LOAD ./Drivers/STM32H7xx_HAL_Driver/Src/stm32h7xx_hal_gpio.o
LOAD ./Drivers/STM32H7xx_HAL_Driver/Src/stm32h7xx_hal_hsem.o
LOAD ./Drivers/STM32H7xx_HAL_Driver/Src/stm32h7xx_hal_i2c.o
LOAD ./Drivers/STM32H7xx_HAL_Driver/Src/stm32h7xx_hal_i2c_ex.o
LOAD ./Drivers/STM32H7xx_HAL_Driver/Src/stm32h7xx_hal_mdma.o
LOAD ./Drivers/STM32H7xx_HAL_Driver/Src/stm32h7xx_hal_pcd.o
LOAD ./Drivers/STM32H7xx_HAL_Driver/Src/stm32h7xx_hal_pcd_ex.o
LOAD ./Drivers/STM32H7xx_HAL_Driver/Src/stm32h7xx_hal_pwr.o
LOAD ./Drivers/STM32H7xx_HAL_Driver/Src/stm32h7xx_hal_pwr_ex.o
LOAD ./Drivers/STM32H7xx_HAL_Driver/Src/stm32h7xx_hal_rcc.o
LOAD ./Drivers/STM32H7xx_HAL_Driver/Src/stm32h7xx_hal_rcc_ex.o
LOAD ./Drivers/STM32H7xx_HAL_Driver/Src/stm32h7xx_hal_tim.o
LOAD ./Drivers/STM32H7xx_HAL_Driver/Src/stm32h7xx_hal_tim_ex.o
LOAD ./Drivers/STM32H7xx_HAL_Driver/Src/stm32h7xx_ll_usb.o
LOAD ./Middlewares/ST/STM32_USB_Device_Library/Class/CDC/Src/usbd_cdc.o
LOAD ./Middlewares/ST/STM32_USB_Device_Library/Core/Src/usbd_core.o
LOAD ./Middlewares/ST/STM32_USB_Device_Library/Core/Src/usbd_ctlreq.o
LOAD ./Middlewares/ST/STM32_USB_Device_Library/Core/Src/usbd_ioreq.o
LOAD ./USB_DEVICE/App/usb_device.o
LOAD ./USB_DEVICE/App/usbd_cdc_if.o
LOAD ./USB_DEVICE/App/usbd_desc.o
LOAD ./USB_DEVICE/Target/usbd_conf.o
START GROUP
LOAD /Applications/STM32CubeIDE.app/Contents/Eclipse/plugins/com.st.stm32cube.ide.mcu.externaltools.gnu-tools-for-stm32.10.3-2021.10.macos64_1.0.0.202111181127/tools/bin/../lib/gcc/arm-none-eabi/10.3.1/../../../../arm-none-eabi/lib/thumb/v7e-m+dp/hard/libc_nano.a
LOAD /Applications/STM32CubeIDE.app/Contents/Eclipse/plugins/com.st.stm32cube.ide.mcu.externaltools.gnu-tools-for-stm32.10.3-2021.10.macos64_1.0.0.202111181127/tools/bin/../lib/gcc/arm-none-eabi/10.3.1/../../../../arm-none-eabi/lib/thumb/v7e-m+dp/hard/libm.a
END GROUP
START GROUP
LOAD /Applications/STM32CubeIDE.app/Contents/Eclipse/plugins/com.st.stm32cube.ide.mcu.externaltools.gnu-tools-for-stm32.10.3-2021.10.macos64_1.0.0.202111181127/tools/bin/../lib/gcc/arm-none-eabi/10.3.1/thumb/v7e-m+dp/hard/libgcc.a
LOAD /Applications/STM32CubeIDE.app/Contents/Eclipse/plugins/com.st.stm32cube.ide.mcu.externaltools.gnu-tools-for-stm32.10.3-2021.10.macos64_1.0.0.202111181127/tools/bin/../lib/gcc/arm-none-eabi/10.3.1/../../../../arm-none-eabi/lib/thumb/v7e-m+dp/hard/libc_nano.a
END GROUP
START GROUP
LOAD /Applications/STM32CubeIDE.app/Contents/Eclipse/plugins/com.st.stm32cube.ide.mcu.externaltools.gnu-tools-for-stm32.10.3-2021.10.macos64_1.0.0.202111181127/tools/bin/../lib/gcc/arm-none-eabi/10.3.1/thumb/v7e-m+dp/hard/libgcc.a
LOAD /Applications/STM32CubeIDE.app/Contents/Eclipse/plugins/com.st.stm32cube.ide.mcu.externaltools.gnu-tools-for-stm32.10.3-2021.10.macos64_1.0.0.202111181127/tools/bin/../lib/gcc/arm-none-eabi/10.3.1/../../../../arm-none-eabi/lib/thumb/v7e-m+dp/hard/libc_nano.a
LOAD /Applications/STM32CubeIDE.app/Contents/Eclipse/plugins/com.st.stm32cube.ide.mcu.externaltools.gnu-tools-for-stm32.10.3-2021.10.macos64_1.0.0.202111181127/tools/bin/../lib/gcc/arm-none-eabi/10.3.1/../../../../arm-none-eabi/lib/thumb/v7e-m+dp/hard/libnosys.a
END GROUP
START GROUP
LOAD /Applications/STM32CubeIDE.app/Contents/Eclipse/plugins/com.st.stm32cube.ide.mcu.externaltools.gnu-tools-for-stm32.10.3-2021.10.macos64_1.0.0.202111181127/tools/bin/../lib/gcc/arm-none-eabi/10.3.1/thumb/v7e-m+dp/hard/libgcc.a
LOAD /Applications/STM32CubeIDE.app/Contents/Eclipse/plugins/com.st.stm32cube.ide.mcu.externaltools.gnu-tools-for-stm32.10.3-2021.10.macos64_1.0.0.202111181127/tools/bin/../lib/gcc/arm-none-eabi/10.3.1/../../../../arm-none-eabi/lib/thumb/v7e-m+dp/hard/libc_nano.a
LOAD /Applications/STM32CubeIDE.app/Contents/Eclipse/plugins/com.st.stm32cube.ide.mcu.externaltools.gnu-tools-for-stm32.10.3-2021.10.macos64_1.0.0.202111181127/tools/bin/../lib/gcc/arm-none-eabi/10.3.1/../../../../arm-none-eabi/lib/thumb/v7e-m+dp/hard/libnosys.a
END GROUP
LOAD /Applications/STM32CubeIDE.app/Contents/Eclipse/plugins/com.st.stm32cube.ide.mcu.externaltools.gnu-tools-for-stm32.10.3-2021.10.macos64_1.0.0.202111181127/tools/bin/../lib/gcc/arm-none-eabi/10.3.1/thumb/v7e-m+dp/hard/crtend.o
LOAD /Applications/STM32CubeIDE.app/Contents/Eclipse/plugins/com.st.stm32cube.ide.mcu.externaltools.gnu-tools-for-stm32.10.3-2021.10.macos64_1.0.0.202111181127/tools/bin/../lib/gcc/arm-none-eabi/10.3.1/thumb/v7e-m+dp/hard/crtn.o
                0x0000000024050000                _estack = (ORIGIN (RAM_D1) + LENGTH (RAM_D1))
                0x0000000000000200                _Min_Heap_Size = 0x200
                0x0000000000000400                _Min_Stack_Size = 0x400

.isr_vector     0x0000000008000000      0x2cc
                0x0000000008000000                . = ALIGN (0x4)
 *(.isr_vector)
 .isr_vector    0x0000000008000000      0x2cc ./Core/Startup/startup_stm32h723zgtx.o
                0x0000000008000000                g_pfnVectors
                0x00000000080002cc                . = ALIGN (0x4)

.text           0x00000000080002d0     0x9ba0
                0x00000000080002d0                . = ALIGN (0x4)
 *(.text)
 .text          0x00000000080002d0       0x40 /Applications/STM32CubeIDE.app/Contents/Eclipse/plugins/com.st.stm32cube.ide.mcu.externaltools.gnu-tools-for-stm32.10.3-2021.10.macos64_1.0.0.202111181127/tools/bin/../lib/gcc/arm-none-eabi/10.3.1/thumb/v7e-m+dp/hard/crtbegin.o
 .text          0x0000000008000310       0x14 /Applications/STM32CubeIDE.app/Contents/Eclipse/plugins/com.st.stm32cube.ide.mcu.externaltools.gnu-tools-for-stm32.10.3-2021.10.macos64_1.0.0.202111181127/tools/bin/../lib/gcc/arm-none-eabi/10.3.1/../../../../arm-none-eabi/lib/thumb/v7e-m+dp/hard/libc_nano.a(lib_a-strcmp.o)
                0x0000000008000310                strcmp
 *fill*         0x0000000008000324        0xc 
 .text          0x0000000008000330       0xa0 /Applications/STM32CubeIDE.app/Contents/Eclipse/plugins/com.st.stm32cube.ide.mcu.externaltools.gnu-tools-for-stm32.10.3-2021.10.macos64_1.0.0.202111181127/tools/bin/../lib/gcc/arm-none-eabi/10.3.1/../../../../arm-none-eabi/lib/thumb/v7e-m+dp/hard/libc_nano.a(lib_a-memchr.o)
                0x0000000008000330                memchr
 *(.text*)
 .text.main     0x00000000080003d0      0x198 ./Core/Src/main.o
                0x00000000080003d0                main
 .text.SystemClock_Config
                0x0000000008000568       0xe4 ./Core/Src/main.o
                0x0000000008000568                SystemClock_Config
 .text.MX_GPIO_Init
                0x000000000800064c       0xd4 ./Core/Src/main.o
 .text.Error_Handler
                0x0000000008000720        0xa ./Core/Src/main.o
                0x0000000008000720                Error_Handler
 *fill*         0x000000000800072a        0x2 
 .text.HAL_MspInit
                0x000000000800072c       0x34 ./Core/Src/stm32h7xx_hal_msp.o
                0x000000000800072c                HAL_MspInit
 .text.NMI_Handler
                0x0000000008000760        0x6 ./Core/Src/stm32h7xx_it.o
                0x0000000008000760                NMI_Handler
 .text.HardFault_Handler
                0x0000000008000766        0x6 ./Core/Src/stm32h7xx_it.o
                0x0000000008000766                HardFault_Handler
 .text.MemManage_Handler
                0x000000000800076c        0x6 ./Core/Src/stm32h7xx_it.o
                0x000000000800076c                MemManage_Handler
 .text.BusFault_Handler
                0x0000000008000772        0x6 ./Core/Src/stm32h7xx_it.o
                0x0000000008000772                BusFault_Handler
 .text.UsageFault_Handler
                0x0000000008000778        0x6 ./Core/Src/stm32h7xx_it.o
                0x0000000008000778                UsageFault_Handler
 .text.SVC_Handler
                0x000000000800077e        0xe ./Core/Src/stm32h7xx_it.o
                0x000000000800077e                SVC_Handler
 .text.DebugMon_Handler
                0x000000000800078c        0xe ./Core/Src/stm32h7xx_it.o
                0x000000000800078c                DebugMon_Handler
 .text.PendSV_Handler
                0x000000000800079a        0xe ./Core/Src/stm32h7xx_it.o
                0x000000000800079a                PendSV_Handler
 .text.SysTick_Handler
                0x00000000080007a8        0xc ./Core/Src/stm32h7xx_it.o
                0x00000000080007a8                SysTick_Handler
 .text.OTG_HS_IRQHandler
                0x00000000080007b4       0x14 ./Core/Src/stm32h7xx_it.o
                0x00000000080007b4                OTG_HS_IRQHandler
 .text._getpid  0x00000000080007c8       0x10 ./Core/Src/syscalls.o
                0x00000000080007c8                _getpid
 .text._kill    0x00000000080007d8       0x20 ./Core/Src/syscalls.o
                0x00000000080007d8                _kill
 .text._exit    0x00000000080007f8       0x14 ./Core/Src/syscalls.o
                0x00000000080007f8                _exit
 .text._read    0x000000000800080c       0x3a ./Core/Src/syscalls.o
                0x000000000800080c                _read
 .text._write   0x0000000008000846       0x38 ./Core/Src/syscalls.o
                0x0000000008000846                _write
 .text._close   0x000000000800087e       0x18 ./Core/Src/syscalls.o
                0x000000000800087e                _close
 .text._fstat   0x0000000008000896       0x20 ./Core/Src/syscalls.o
                0x0000000008000896                _fstat
 .text._isatty  0x00000000080008b6       0x16 ./Core/Src/syscalls.o
                0x00000000080008b6                _isatty
 .text._lseek   0x00000000080008cc       0x1a ./Core/Src/syscalls.o
                0x00000000080008cc                _lseek
 *fill*         0x00000000080008e6        0x2 
 .text._sbrk    0x00000000080008e8       0x6c ./Core/Src/sysmem.o
                0x00000000080008e8                _sbrk
 .text.SystemInit
                0x0000000008000954       0xf0 ./Core/Src/system_stm32h7xx.o
                0x0000000008000954                SystemInit
 .text.Reset_Handler
                0x0000000008000a44       0x50 ./Core/Startup/startup_stm32h723zgtx.o
                0x0000000008000a44                Reset_Handler
 .text.Default_Handler
                0x0000000008000a94        0x2 ./Core/Startup/startup_stm32h723zgtx.o
                0x0000000008000a94                DMA1_Stream3_IRQHandler
                0x0000000008000a94                EXTI2_IRQHandler
                0x0000000008000a94                TIM8_CC_IRQHandler
                0x0000000008000a94                UART8_IRQHandler
                0x0000000008000a94                SPI4_IRQHandler
                0x0000000008000a94                FDCAN3_IT0_IRQHandler
                0x0000000008000a94                TIM1_CC_IRQHandler
                0x0000000008000a94                BDMA_Channel6_IRQHandler
                0x0000000008000a94                DMA2_Stream5_IRQHandler
                0x0000000008000a94                DMA1_Stream5_IRQHandler
                0x0000000008000a94                CORDIC_IRQHandler
                0x0000000008000a94                BDMA_Channel1_IRQHandler
                0x0000000008000a94                TAMP_STAMP_IRQHandler
                0x0000000008000a94                EXTI3_IRQHandler
                0x0000000008000a94                LPTIM4_IRQHandler
                0x0000000008000a94                TIM8_TRG_COM_TIM14_IRQHandler
                0x0000000008000a94                LPTIM2_IRQHandler
                0x0000000008000a94                DFSDM1_FLT1_IRQHandler
                0x0000000008000a94                DMAMUX2_OVR_IRQHandler
                0x0000000008000a94                TIM8_UP_TIM13_IRQHandler
                0x0000000008000a94                I2C3_ER_IRQHandler
                0x0000000008000a94                DFSDM1_FLT2_IRQHandler
                0x0000000008000a94                I2C5_EV_IRQHandler
                0x0000000008000a94                USART10_IRQHandler
                0x0000000008000a94                MDMA_IRQHandler
                0x0000000008000a94                LPTIM3_IRQHandler
                0x0000000008000a94                HSEM1_IRQHandler
                0x0000000008000a94                EXTI0_IRQHandler
                0x0000000008000a94                I2C2_EV_IRQHandler
                0x0000000008000a94                DMA1_Stream2_IRQHandler
                0x0000000008000a94                FPU_IRQHandler
                0x0000000008000a94                OTG_HS_WKUP_IRQHandler
                0x0000000008000a94                FDCAN1_IT1_IRQHandler
                0x0000000008000a94                LTDC_ER_IRQHandler
                0x0000000008000a94                DMA2_Stream2_IRQHandler
                0x0000000008000a94                SPI1_IRQHandler
                0x0000000008000a94                OCTOSPI1_IRQHandler
                0x0000000008000a94                TIM6_DAC_IRQHandler
                0x0000000008000a94                DMA2_Stream3_IRQHandler
                0x0000000008000a94                OCTOSPI2_IRQHandler
                0x0000000008000a94                DFSDM1_FLT3_IRQHandler
                0x0000000008000a94                TIM23_IRQHandler
                0x0000000008000a94                USART6_IRQHandler
                0x0000000008000a94                TIM17_IRQHandler
                0x0000000008000a94                USART3_IRQHandler
                0x0000000008000a94                BDMA_Channel7_IRQHandler
                0x0000000008000a94                LPTIM5_IRQHandler
                0x0000000008000a94                UART5_IRQHandler
                0x0000000008000a94                ADC3_IRQHandler
                0x0000000008000a94                DMA2_Stream0_IRQHandler
                0x0000000008000a94                TIM4_IRQHandler
                0x0000000008000a94                BDMA_Channel2_IRQHandler
                0x0000000008000a94                I2C1_EV_IRQHandler
                0x0000000008000a94                DMA1_Stream6_IRQHandler
                0x0000000008000a94                DMAMUX1_OVR_IRQHandler
                0x0000000008000a94                DMA1_Stream1_IRQHandler
                0x0000000008000a94                TIM16_IRQHandler
                0x0000000008000a94                UART4_IRQHandler
                0x0000000008000a94                BDMA_Channel5_IRQHandler
                0x0000000008000a94                TIM3_IRQHandler
                0x0000000008000a94                RCC_IRQHandler
                0x0000000008000a94                UART9_IRQHandler
                0x0000000008000a94                TIM8_BRK_TIM12_IRQHandler
                0x0000000008000a94                TIM1_TRG_COM_IRQHandler
                0x0000000008000a94                Default_Handler
                0x0000000008000a94                ECC_IRQHandler
                0x0000000008000a94                FMAC_IRQHandler
                0x0000000008000a94                CEC_IRQHandler
                0x0000000008000a94                EXTI15_10_IRQHandler
                0x0000000008000a94                BDMA_Channel0_IRQHandler
                0x0000000008000a94                ADC_IRQHandler
                0x0000000008000a94                I2C5_ER_IRQHandler
                0x0000000008000a94                DMA1_Stream7_IRQHandler
                0x0000000008000a94                SPI5_IRQHandler
                0x0000000008000a94                TIM7_IRQHandler
                0x0000000008000a94                FDCAN3_IT1_IRQHandler
                0x0000000008000a94                SDMMC1_IRQHandler
                0x0000000008000a94                TIM5_IRQHandler
                0x0000000008000a94                DMA2_Stream7_IRQHandler
                0x0000000008000a94                TIM15_IRQHandler
                0x0000000008000a94                PVD_AVD_IRQHandler
                0x0000000008000a94                I2C3_EV_IRQHandler
                0x0000000008000a94                EXTI9_5_IRQHandler
                0x0000000008000a94                RTC_WKUP_IRQHandler
                0x0000000008000a94                LTDC_IRQHandler
                0x0000000008000a94                ETH_WKUP_IRQHandler
                0x0000000008000a94                SPDIF_RX_IRQHandler
                0x0000000008000a94                SPI2_IRQHandler
                0x0000000008000a94                OTG_HS_EP1_IN_IRQHandler
                0x0000000008000a94                DMA1_Stream0_IRQHandler
                0x0000000008000a94                TIM24_IRQHandler
                0x0000000008000a94                CRS_IRQHandler
                0x0000000008000a94                EXTI4_IRQHandler
                0x0000000008000a94                RNG_IRQHandler
                0x0000000008000a94                FDCAN2_IT1_IRQHandler
                0x0000000008000a94                ETH_IRQHandler
                0x0000000008000a94                TIM1_UP_IRQHandler
                0x0000000008000a94                BDMA_Channel4_IRQHandler
                0x0000000008000a94                OTG_HS_EP1_OUT_IRQHandler
                0x0000000008000a94                WWDG_IRQHandler
                0x0000000008000a94                SPI6_IRQHandler
                0x0000000008000a94                MDIOS_IRQHandler
                0x0000000008000a94                I2C4_EV_IRQHandler
                0x0000000008000a94                FDCAN2_IT0_IRQHandler
                0x0000000008000a94                LPUART1_IRQHandler
                0x0000000008000a94                FDCAN1_IT0_IRQHandler
                0x0000000008000a94                TIM2_IRQHandler
                0x0000000008000a94                DMA2D_IRQHandler
                0x0000000008000a94                TIM1_BRK_IRQHandler
                0x0000000008000a94                EXTI1_IRQHandler
                0x0000000008000a94                SDMMC2_IRQHandler
                0x0000000008000a94                BDMA_Channel3_IRQHandler
                0x0000000008000a94                DTS_IRQHandler
                0x0000000008000a94                UART7_IRQHandler
                0x0000000008000a94                MDIOS_WKUP_IRQHandler
                0x0000000008000a94                USART2_IRQHandler
                0x0000000008000a94                DFSDM1_FLT0_IRQHandler
                0x0000000008000a94                SAI4_IRQHandler
                0x0000000008000a94                I2C2_ER_IRQHandler
                0x0000000008000a94                DMA2_Stream1_IRQHandler
                0x0000000008000a94                FLASH_IRQHandler
                0x0000000008000a94                DMA2_Stream4_IRQHandler
                0x0000000008000a94                USART1_IRQHandler
                0x0000000008000a94                SPI3_IRQHandler
                0x0000000008000a94                WAKEUP_PIN_IRQHandler
                0x0000000008000a94                DMA1_Stream4_IRQHandler
                0x0000000008000a94                I2C1_ER_IRQHandler
                0x0000000008000a94                FMC_IRQHandler
                0x0000000008000a94                FDCAN_CAL_IRQHandler
                0x0000000008000a94                SWPMI1_IRQHandler
                0x0000000008000a94                COMP1_IRQHandler
                0x0000000008000a94                LPTIM1_IRQHandler
                0x0000000008000a94                DCMI_PSSI_IRQHandler
                0x0000000008000a94                I2C4_ER_IRQHandler
                0x0000000008000a94                DMA2_Stream6_IRQHandler
                0x0000000008000a94                SAI1_IRQHandler
                0x0000000008000a94                RTC_Alarm_IRQHandler
 *fill*         0x0000000008000a96        0x2 
 .text.HAL_Init
                0x0000000008000a98       0x78 ./Drivers/STM32H7xx_HAL_Driver/Src/stm32h7xx_hal.o
                0x0000000008000a98                HAL_Init
 .text.HAL_InitTick
                0x0000000008000b10       0x6c ./Drivers/STM32H7xx_HAL_Driver/Src/stm32h7xx_hal.o
                0x0000000008000b10                HAL_InitTick
 .text.HAL_IncTick
                0x0000000008000b7c       0x28 ./Drivers/STM32H7xx_HAL_Driver/Src/stm32h7xx_hal.o
                0x0000000008000b7c                HAL_IncTick
 .text.HAL_GetTick
                0x0000000008000ba4       0x18 ./Drivers/STM32H7xx_HAL_Driver/Src/stm32h7xx_hal.o
                0x0000000008000ba4                HAL_GetTick
 .text.HAL_Delay
                0x0000000008000bbc       0x48 ./Drivers/STM32H7xx_HAL_Driver/Src/stm32h7xx_hal.o
                0x0000000008000bbc                HAL_Delay
 .text.__NVIC_SetPriorityGrouping
                0x0000000008000c04       0x48 ./Drivers/STM32H7xx_HAL_Driver/Src/stm32h7xx_hal_cortex.o
 .text.__NVIC_GetPriorityGrouping
                0x0000000008000c4c       0x1c ./Drivers/STM32H7xx_HAL_Driver/Src/stm32h7xx_hal_cortex.o
 .text.__NVIC_EnableIRQ
                0x0000000008000c68       0x3c ./Drivers/STM32H7xx_HAL_Driver/Src/stm32h7xx_hal_cortex.o
 .text.__NVIC_SetPriority
                0x0000000008000ca4       0x54 ./Drivers/STM32H7xx_HAL_Driver/Src/stm32h7xx_hal_cortex.o
 .text.NVIC_EncodePriority
                0x0000000008000cf8       0x66 ./Drivers/STM32H7xx_HAL_Driver/Src/stm32h7xx_hal_cortex.o
 *fill*         0x0000000008000d5e        0x2 
 .text.SysTick_Config
                0x0000000008000d60       0x44 ./Drivers/STM32H7xx_HAL_Driver/Src/stm32h7xx_hal_cortex.o
 .text.HAL_NVIC_SetPriorityGrouping
                0x0000000008000da4       0x16 ./Drivers/STM32H7xx_HAL_Driver/Src/stm32h7xx_hal_cortex.o
                0x0000000008000da4                HAL_NVIC_SetPriorityGrouping
 .text.HAL_NVIC_SetPriority
                0x0000000008000dba       0x34 ./Drivers/STM32H7xx_HAL_Driver/Src/stm32h7xx_hal_cortex.o
                0x0000000008000dba                HAL_NVIC_SetPriority
 .text.HAL_NVIC_EnableIRQ
                0x0000000008000dee       0x1c ./Drivers/STM32H7xx_HAL_Driver/Src/stm32h7xx_hal_cortex.o
                0x0000000008000dee                HAL_NVIC_EnableIRQ
 .text.HAL_SYSTICK_Config
                0x0000000008000e0a       0x18 ./Drivers/STM32H7xx_HAL_Driver/Src/stm32h7xx_hal_cortex.o
                0x0000000008000e0a                HAL_SYSTICK_Config
 *fill*         0x0000000008000e22        0x2 
 .text.HAL_GPIO_Init
                0x0000000008000e24      0x350 ./Drivers/STM32H7xx_HAL_Driver/Src/stm32h7xx_hal_gpio.o
                0x0000000008000e24                HAL_GPIO_Init
 .text.HAL_GPIO_WritePin
                0x0000000008001174       0x32 ./Drivers/STM32H7xx_HAL_Driver/Src/stm32h7xx_hal_gpio.o
                0x0000000008001174                HAL_GPIO_WritePin
 .text.HAL_GPIO_TogglePin
                0x00000000080011a6       0x34 ./Drivers/STM32H7xx_HAL_Driver/Src/stm32h7xx_hal_gpio.o
                0x00000000080011a6                HAL_GPIO_TogglePin
 .text.HAL_PCD_Init
                0x00000000080011da      0x248 ./Drivers/STM32H7xx_HAL_Driver/Src/stm32h7xx_hal_pcd.o
                0x00000000080011da                HAL_PCD_Init
 .text.HAL_PCD_Start
                0x0000000008001422       0x66 ./Drivers/STM32H7xx_HAL_Driver/Src/stm32h7xx_hal_pcd.o
                0x0000000008001422                HAL_PCD_Start
 .text.HAL_PCD_IRQHandler
                0x0000000008001488      0x998 ./Drivers/STM32H7xx_HAL_Driver/Src/stm32h7xx_hal_pcd.o
                0x0000000008001488                HAL_PCD_IRQHandler
 .text.HAL_PCD_SetAddress
                0x0000000008001e20       0x4a ./Drivers/STM32H7xx_HAL_Driver/Src/stm32h7xx_hal_pcd.o
                0x0000000008001e20                HAL_PCD_SetAddress
 .text.HAL_PCD_EP_Open
                0x0000000008001e6a       0xd0 ./Drivers/STM32H7xx_HAL_Driver/Src/stm32h7xx_hal_pcd.o
                0x0000000008001e6a                HAL_PCD_EP_Open
 .text.HAL_PCD_EP_Close
                0x0000000008001f3a       0x94 ./Drivers/STM32H7xx_HAL_Driver/Src/stm32h7xx_hal_pcd.o
                0x0000000008001f3a                HAL_PCD_EP_Close
 .text.HAL_PCD_EP_Receive
                0x0000000008001fce       0x96 ./Drivers/STM32H7xx_HAL_Driver/Src/stm32h7xx_hal_pcd.o
                0x0000000008001fce                HAL_PCD_EP_Receive
 .text.HAL_PCD_EP_GetRxCount
                0x0000000008002064       0x30 ./Drivers/STM32H7xx_HAL_Driver/Src/stm32h7xx_hal_pcd.o
                0x0000000008002064                HAL_PCD_EP_GetRxCount
 .text.HAL_PCD_EP_Transmit
                0x0000000008002094       0x94 ./Drivers/STM32H7xx_HAL_Driver/Src/stm32h7xx_hal_pcd.o
                0x0000000008002094                HAL_PCD_EP_Transmit
 .text.HAL_PCD_EP_SetStall
                0x0000000008002128       0xc8 ./Drivers/STM32H7xx_HAL_Driver/Src/stm32h7xx_hal_pcd.o
                0x0000000008002128                HAL_PCD_EP_SetStall
 .text.HAL_PCD_EP_ClrStall
                0x00000000080021f0       0xac ./Drivers/STM32H7xx_HAL_Driver/Src/stm32h7xx_hal_pcd.o
                0x00000000080021f0                HAL_PCD_EP_ClrStall
 .text.HAL_PCD_EP_Abort
                0x000000000800229c       0x62 ./Drivers/STM32H7xx_HAL_Driver/Src/stm32h7xx_hal_pcd.o
                0x000000000800229c                HAL_PCD_EP_Abort
 .text.PCD_WriteEmptyTxFifo
                0x00000000080022fe      0x11a ./Drivers/STM32H7xx_HAL_Driver/Src/stm32h7xx_hal_pcd.o
 .text.PCD_EP_OutXfrComplete_int
                0x0000000008002418      0x1d0 ./Drivers/STM32H7xx_HAL_Driver/Src/stm32h7xx_hal_pcd.o
 .text.PCD_EP_OutSetupPacket_int
                0x00000000080025e8       0x8c ./Drivers/STM32H7xx_HAL_Driver/Src/stm32h7xx_hal_pcd.o
 .text.HAL_PCDEx_SetTxFiFo
                0x0000000008002674       0x8e ./Drivers/STM32H7xx_HAL_Driver/Src/stm32h7xx_hal_pcd_ex.o
                0x0000000008002674                HAL_PCDEx_SetTxFiFo
 .text.HAL_PCDEx_SetRxFiFo
                0x0000000008002702       0x22 ./Drivers/STM32H7xx_HAL_Driver/Src/stm32h7xx_hal_pcd_ex.o
                0x0000000008002702                HAL_PCDEx_SetRxFiFo
 .text.HAL_PCDEx_ActivateLPM
                0x0000000008002724       0x48 ./Drivers/STM32H7xx_HAL_Driver/Src/stm32h7xx_hal_pcd_ex.o
                0x0000000008002724                HAL_PCDEx_ActivateLPM
 .text.HAL_PCDEx_LPM_Callback
                0x000000000800276c       0x18 ./Drivers/STM32H7xx_HAL_Driver/Src/stm32h7xx_hal_pcd_ex.o
                0x000000000800276c                HAL_PCDEx_LPM_Callback
 .text.HAL_PWREx_ConfigSupply
                0x0000000008002784       0x74 ./Drivers/STM32H7xx_HAL_Driver/Src/stm32h7xx_hal_pwr_ex.o
                0x0000000008002784                HAL_PWREx_ConfigSupply
 .text.HAL_PWREx_EnableUSBVoltageDetector
                0x00000000080027f8       0x20 ./Drivers/STM32H7xx_HAL_Driver/Src/stm32h7xx_hal_pwr_ex.o
                0x00000000080027f8                HAL_PWREx_EnableUSBVoltageDetector
 .text.HAL_RCC_OscConfig
                0x0000000008002818      0x75c ./Drivers/STM32H7xx_HAL_Driver/Src/stm32h7xx_hal_rcc.o
                0x0000000008002818                HAL_RCC_OscConfig
 .text.HAL_RCC_ClockConfig
                0x0000000008002f74      0x36c ./Drivers/STM32H7xx_HAL_Driver/Src/stm32h7xx_hal_rcc.o
                0x0000000008002f74                HAL_RCC_ClockConfig
 .text.HAL_RCC_GetSysClockFreq
                0x00000000080032e0      0x2f4 ./Drivers/STM32H7xx_HAL_Driver/Src/stm32h7xx_hal_rcc.o
                0x00000000080032e0                HAL_RCC_GetSysClockFreq
 .text.HAL_RCC_GetHCLKFreq
                0x00000000080035d4       0x60 ./Drivers/STM32H7xx_HAL_Driver/Src/stm32h7xx_hal_rcc.o
                0x00000000080035d4                HAL_RCC_GetHCLKFreq
 .text.HAL_RCCEx_PeriphCLKConfig
                0x0000000008003634      0xdf4 ./Drivers/STM32H7xx_HAL_Driver/Src/stm32h7xx_hal_rcc_ex.o
                0x0000000008003634                HAL_RCCEx_PeriphCLKConfig
 .text.RCCEx_PLL2_Config
                0x0000000008004428      0x164 ./Drivers/STM32H7xx_HAL_Driver/Src/stm32h7xx_hal_rcc_ex.o
 .text.RCCEx_PLL3_Config
                0x000000000800458c      0x164 ./Drivers/STM32H7xx_HAL_Driver/Src/stm32h7xx_hal_rcc_ex.o
 .text.USB_CoreInit
                0x00000000080046f0       0xdc ./Drivers/STM32H7xx_HAL_Driver/Src/stm32h7xx_ll_usb.o
                0x00000000080046f0                USB_CoreInit
 .text.USB_SetTurnaroundTime
                0x00000000080047cc      0x144 ./Drivers/STM32H7xx_HAL_Driver/Src/stm32h7xx_ll_usb.o
                0x00000000080047cc                USB_SetTurnaroundTime
 .text.USB_EnableGlobalInt
                0x0000000008004910       0x22 ./Drivers/STM32H7xx_HAL_Driver/Src/stm32h7xx_ll_usb.o
                0x0000000008004910                USB_EnableGlobalInt
 .text.USB_DisableGlobalInt
                0x0000000008004932       0x22 ./Drivers/STM32H7xx_HAL_Driver/Src/stm32h7xx_ll_usb.o
                0x0000000008004932                USB_DisableGlobalInt
 .text.USB_SetCurrentMode
                0x0000000008004954       0x98 ./Drivers/STM32H7xx_HAL_Driver/Src/stm32h7xx_ll_usb.o
                0x0000000008004954                USB_SetCurrentMode
 .text.USB_DevInit
                0x00000000080049ec      0x2bc ./Drivers/STM32H7xx_HAL_Driver/Src/stm32h7xx_ll_usb.o
                0x00000000080049ec                USB_DevInit
 .text.USB_FlushTxFifo
                0x0000000008004ca8       0x68 ./Drivers/STM32H7xx_HAL_Driver/Src/stm32h7xx_ll_usb.o
                0x0000000008004ca8                USB_FlushTxFifo
 .text.USB_FlushRxFifo
                0x0000000008004d10       0x60 ./Drivers/STM32H7xx_HAL_Driver/Src/stm32h7xx_ll_usb.o
                0x0000000008004d10                USB_FlushRxFifo
 .text.USB_SetDevSpeed
                0x0000000008004d70       0x32 ./Drivers/STM32H7xx_HAL_Driver/Src/stm32h7xx_ll_usb.o
                0x0000000008004d70                USB_SetDevSpeed
 .text.USB_GetDevSpeed
                0x0000000008004da2       0x4a ./Drivers/STM32H7xx_HAL_Driver/Src/stm32h7xx_ll_usb.o
                0x0000000008004da2                USB_GetDevSpeed
 .text.USB_ActivateEndpoint
                0x0000000008004dec      0x110 ./Drivers/STM32H7xx_HAL_Driver/Src/stm32h7xx_ll_usb.o
                0x0000000008004dec                USB_ActivateEndpoint
 .text.USB_DeactivateEndpoint
                0x0000000008004efc      0x1b8 ./Drivers/STM32H7xx_HAL_Driver/Src/stm32h7xx_ll_usb.o
                0x0000000008004efc                USB_DeactivateEndpoint
 .text.USB_EPStartXfer
                0x00000000080050b4      0x4a0 ./Drivers/STM32H7xx_HAL_Driver/Src/stm32h7xx_ll_usb.o
                0x00000000080050b4                USB_EPStartXfer
 .text.USB_EP0StartXfer
                0x0000000008005554      0x2b8 ./Drivers/STM32H7xx_HAL_Driver/Src/stm32h7xx_ll_usb.o
                0x0000000008005554                USB_EP0StartXfer
 .text.USB_EPStopXfer
                0x000000000800580c      0x154 ./Drivers/STM32H7xx_HAL_Driver/Src/stm32h7xx_ll_usb.o
                0x000000000800580c                USB_EPStopXfer
 .text.USB_WritePacket
                0x0000000008005960       0x7c ./Drivers/STM32H7xx_HAL_Driver/Src/stm32h7xx_ll_usb.o
                0x0000000008005960                USB_WritePacket
 .text.USB_ReadPacket
                0x00000000080059dc       0xb0 ./Drivers/STM32H7xx_HAL_Driver/Src/stm32h7xx_ll_usb.o
                0x00000000080059dc                USB_ReadPacket
 .text.USB_EPSetStall
                0x0000000008005a8c       0xdc ./Drivers/STM32H7xx_HAL_Driver/Src/stm32h7xx_ll_usb.o
                0x0000000008005a8c                USB_EPSetStall
 .text.USB_EPClearStall
                0x0000000008005b68       0xcc ./Drivers/STM32H7xx_HAL_Driver/Src/stm32h7xx_ll_usb.o
                0x0000000008005b68                USB_EPClearStall
 .text.USB_SetDevAddress
                0x0000000008005c34       0x4c ./Drivers/STM32H7xx_HAL_Driver/Src/stm32h7xx_ll_usb.o
                0x0000000008005c34                USB_SetDevAddress
 .text.USB_DevConnect
                0x0000000008005c80       0x42 ./Drivers/STM32H7xx_HAL_Driver/Src/stm32h7xx_ll_usb.o
                0x0000000008005c80                USB_DevConnect
 .text.USB_DevDisconnect
                0x0000000008005cc2       0x42 ./Drivers/STM32H7xx_HAL_Driver/Src/stm32h7xx_ll_usb.o
                0x0000000008005cc2                USB_DevDisconnect
 .text.USB_ReadInterrupts
                0x0000000008005d04       0x26 ./Drivers/STM32H7xx_HAL_Driver/Src/stm32h7xx_ll_usb.o
                0x0000000008005d04                USB_ReadInterrupts
 .text.USB_ReadDevAllOutEpInterrupt
                0x0000000008005d2a       0x34 ./Drivers/STM32H7xx_HAL_Driver/Src/stm32h7xx_ll_usb.o
                0x0000000008005d2a                USB_ReadDevAllOutEpInterrupt
 .text.USB_ReadDevAllInEpInterrupt
                0x0000000008005d5e       0x34 ./Drivers/STM32H7xx_HAL_Driver/Src/stm32h7xx_ll_usb.o
                0x0000000008005d5e                USB_ReadDevAllInEpInterrupt
 .text.USB_ReadDevOutEPInterrupt
                0x0000000008005d92       0x3c ./Drivers/STM32H7xx_HAL_Driver/Src/stm32h7xx_ll_usb.o
                0x0000000008005d92                USB_ReadDevOutEPInterrupt
 .text.USB_ReadDevInEPInterrupt
                0x0000000008005dce       0x5c ./Drivers/STM32H7xx_HAL_Driver/Src/stm32h7xx_ll_usb.o
                0x0000000008005dce                USB_ReadDevInEPInterrupt
 .text.USB_GetMode
                0x0000000008005e2a       0x1c ./Drivers/STM32H7xx_HAL_Driver/Src/stm32h7xx_ll_usb.o
                0x0000000008005e2a                USB_GetMode
 *fill*         0x0000000008005e46        0x2 
 .text.USB_ActivateSetup
                0x0000000008005e48       0x48 ./Drivers/STM32H7xx_HAL_Driver/Src/stm32h7xx_ll_usb.o
                0x0000000008005e48                USB_ActivateSetup
 .text.USB_EP0_OutStart
                0x0000000008005e90       0xbc ./Drivers/STM32H7xx_HAL_Driver/Src/stm32h7xx_ll_usb.o
                0x0000000008005e90                USB_EP0_OutStart
 .text.USB_CoreReset
                0x0000000008005f4c       0x68 ./Drivers/STM32H7xx_HAL_Driver/Src/stm32h7xx_ll_usb.o
 .text.USBD_CDC_Init
                0x0000000008005fb4      0x1f0 ./Middlewares/ST/STM32_USB_Device_Library/Class/CDC/Src/usbd_cdc.o
 .text.USBD_CDC_DeInit
                0x00000000080061a4      0x104 ./Middlewares/ST/STM32_USB_Device_Library/Class/CDC/Src/usbd_cdc.o
 .text.USBD_CDC_Setup
                0x00000000080062a8      0x1b8 ./Middlewares/ST/STM32_USB_Device_Library/Class/CDC/Src/usbd_cdc.o
 .text.USBD_CDC_DataIn
                0x0000000008006460       0xfe ./Middlewares/ST/STM32_USB_Device_Library/Class/CDC/Src/usbd_cdc.o
 .text.USBD_CDC_DataOut
                0x000000000800655e       0x70 ./Middlewares/ST/STM32_USB_Device_Library/Class/CDC/Src/usbd_cdc.o
 .text.USBD_CDC_EP0_RxReady
                0x00000000080065ce       0x76 ./Middlewares/ST/STM32_USB_Device_Library/Class/CDC/Src/usbd_cdc.o
 .text.USBD_CDC_GetFSCfgDesc
                0x0000000008006644       0x70 ./Middlewares/ST/STM32_USB_Device_Library/Class/CDC/Src/usbd_cdc.o
 .text.USBD_CDC_GetHSCfgDesc
                0x00000000080066b4       0x70 ./Middlewares/ST/STM32_USB_Device_Library/Class/CDC/Src/usbd_cdc.o
 .text.USBD_CDC_GetOtherSpeedCfgDesc
                0x0000000008006724       0x70 ./Middlewares/ST/STM32_USB_Device_Library/Class/CDC/Src/usbd_cdc.o
 .text.USBD_CDC_GetDeviceQualifierDescriptor
                0x0000000008006794       0x20 ./Middlewares/ST/STM32_USB_Device_Library/Class/CDC/Src/usbd_cdc.o
                0x0000000008006794                USBD_CDC_GetDeviceQualifierDescriptor
 .text.USBD_CDC_RegisterInterface
                0x00000000080067b4       0x34 ./Middlewares/ST/STM32_USB_Device_Library/Class/CDC/Src/usbd_cdc.o
                0x00000000080067b4                USBD_CDC_RegisterInterface
 .text.USBD_CDC_SetTxBuffer
                0x00000000080067e8       0x44 ./Middlewares/ST/STM32_USB_Device_Library/Class/CDC/Src/usbd_cdc.o
                0x00000000080067e8                USBD_CDC_SetTxBuffer
 .text.USBD_CDC_SetRxBuffer
                0x000000000800682c       0x3a ./Middlewares/ST/STM32_USB_Device_Library/Class/CDC/Src/usbd_cdc.o
                0x000000000800682c                USBD_CDC_SetRxBuffer
 *fill*         0x0000000008006866        0x2 
 .text.USBD_CDC_TransmitPacket
                0x0000000008006868       0x8c ./Middlewares/ST/STM32_USB_Device_Library/Class/CDC/Src/usbd_cdc.o
                0x0000000008006868                USBD_CDC_TransmitPacket
 .text.USBD_CDC_ReceivePacket
                0x00000000080068f4       0x6c ./Middlewares/ST/STM32_USB_Device_Library/Class/CDC/Src/usbd_cdc.o
                0x00000000080068f4                USBD_CDC_ReceivePacket
 .text.USBD_Init
                0x0000000008006960       0x60 ./Middlewares/ST/STM32_USB_Device_Library/Core/Src/usbd_core.o
                0x0000000008006960                USBD_Init
 .text.USBD_RegisterClass
                0x00000000080069c0       0x6c ./Middlewares/ST/STM32_USB_Device_Library/Core/Src/usbd_core.o
                0x00000000080069c0                USBD_RegisterClass
 .text.USBD_Start
                0x0000000008006a2c       0x18 ./Middlewares/ST/STM32_USB_Device_Library/Core/Src/usbd_core.o
                0x0000000008006a2c                USBD_Start
 .text.USBD_RunTestMode
                0x0000000008006a44       0x16 ./Middlewares/ST/STM32_USB_Device_Library/Core/Src/usbd_core.o
                0x0000000008006a44                USBD_RunTestMode
 .text.USBD_SetClassConfig
                0x0000000008006a5a       0x38 ./Middlewares/ST/STM32_USB_Device_Library/Core/Src/usbd_core.o
                0x0000000008006a5a                USBD_SetClassConfig
 .text.USBD_ClrClassConfig
                0x0000000008006a92       0x34 ./Middlewares/ST/STM32_USB_Device_Library/Core/Src/usbd_core.o
                0x0000000008006a92                USBD_ClrClassConfig
 .text.USBD_LL_SetupStage
                0x0000000008006ac6       0xaa ./Middlewares/ST/STM32_USB_Device_Library/Core/Src/usbd_core.o
                0x0000000008006ac6                USBD_LL_SetupStage
 .text.USBD_LL_DataOutStage
                0x0000000008006b70      0x166 ./Middlewares/ST/STM32_USB_Device_Library/Core/Src/usbd_core.o
                0x0000000008006b70                USBD_LL_DataOutStage
 .text.USBD_LL_DataInStage
                0x0000000008006cd6      0x164 ./Middlewares/ST/STM32_USB_Device_Library/Core/Src/usbd_core.o
                0x0000000008006cd6                USBD_LL_DataInStage
 .text.USBD_LL_Reset
                0x0000000008006e3a       0xa4 ./Middlewares/ST/STM32_USB_Device_Library/Core/Src/usbd_core.o
                0x0000000008006e3a                USBD_LL_Reset
 .text.USBD_LL_SetSpeed
                0x0000000008006ede       0x20 ./Middlewares/ST/STM32_USB_Device_Library/Core/Src/usbd_core.o
                0x0000000008006ede                USBD_LL_SetSpeed
 .text.USBD_LL_Suspend
                0x0000000008006efe       0x2c ./Middlewares/ST/STM32_USB_Device_Library/Core/Src/usbd_core.o
                0x0000000008006efe                USBD_LL_Suspend
 .text.USBD_LL_Resume
                0x0000000008006f2a       0x30 ./Middlewares/ST/STM32_USB_Device_Library/Core/Src/usbd_core.o
                0x0000000008006f2a                USBD_LL_Resume
 .text.USBD_LL_SOF
                0x0000000008006f5a       0x40 ./Middlewares/ST/STM32_USB_Device_Library/Core/Src/usbd_core.o
                0x0000000008006f5a                USBD_LL_SOF
 .text.USBD_LL_IsoINIncomplete
                0x0000000008006f9a       0x64 ./Middlewares/ST/STM32_USB_Device_Library/Core/Src/usbd_core.o
                0x0000000008006f9a                USBD_LL_IsoINIncomplete
 .text.USBD_LL_IsoOUTIncomplete
                0x0000000008006ffe       0x64 ./Middlewares/ST/STM32_USB_Device_Library/Core/Src/usbd_core.o
                0x0000000008006ffe                USBD_LL_IsoOUTIncomplete
 .text.USBD_LL_DevConnected
                0x0000000008007062       0x16 ./Middlewares/ST/STM32_USB_Device_Library/Core/Src/usbd_core.o
                0x0000000008007062                USBD_LL_DevConnected
 .text.USBD_LL_DevDisconnected
                0x0000000008007078       0x46 ./Middlewares/ST/STM32_USB_Device_Library/Core/Src/usbd_core.o
                0x0000000008007078                USBD_LL_DevDisconnected
 .text.USBD_CoreFindIF
                0x00000000080070be       0x1a ./Middlewares/ST/STM32_USB_Device_Library/Core/Src/usbd_core.o
                0x00000000080070be                USBD_CoreFindIF
 .text.USBD_CoreFindEP
                0x00000000080070d8       0x1a ./Middlewares/ST/STM32_USB_Device_Library/Core/Src/usbd_core.o
                0x00000000080070d8                USBD_CoreFindEP
 .text.USBD_GetEpDesc
                0x00000000080070f2       0x74 ./Middlewares/ST/STM32_USB_Device_Library/Core/Src/usbd_core.o
                0x00000000080070f2                USBD_GetEpDesc
 .text.USBD_GetNextDesc
                0x0000000008007166       0x3a ./Middlewares/ST/STM32_USB_Device_Library/Core/Src/usbd_core.o
                0x0000000008007166                USBD_GetNextDesc
 .text.SWAPBYTE
                0x00000000080071a0       0x3c ./Middlewares/ST/STM32_USB_Device_Library/Core/Src/usbd_ctlreq.o
 .text.USBD_StdDevReq
                0x00000000080071dc       0xe4 ./Middlewares/ST/STM32_USB_Device_Library/Core/Src/usbd_ctlreq.o
                0x00000000080071dc                USBD_StdDevReq
 .text.USBD_StdItfReq
                0x00000000080072c0       0xd8 ./Middlewares/ST/STM32_USB_Device_Library/Core/Src/usbd_ctlreq.o
                0x00000000080072c0                USBD_StdItfReq
 .text.USBD_StdEPReq
                0x0000000008007398      0x33a ./Middlewares/ST/STM32_USB_Device_Library/Core/Src/usbd_ctlreq.o
                0x0000000008007398                USBD_StdEPReq
 *fill*         0x00000000080076d2        0x2 
 .text.USBD_GetDescriptor
                0x00000000080076d4      0x2d4 ./Middlewares/ST/STM32_USB_Device_Library/Core/Src/usbd_ctlreq.o
 .text.USBD_SetAddress
                0x00000000080079a8       0x88 ./Middlewares/ST/STM32_USB_Device_Library/Core/Src/usbd_ctlreq.o
 .text.USBD_SetConfig
                0x0000000008007a30      0x154 ./Middlewares/ST/STM32_USB_Device_Library/Core/Src/usbd_ctlreq.o
 .text.USBD_GetConfig
                0x0000000008007b84       0x6c ./Middlewares/ST/STM32_USB_Device_Library/Core/Src/usbd_ctlreq.o
 .text.USBD_GetStatus
                0x0000000008007bf0       0x68 ./Middlewares/ST/STM32_USB_Device_Library/Core/Src/usbd_ctlreq.o
 .text.USBD_SetFeature
                0x0000000008007c58       0x52 ./Middlewares/ST/STM32_USB_Device_Library/Core/Src/usbd_ctlreq.o
 .text.USBD_ClrFeature
                0x0000000008007caa       0x44 ./Middlewares/ST/STM32_USB_Device_Library/Core/Src/usbd_ctlreq.o
 .text.USBD_ParseSetupRequest
                0x0000000008007cee       0x74 ./Middlewares/ST/STM32_USB_Device_Library/Core/Src/usbd_ctlreq.o
                0x0000000008007cee                USBD_ParseSetupRequest
 .text.USBD_CtlError
                0x0000000008007d62       0x22 ./Middlewares/ST/STM32_USB_Device_Library/Core/Src/usbd_ctlreq.o
                0x0000000008007d62                USBD_CtlError
 .text.USBD_GetString
                0x0000000008007d84       0x8c ./Middlewares/ST/STM32_USB_Device_Library/Core/Src/usbd_ctlreq.o
                0x0000000008007d84                USBD_GetString
 .text.USBD_GetLen
                0x0000000008007e10       0x34 ./Middlewares/ST/STM32_USB_Device_Library/Core/Src/usbd_ctlreq.o
 .text.USBD_CtlSendData
                0x0000000008007e44       0x36 ./Middlewares/ST/STM32_USB_Device_Library/Core/Src/usbd_ioreq.o
                0x0000000008007e44                USBD_CtlSendData
 .text.USBD_CtlContinueSendData
                0x0000000008007e7a       0x22 ./Middlewares/ST/STM32_USB_Device_Library/Core/Src/usbd_ioreq.o
                0x0000000008007e7a                USBD_CtlContinueSendData
 .text.USBD_CtlPrepareRx
                0x0000000008007e9c       0x3a ./Middlewares/ST/STM32_USB_Device_Library/Core/Src/usbd_ioreq.o
                0x0000000008007e9c                USBD_CtlPrepareRx
 .text.USBD_CtlContinueRx
                0x0000000008007ed6       0x22 ./Middlewares/ST/STM32_USB_Device_Library/Core/Src/usbd_ioreq.o
                0x0000000008007ed6                USBD_CtlContinueRx
 .text.USBD_CtlSendStatus
                0x0000000008007ef8       0x26 ./Middlewares/ST/STM32_USB_Device_Library/Core/Src/usbd_ioreq.o
                0x0000000008007ef8                USBD_CtlSendStatus
 .text.USBD_CtlReceiveStatus
                0x0000000008007f1e       0x26 ./Middlewares/ST/STM32_USB_Device_Library/Core/Src/usbd_ioreq.o
                0x0000000008007f1e                USBD_CtlReceiveStatus
 .text.MX_USB_DEVICE_Init
                0x0000000008007f44       0x64 ./USB_DEVICE/App/usb_device.o
                0x0000000008007f44                MX_USB_DEVICE_Init
 .text.CDC_Init_HS
                0x0000000008007fa8       0x28 ./USB_DEVICE/App/usbd_cdc_if.o
 .text.CDC_DeInit_HS
                0x0000000008007fd0       0x10 ./USB_DEVICE/App/usbd_cdc_if.o
 .text.CDC_Control_HS
                0x0000000008007fe0       0xbc ./USB_DEVICE/App/usbd_cdc_if.o
 .text.CDC_Receive_HS
                0x000000000800809c       0x54 ./USB_DEVICE/App/usbd_cdc_if.o
 .text.CDC_Transmit_HS
                0x00000000080080f0       0x4c ./USB_DEVICE/App/usbd_cdc_if.o
                0x00000000080080f0                CDC_Transmit_HS
 .text.CDC_TransmitCplt_HS
                0x000000000800813c       0x22 ./USB_DEVICE/App/usbd_cdc_if.o
 *fill*         0x000000000800815e        0x2 
 .text.USBD_HS_DeviceDescriptor
                0x0000000008008160       0x24 ./USB_DEVICE/App/usbd_desc.o
                0x0000000008008160                USBD_HS_DeviceDescriptor
 .text.USBD_HS_LangIDStrDescriptor
                0x0000000008008184       0x24 ./USB_DEVICE/App/usbd_desc.o
                0x0000000008008184                USBD_HS_LangIDStrDescriptor
 .text.USBD_HS_ProductStrDescriptor
                0x00000000080081a8       0x3c ./USB_DEVICE/App/usbd_desc.o
                0x00000000080081a8                USBD_HS_ProductStrDescriptor
 .text.USBD_HS_ManufacturerStrDescriptor
                0x00000000080081e4       0x28 ./USB_DEVICE/App/usbd_desc.o
                0x00000000080081e4                USBD_HS_ManufacturerStrDescriptor
 .text.USBD_HS_SerialStrDescriptor
                0x000000000800820c       0x24 ./USB_DEVICE/App/usbd_desc.o
                0x000000000800820c                USBD_HS_SerialStrDescriptor
 .text.USBD_HS_ConfigStrDescriptor
                0x0000000008008230       0x3c ./USB_DEVICE/App/usbd_desc.o
                0x0000000008008230                USBD_HS_ConfigStrDescriptor
 .text.USBD_HS_InterfaceStrDescriptor
                0x000000000800826c       0x3c ./USB_DEVICE/App/usbd_desc.o
                0x000000000800826c                USBD_HS_InterfaceStrDescriptor
 .text.Get_SerialNum
                0x00000000080082a8       0x58 ./USB_DEVICE/App/usbd_desc.o
 .text.IntToUnicode
                0x0000000008008300       0x7e ./USB_DEVICE/App/usbd_desc.o
 *fill*         0x000000000800837e        0x2 
 .text.HAL_PCD_MspInit
                0x0000000008008380       0x84 ./USB_DEVICE/Target/usbd_conf.o
                0x0000000008008380                HAL_PCD_MspInit
 .text.HAL_PCD_SetupStageCallback
                0x0000000008008404       0x24 ./USB_DEVICE/Target/usbd_conf.o
                0x0000000008008404                HAL_PCD_SetupStageCallback
 .text.HAL_PCD_DataOutStageCallback
                0x0000000008008428       0x36 ./USB_DEVICE/Target/usbd_conf.o
                0x0000000008008428                HAL_PCD_DataOutStageCallback
 .text.HAL_PCD_DataInStageCallback
                0x000000000800845e       0x34 ./USB_DEVICE/Target/usbd_conf.o
                0x000000000800845e                HAL_PCD_DataInStageCallback
 .text.HAL_PCD_SOFCallback
                0x0000000008008492       0x1c ./USB_DEVICE/Target/usbd_conf.o
                0x0000000008008492                HAL_PCD_SOFCallback
 .text.HAL_PCD_ResetCallback
                0x00000000080084ae       0x50 ./USB_DEVICE/Target/usbd_conf.o
                0x00000000080084ae                HAL_PCD_ResetCallback
 *fill*         0x00000000080084fe        0x2 
 .text.HAL_PCD_SuspendCallback
                0x0000000008008500       0x4c ./USB_DEVICE/Target/usbd_conf.o
                0x0000000008008500                HAL_PCD_SuspendCallback
 .text.HAL_PCD_ResumeCallback
                0x000000000800854c       0x1c ./USB_DEVICE/Target/usbd_conf.o
                0x000000000800854c                HAL_PCD_ResumeCallback
 .text.HAL_PCD_ISOOUTIncompleteCallback
                0x0000000008008568       0x24 ./USB_DEVICE/Target/usbd_conf.o
                0x0000000008008568                HAL_PCD_ISOOUTIncompleteCallback
 .text.HAL_PCD_ISOINIncompleteCallback
                0x000000000800858c       0x24 ./USB_DEVICE/Target/usbd_conf.o
                0x000000000800858c                HAL_PCD_ISOINIncompleteCallback
 .text.HAL_PCD_ConnectCallback
                0x00000000080085b0       0x1c ./USB_DEVICE/Target/usbd_conf.o
                0x00000000080085b0                HAL_PCD_ConnectCallback
 .text.HAL_PCD_DisconnectCallback
                0x00000000080085cc       0x1c ./USB_DEVICE/Target/usbd_conf.o
                0x00000000080085cc                HAL_PCD_DisconnectCallback
 .text.USBD_LL_Init
                0x00000000080085e8       0xa4 ./USB_DEVICE/Target/usbd_conf.o
                0x00000000080085e8                USBD_LL_Init
 .text.USBD_LL_Start
                0x000000000800868c       0x36 ./USB_DEVICE/Target/usbd_conf.o
                0x000000000800868c                USBD_LL_Start
 .text.USBD_LL_OpenEP
                0x00000000080086c2       0x4c ./USB_DEVICE/Target/usbd_conf.o
                0x00000000080086c2                USBD_LL_OpenEP
 .text.USBD_LL_CloseEP
                0x000000000800870e       0x3e ./USB_DEVICE/Target/usbd_conf.o
                0x000000000800870e                USBD_LL_CloseEP
 .text.USBD_LL_StallEP
                0x000000000800874c       0x3e ./USB_DEVICE/Target/usbd_conf.o
                0x000000000800874c                USBD_LL_StallEP
 .text.USBD_LL_ClearStallEP
                0x000000000800878a       0x3e ./USB_DEVICE/Target/usbd_conf.o
                0x000000000800878a                USBD_LL_ClearStallEP
 .text.USBD_LL_IsStallEP
                0x00000000080087c8       0x58 ./USB_DEVICE/Target/usbd_conf.o
                0x00000000080087c8                USBD_LL_IsStallEP
 .text.USBD_LL_SetUSBAddress
                0x0000000008008820       0x3e ./USB_DEVICE/Target/usbd_conf.o
                0x0000000008008820                USBD_LL_SetUSBAddress
 .text.USBD_LL_Transmit
                0x000000000800885e       0x42 ./USB_DEVICE/Target/usbd_conf.o
                0x000000000800885e                USBD_LL_Transmit
 .text.USBD_LL_PrepareReceive
                0x00000000080088a0       0x42 ./USB_DEVICE/Target/usbd_conf.o
                0x00000000080088a0                USBD_LL_PrepareReceive
 .text.USBD_LL_GetRxDataSize
                0x00000000080088e2       0x26 ./USB_DEVICE/Target/usbd_conf.o
                0x00000000080088e2                USBD_LL_GetRxDataSize
 .text.USBD_static_malloc
                0x0000000008008908       0x1c ./USB_DEVICE/Target/usbd_conf.o
                0x0000000008008908                USBD_static_malloc
 .text.USBD_static_free
                0x0000000008008924       0x14 ./USB_DEVICE/Target/usbd_conf.o
                0x0000000008008924                USBD_static_free
 .text.USBD_Get_USB_Status
                0x0000000008008938       0x58 ./USB_DEVICE/Target/usbd_conf.o
                0x0000000008008938                USBD_Get_USB_Status
 .text.__errno  0x0000000008008990        0xc /Applications/STM32CubeIDE.app/Contents/Eclipse/plugins/com.st.stm32cube.ide.mcu.externaltools.gnu-tools-for-stm32.10.3-2021.10.macos64_1.0.0.202111181127/tools/bin/../lib/gcc/arm-none-eabi/10.3.1/../../../../arm-none-eabi/lib/thumb/v7e-m+dp/hard/libc_nano.a(lib_a-errno.o)
                0x0000000008008990                __errno
 .text.__libc_init_array
                0x000000000800899c       0x48 /Applications/STM32CubeIDE.app/Contents/Eclipse/plugins/com.st.stm32cube.ide.mcu.externaltools.gnu-tools-for-stm32.10.3-2021.10.macos64_1.0.0.202111181127/tools/bin/../lib/gcc/arm-none-eabi/10.3.1/../../../../arm-none-eabi/lib/thumb/v7e-m+dp/hard/libc_nano.a(lib_a-init.o)
                0x000000000800899c                __libc_init_array
 .text.memcpy   0x00000000080089e4       0x1c /Applications/STM32CubeIDE.app/Contents/Eclipse/plugins/com.st.stm32cube.ide.mcu.externaltools.gnu-tools-for-stm32.10.3-2021.10.macos64_1.0.0.202111181127/tools/bin/../lib/gcc/arm-none-eabi/10.3.1/../../../../arm-none-eabi/lib/thumb/v7e-m+dp/hard/libc_nano.a(lib_a-memcpy-stub.o)
                0x00000000080089e4                memcpy
 .text.memset   0x0000000008008a00       0x10 /Applications/STM32CubeIDE.app/Contents/Eclipse/plugins/com.st.stm32cube.ide.mcu.externaltools.gnu-tools-for-stm32.10.3-2021.10.macos64_1.0.0.202111181127/tools/bin/../lib/gcc/arm-none-eabi/10.3.1/../../../../arm-none-eabi/lib/thumb/v7e-m+dp/hard/libc_nano.a(lib_a-memset.o)
                0x0000000008008a00                memset
 .text.sprintf  0x0000000008008a10       0x40 /Applications/STM32CubeIDE.app/Contents/Eclipse/plugins/com.st.stm32cube.ide.mcu.externaltools.gnu-tools-for-stm32.10.3-2021.10.macos64_1.0.0.202111181127/tools/bin/../lib/gcc/arm-none-eabi/10.3.1/../../../../arm-none-eabi/lib/thumb/v7e-m+dp/hard/libc_nano.a(lib_a-sprintf.o)
                0x0000000008008a10                sprintf
                0x0000000008008a10                siprintf
 .text.strtok   0x0000000008008a50       0x68 /Applications/STM32CubeIDE.app/Contents/Eclipse/plugins/com.st.stm32cube.ide.mcu.externaltools.gnu-tools-for-stm32.10.3-2021.10.macos64_1.0.0.202111181127/tools/bin/../lib/gcc/arm-none-eabi/10.3.1/../../../../arm-none-eabi/lib/thumb/v7e-m+dp/hard/libc_nano.a(lib_a-strtok.o)
                0x0000000008008a50                strtok
 .text.__strtok_r
                0x0000000008008ab8       0x50 /Applications/STM32CubeIDE.app/Contents/Eclipse/plugins/com.st.stm32cube.ide.mcu.externaltools.gnu-tools-for-stm32.10.3-2021.10.macos64_1.0.0.202111181127/tools/bin/../lib/gcc/arm-none-eabi/10.3.1/../../../../arm-none-eabi/lib/thumb/v7e-m+dp/hard/libc_nano.a(lib_a-strtok_r.o)
                0x0000000008008ab8                __strtok_r
 .text.__assert_func
                0x0000000008008b08       0x3c /Applications/STM32CubeIDE.app/Contents/Eclipse/plugins/com.st.stm32cube.ide.mcu.externaltools.gnu-tools-for-stm32.10.3-2021.10.macos64_1.0.0.202111181127/tools/bin/../lib/gcc/arm-none-eabi/10.3.1/../../../../arm-none-eabi/lib/thumb/v7e-m+dp/hard/libc_nano.a(lib_a-assert.o)
                0x0000000008008b08                __assert_func
 .text.fprintf  0x0000000008008b44       0x24 /Applications/STM32CubeIDE.app/Contents/Eclipse/plugins/com.st.stm32cube.ide.mcu.externaltools.gnu-tools-for-stm32.10.3-2021.10.macos64_1.0.0.202111181127/tools/bin/../lib/gcc/arm-none-eabi/10.3.1/../../../../arm-none-eabi/lib/thumb/v7e-m+dp/hard/libc_nano.a(lib_a-fprintf.o)
                0x0000000008008b44                fprintf
                0x0000000008008b44                fiprintf
 .text.malloc   0x0000000008008b68       0x10 /Applications/STM32CubeIDE.app/Contents/Eclipse/plugins/com.st.stm32cube.ide.mcu.externaltools.gnu-tools-for-stm32.10.3-2021.10.macos64_1.0.0.202111181127/tools/bin/../lib/gcc/arm-none-eabi/10.3.1/../../../../arm-none-eabi/lib/thumb/v7e-m+dp/hard/libc_nano.a(lib_a-malloc.o)
                0x0000000008008b68                malloc
 .text._free_r  0x0000000008008b78       0x98 /Applications/STM32CubeIDE.app/Contents/Eclipse/plugins/com.st.stm32cube.ide.mcu.externaltools.gnu-tools-for-stm32.10.3-2021.10.macos64_1.0.0.202111181127/tools/bin/../lib/gcc/arm-none-eabi/10.3.1/../../../../arm-none-eabi/lib/thumb/v7e-m+dp/hard/libc_nano.a(lib_a-nano-freer.o)
                0x0000000008008b78                _free_r
 .text.sbrk_aligned
                0x0000000008008c10       0x40 /Applications/STM32CubeIDE.app/Contents/Eclipse/plugins/com.st.stm32cube.ide.mcu.externaltools.gnu-tools-for-stm32.10.3-2021.10.macos64_1.0.0.202111181127/tools/bin/../lib/gcc/arm-none-eabi/10.3.1/../../../../arm-none-eabi/lib/thumb/v7e-m+dp/hard/libc_nano.a(lib_a-nano-mallocr.o)
 .text._malloc_r
                0x0000000008008c50       0xe8 /Applications/STM32CubeIDE.app/Contents/Eclipse/plugins/com.st.stm32cube.ide.mcu.externaltools.gnu-tools-for-stm32.10.3-2021.10.macos64_1.0.0.202111181127/tools/bin/../lib/gcc/arm-none-eabi/10.3.1/../../../../arm-none-eabi/lib/thumb/v7e-m+dp/hard/libc_nano.a(lib_a-nano-mallocr.o)
                0x0000000008008c50                _malloc_r
 .text.__ssputs_r
                0x0000000008008d38       0xb6 /Applications/STM32CubeIDE.app/Contents/Eclipse/plugins/com.st.stm32cube.ide.mcu.externaltools.gnu-tools-for-stm32.10.3-2021.10.macos64_1.0.0.202111181127/tools/bin/../lib/gcc/arm-none-eabi/10.3.1/../../../../arm-none-eabi/lib/thumb/v7e-m+dp/hard/libc_nano.a(lib_a-nano-svfprintf.o)
                0x0000000008008d38                __ssputs_r
 *fill*         0x0000000008008dee        0x2 
 .text._svfprintf_r
                0x0000000008008df0      0x200 /Applications/STM32CubeIDE.app/Contents/Eclipse/plugins/com.st.stm32cube.ide.mcu.externaltools.gnu-tools-for-stm32.10.3-2021.10.macos64_1.0.0.202111181127/tools/bin/../lib/gcc/arm-none-eabi/10.3.1/../../../../arm-none-eabi/lib/thumb/v7e-m+dp/hard/libc_nano.a(lib_a-nano-svfprintf.o)
                0x0000000008008df0                _svfprintf_r
                0x0000000008008df0                _svfiprintf_r
 .text.__sfputc_r
                0x0000000008008ff0       0x2e /Applications/STM32CubeIDE.app/Contents/Eclipse/plugins/com.st.stm32cube.ide.mcu.externaltools.gnu-tools-for-stm32.10.3-2021.10.macos64_1.0.0.202111181127/tools/bin/../lib/gcc/arm-none-eabi/10.3.1/../../../../arm-none-eabi/lib/thumb/v7e-m+dp/hard/libc_nano.a(lib_a-nano-vfprintf.o)
 .text.__sfputs_r
                0x000000000800901e       0x24 /Applications/STM32CubeIDE.app/Contents/Eclipse/plugins/com.st.stm32cube.ide.mcu.externaltools.gnu-tools-for-stm32.10.3-2021.10.macos64_1.0.0.202111181127/tools/bin/../lib/gcc/arm-none-eabi/10.3.1/../../../../arm-none-eabi/lib/thumb/v7e-m+dp/hard/libc_nano.a(lib_a-nano-vfprintf.o)
                0x000000000800901e                __sfputs_r
 *fill*         0x0000000008009042        0x2 
 .text._vfprintf_r
                0x0000000008009044      0x260 /Applications/STM32CubeIDE.app/Contents/Eclipse/plugins/com.st.stm32cube.ide.mcu.externaltools.gnu-tools-for-stm32.10.3-2021.10.macos64_1.0.0.202111181127/tools/bin/../lib/gcc/arm-none-eabi/10.3.1/../../../../arm-none-eabi/lib/thumb/v7e-m+dp/hard/libc_nano.a(lib_a-nano-vfprintf.o)
                0x0000000008009044                _vfiprintf_r
                0x0000000008009044                _vfprintf_r
 .text._printf_common
                0x00000000080092a4       0xda /Applications/STM32CubeIDE.app/Contents/Eclipse/plugins/com.st.stm32cube.ide.mcu.externaltools.gnu-tools-for-stm32.10.3-2021.10.macos64_1.0.0.202111181127/tools/bin/../lib/gcc/arm-none-eabi/10.3.1/../../../../arm-none-eabi/lib/thumb/v7e-m+dp/hard/libc_nano.a(lib_a-nano-vfprintf_i.o)
                0x00000000080092a4                _printf_common
 *fill*         0x000000000800937e        0x2 
 .text._printf_i
                0x0000000008009380      0x24c /Applications/STM32CubeIDE.app/Contents/Eclipse/plugins/com.st.stm32cube.ide.mcu.externaltools.gnu-tools-for-stm32.10.3-2021.10.macos64_1.0.0.202111181127/tools/bin/../lib/gcc/arm-none-eabi/10.3.1/../../../../arm-none-eabi/lib/thumb/v7e-m+dp/hard/libc_nano.a(lib_a-nano-vfprintf_i.o)
                0x0000000008009380                _printf_i
 .text._sbrk_r  0x00000000080095cc       0x20 /Applications/STM32CubeIDE.app/Contents/Eclipse/plugins/com.st.stm32cube.ide.mcu.externaltools.gnu-tools-for-stm32.10.3-2021.10.macos64_1.0.0.202111181127/tools/bin/../lib/gcc/arm-none-eabi/10.3.1/../../../../arm-none-eabi/lib/thumb/v7e-m+dp/hard/libc_nano.a(lib_a-sbrkr.o)
                0x00000000080095cc                _sbrk_r
 .text.__swbuf_r
                0x00000000080095ec       0xa4 /Applications/STM32CubeIDE.app/Contents/Eclipse/plugins/com.st.stm32cube.ide.mcu.externaltools.gnu-tools-for-stm32.10.3-2021.10.macos64_1.0.0.202111181127/tools/bin/../lib/gcc/arm-none-eabi/10.3.1/../../../../arm-none-eabi/lib/thumb/v7e-m+dp/hard/libc_nano.a(lib_a-wbuf.o)
                0x00000000080095ec                __swbuf_r
 .text.__swsetup_r
                0x0000000008009690       0xdc /Applications/STM32CubeIDE.app/Contents/Eclipse/plugins/com.st.stm32cube.ide.mcu.externaltools.gnu-tools-for-stm32.10.3-2021.10.macos64_1.0.0.202111181127/tools/bin/../lib/gcc/arm-none-eabi/10.3.1/../../../../arm-none-eabi/lib/thumb/v7e-m+dp/hard/libc_nano.a(lib_a-wsetup.o)
                0x0000000008009690                __swsetup_r
 .text.abort    0x000000000800976c        0xe /Applications/STM32CubeIDE.app/Contents/Eclipse/plugins/com.st.stm32cube.ide.mcu.externaltools.gnu-tools-for-stm32.10.3-2021.10.macos64_1.0.0.202111181127/tools/bin/../lib/gcc/arm-none-eabi/10.3.1/../../../../arm-none-eabi/lib/thumb/v7e-m+dp/hard/libc_nano.a(lib_a-abort.o)
                0x000000000800976c                abort
 *fill*         0x000000000800977a        0x2 
 .text.__sflush_r
                0x000000000800977c      0x10c /Applications/STM32CubeIDE.app/Contents/Eclipse/plugins/com.st.stm32cube.ide.mcu.externaltools.gnu-tools-for-stm32.10.3-2021.10.macos64_1.0.0.202111181127/tools/bin/../lib/gcc/arm-none-eabi/10.3.1/../../../../arm-none-eabi/lib/thumb/v7e-m+dp/hard/libc_nano.a(lib_a-fflush.o)
                0x000000000800977c                __sflush_r
 .text._fflush_r
                0x0000000008009888       0x78 /Applications/STM32CubeIDE.app/Contents/Eclipse/plugins/com.st.stm32cube.ide.mcu.externaltools.gnu-tools-for-stm32.10.3-2021.10.macos64_1.0.0.202111181127/tools/bin/../lib/gcc/arm-none-eabi/10.3.1/../../../../arm-none-eabi/lib/thumb/v7e-m+dp/hard/libc_nano.a(lib_a-fflush.o)
                0x0000000008009888                _fflush_r
 .text.std      0x0000000008009900       0x48 /Applications/STM32CubeIDE.app/Contents/Eclipse/plugins/com.st.stm32cube.ide.mcu.externaltools.gnu-tools-for-stm32.10.3-2021.10.macos64_1.0.0.202111181127/tools/bin/../lib/gcc/arm-none-eabi/10.3.1/../../../../arm-none-eabi/lib/thumb/v7e-m+dp/hard/libc_nano.a(lib_a-findfp.o)
 .text._cleanup_r
                0x0000000008009948        0xc /Applications/STM32CubeIDE.app/Contents/Eclipse/plugins/com.st.stm32cube.ide.mcu.externaltools.gnu-tools-for-stm32.10.3-2021.10.macos64_1.0.0.202111181127/tools/bin/../lib/gcc/arm-none-eabi/10.3.1/../../../../arm-none-eabi/lib/thumb/v7e-m+dp/hard/libc_nano.a(lib_a-findfp.o)
                0x0000000008009948                _cleanup_r
 .text.__sfmoreglue
                0x0000000008009954       0x2c /Applications/STM32CubeIDE.app/Contents/Eclipse/plugins/com.st.stm32cube.ide.mcu.externaltools.gnu-tools-for-stm32.10.3-2021.10.macos64_1.0.0.202111181127/tools/bin/../lib/gcc/arm-none-eabi/10.3.1/../../../../arm-none-eabi/lib/thumb/v7e-m+dp/hard/libc_nano.a(lib_a-findfp.o)
                0x0000000008009954                __sfmoreglue
 .text.__sfp_lock_acquire
                0x0000000008009980        0xc /Applications/STM32CubeIDE.app/Contents/Eclipse/plugins/com.st.stm32cube.ide.mcu.externaltools.gnu-tools-for-stm32.10.3-2021.10.macos64_1.0.0.202111181127/tools/bin/../lib/gcc/arm-none-eabi/10.3.1/../../../../arm-none-eabi/lib/thumb/v7e-m+dp/hard/libc_nano.a(lib_a-findfp.o)
                0x0000000008009980                __sfp_lock_acquire
 .text.__sfp_lock_release
                0x000000000800998c        0xc /Applications/STM32CubeIDE.app/Contents/Eclipse/plugins/com.st.stm32cube.ide.mcu.externaltools.gnu-tools-for-stm32.10.3-2021.10.macos64_1.0.0.202111181127/tools/bin/../lib/gcc/arm-none-eabi/10.3.1/../../../../arm-none-eabi/lib/thumb/v7e-m+dp/hard/libc_nano.a(lib_a-findfp.o)
                0x000000000800998c                __sfp_lock_release
 .text.__sinit_lock_acquire
                0x0000000008009998        0xc /Applications/STM32CubeIDE.app/Contents/Eclipse/plugins/com.st.stm32cube.ide.mcu.externaltools.gnu-tools-for-stm32.10.3-2021.10.macos64_1.0.0.202111181127/tools/bin/../lib/gcc/arm-none-eabi/10.3.1/../../../../arm-none-eabi/lib/thumb/v7e-m+dp/hard/libc_nano.a(lib_a-findfp.o)
                0x0000000008009998                __sinit_lock_acquire
 .text.__sinit_lock_release
                0x00000000080099a4        0xc /Applications/STM32CubeIDE.app/Contents/Eclipse/plugins/com.st.stm32cube.ide.mcu.externaltools.gnu-tools-for-stm32.10.3-2021.10.macos64_1.0.0.202111181127/tools/bin/../lib/gcc/arm-none-eabi/10.3.1/../../../../arm-none-eabi/lib/thumb/v7e-m+dp/hard/libc_nano.a(lib_a-findfp.o)
                0x00000000080099a4                __sinit_lock_release
 .text.__sinit  0x00000000080099b0       0x70 /Applications/STM32CubeIDE.app/Contents/Eclipse/plugins/com.st.stm32cube.ide.mcu.externaltools.gnu-tools-for-stm32.10.3-2021.10.macos64_1.0.0.202111181127/tools/bin/../lib/gcc/arm-none-eabi/10.3.1/../../../../arm-none-eabi/lib/thumb/v7e-m+dp/hard/libc_nano.a(lib_a-findfp.o)
                0x00000000080099b0                __sinit
 .text.__sfp    0x0000000008009a20       0x8c /Applications/STM32CubeIDE.app/Contents/Eclipse/plugins/com.st.stm32cube.ide.mcu.externaltools.gnu-tools-for-stm32.10.3-2021.10.macos64_1.0.0.202111181127/tools/bin/../lib/gcc/arm-none-eabi/10.3.1/../../../../arm-none-eabi/lib/thumb/v7e-m+dp/hard/libc_nano.a(lib_a-findfp.o)
                0x0000000008009a20                __sfp
 .text._fwalk_reent
                0x0000000008009aac       0x3e /Applications/STM32CubeIDE.app/Contents/Eclipse/plugins/com.st.stm32cube.ide.mcu.externaltools.gnu-tools-for-stm32.10.3-2021.10.macos64_1.0.0.202111181127/tools/bin/../lib/gcc/arm-none-eabi/10.3.1/../../../../arm-none-eabi/lib/thumb/v7e-m+dp/hard/libc_nano.a(lib_a-fwalk.o)
                0x0000000008009aac                _fwalk_reent
 .text.__retarget_lock_init_recursive
                0x0000000008009aea        0x2 /Applications/STM32CubeIDE.app/Contents/Eclipse/plugins/com.st.stm32cube.ide.mcu.externaltools.gnu-tools-for-stm32.10.3-2021.10.macos64_1.0.0.202111181127/tools/bin/../lib/gcc/arm-none-eabi/10.3.1/../../../../arm-none-eabi/lib/thumb/v7e-m+dp/hard/libc_nano.a(lib_a-lock.o)
                0x0000000008009aea                __retarget_lock_init_recursive
 .text.__retarget_lock_acquire_recursive
                0x0000000008009aec        0x2 /Applications/STM32CubeIDE.app/Contents/Eclipse/plugins/com.st.stm32cube.ide.mcu.externaltools.gnu-tools-for-stm32.10.3-2021.10.macos64_1.0.0.202111181127/tools/bin/../lib/gcc/arm-none-eabi/10.3.1/../../../../arm-none-eabi/lib/thumb/v7e-m+dp/hard/libc_nano.a(lib_a-lock.o)
                0x0000000008009aec                __retarget_lock_acquire_recursive
 .text.__retarget_lock_release_recursive
                0x0000000008009aee        0x2 /Applications/STM32CubeIDE.app/Contents/Eclipse/plugins/com.st.stm32cube.ide.mcu.externaltools.gnu-tools-for-stm32.10.3-2021.10.macos64_1.0.0.202111181127/tools/bin/../lib/gcc/arm-none-eabi/10.3.1/../../../../arm-none-eabi/lib/thumb/v7e-m+dp/hard/libc_nano.a(lib_a-lock.o)
                0x0000000008009aee                __retarget_lock_release_recursive
 .text.__swhatbuf_r
                0x0000000008009af0       0x4a /Applications/STM32CubeIDE.app/Contents/Eclipse/plugins/com.st.stm32cube.ide.mcu.externaltools.gnu-tools-for-stm32.10.3-2021.10.macos64_1.0.0.202111181127/tools/bin/../lib/gcc/arm-none-eabi/10.3.1/../../../../arm-none-eabi/lib/thumb/v7e-m+dp/hard/libc_nano.a(lib_a-makebuf.o)
                0x0000000008009af0                __swhatbuf_r
 *fill*         0x0000000008009b3a        0x2 
 .text.__smakebuf_r
                0x0000000008009b3c       0x80 /Applications/STM32CubeIDE.app/Contents/Eclipse/plugins/com.st.stm32cube.ide.mcu.externaltools.gnu-tools-for-stm32.10.3-2021.10.macos64_1.0.0.202111181127/tools/bin/../lib/gcc/arm-none-eabi/10.3.1/../../../../arm-none-eabi/lib/thumb/v7e-m+dp/hard/libc_nano.a(lib_a-makebuf.o)
                0x0000000008009b3c                __smakebuf_r
 .text.memmove  0x0000000008009bbc       0x34 /Applications/STM32CubeIDE.app/Contents/Eclipse/plugins/com.st.stm32cube.ide.mcu.externaltools.gnu-tools-for-stm32.10.3-2021.10.macos64_1.0.0.202111181127/tools/bin/../lib/gcc/arm-none-eabi/10.3.1/../../../../arm-none-eabi/lib/thumb/v7e-m+dp/hard/libc_nano.a(lib_a-memmove.o)
                0x0000000008009bbc                memmove
 .text.__malloc_lock
                0x0000000008009bf0        0xc /Applications/STM32CubeIDE.app/Contents/Eclipse/plugins/com.st.stm32cube.ide.mcu.externaltools.gnu-tools-for-stm32.10.3-2021.10.macos64_1.0.0.202111181127/tools/bin/../lib/gcc/arm-none-eabi/10.3.1/../../../../arm-none-eabi/lib/thumb/v7e-m+dp/hard/libc_nano.a(lib_a-mlock.o)
                0x0000000008009bf0                __malloc_lock
 .text.__malloc_unlock
                0x0000000008009bfc        0xc /Applications/STM32CubeIDE.app/Contents/Eclipse/plugins/com.st.stm32cube.ide.mcu.externaltools.gnu-tools-for-stm32.10.3-2021.10.macos64_1.0.0.202111181127/tools/bin/../lib/gcc/arm-none-eabi/10.3.1/../../../../arm-none-eabi/lib/thumb/v7e-m+dp/hard/libc_nano.a(lib_a-mlock.o)
                0x0000000008009bfc                __malloc_unlock
 .text._realloc_r
                0x0000000008009c08       0x5e /Applications/STM32CubeIDE.app/Contents/Eclipse/plugins/com.st.stm32cube.ide.mcu.externaltools.gnu-tools-for-stm32.10.3-2021.10.macos64_1.0.0.202111181127/tools/bin/../lib/gcc/arm-none-eabi/10.3.1/../../../../arm-none-eabi/lib/thumb/v7e-m+dp/hard/libc_nano.a(lib_a-nano-reallocr.o)
                0x0000000008009c08                _realloc_r
 .text._raise_r
                0x0000000008009c66       0x50 /Applications/STM32CubeIDE.app/Contents/Eclipse/plugins/com.st.stm32cube.ide.mcu.externaltools.gnu-tools-for-stm32.10.3-2021.10.macos64_1.0.0.202111181127/tools/bin/../lib/gcc/arm-none-eabi/10.3.1/../../../../arm-none-eabi/lib/thumb/v7e-m+dp/hard/libc_nano.a(lib_a-signal.o)
                0x0000000008009c66                _raise_r
 *fill*         0x0000000008009cb6        0x2 
 .text.raise    0x0000000008009cb8       0x10 /Applications/STM32CubeIDE.app/Contents/Eclipse/plugins/com.st.stm32cube.ide.mcu.externaltools.gnu-tools-for-stm32.10.3-2021.10.macos64_1.0.0.202111181127/tools/bin/../lib/gcc/arm-none-eabi/10.3.1/../../../../arm-none-eabi/lib/thumb/v7e-m+dp/hard/libc_nano.a(lib_a-signal.o)
                0x0000000008009cb8                raise
 .text._kill_r  0x0000000008009cc8       0x24 /Applications/STM32CubeIDE.app/Contents/Eclipse/plugins/com.st.stm32cube.ide.mcu.externaltools.gnu-tools-for-stm32.10.3-2021.10.macos64_1.0.0.202111181127/tools/bin/../lib/gcc/arm-none-eabi/10.3.1/../../../../arm-none-eabi/lib/thumb/v7e-m+dp/hard/libc_nano.a(lib_a-signalr.o)
                0x0000000008009cc8                _kill_r
 .text._getpid_r
                0x0000000008009cec        0x4 /Applications/STM32CubeIDE.app/Contents/Eclipse/plugins/com.st.stm32cube.ide.mcu.externaltools.gnu-tools-for-stm32.10.3-2021.10.macos64_1.0.0.202111181127/tools/bin/../lib/gcc/arm-none-eabi/10.3.1/../../../../arm-none-eabi/lib/thumb/v7e-m+dp/hard/libc_nano.a(lib_a-signalr.o)
                0x0000000008009cec                _getpid_r
 .text.__sread  0x0000000008009cf0       0x22 /Applications/STM32CubeIDE.app/Contents/Eclipse/plugins/com.st.stm32cube.ide.mcu.externaltools.gnu-tools-for-stm32.10.3-2021.10.macos64_1.0.0.202111181127/tools/bin/../lib/gcc/arm-none-eabi/10.3.1/../../../../arm-none-eabi/lib/thumb/v7e-m+dp/hard/libc_nano.a(lib_a-stdio.o)
                0x0000000008009cf0                __sread
 .text.__swrite
                0x0000000008009d12       0x38 /Applications/STM32CubeIDE.app/Contents/Eclipse/plugins/com.st.stm32cube.ide.mcu.externaltools.gnu-tools-for-stm32.10.3-2021.10.macos64_1.0.0.202111181127/tools/bin/../lib/gcc/arm-none-eabi/10.3.1/../../../../arm-none-eabi/lib/thumb/v7e-m+dp/hard/libc_nano.a(lib_a-stdio.o)
                0x0000000008009d12                __swrite
 .text.__sseek  0x0000000008009d4a       0x24 /Applications/STM32CubeIDE.app/Contents/Eclipse/plugins/com.st.stm32cube.ide.mcu.externaltools.gnu-tools-for-stm32.10.3-2021.10.macos64_1.0.0.202111181127/tools/bin/../lib/gcc/arm-none-eabi/10.3.1/../../../../arm-none-eabi/lib/thumb/v7e-m+dp/hard/libc_nano.a(lib_a-stdio.o)
                0x0000000008009d4a                __sseek
 .text.__sclose
                0x0000000008009d6e        0x8 /Applications/STM32CubeIDE.app/Contents/Eclipse/plugins/com.st.stm32cube.ide.mcu.externaltools.gnu-tools-for-stm32.10.3-2021.10.macos64_1.0.0.202111181127/tools/bin/../lib/gcc/arm-none-eabi/10.3.1/../../../../arm-none-eabi/lib/thumb/v7e-m+dp/hard/libc_nano.a(lib_a-stdio.o)
                0x0000000008009d6e                __sclose
 *fill*         0x0000000008009d76        0x2 
 .text._write_r
                0x0000000008009d78       0x24 /Applications/STM32CubeIDE.app/Contents/Eclipse/plugins/com.st.stm32cube.ide.mcu.externaltools.gnu-tools-for-stm32.10.3-2021.10.macos64_1.0.0.202111181127/tools/bin/../lib/gcc/arm-none-eabi/10.3.1/../../../../arm-none-eabi/lib/thumb/v7e-m+dp/hard/libc_nano.a(lib_a-writer.o)
                0x0000000008009d78                _write_r
 .text._close_r
                0x0000000008009d9c       0x20 /Applications/STM32CubeIDE.app/Contents/Eclipse/plugins/com.st.stm32cube.ide.mcu.externaltools.gnu-tools-for-stm32.10.3-2021.10.macos64_1.0.0.202111181127/tools/bin/../lib/gcc/arm-none-eabi/10.3.1/../../../../arm-none-eabi/lib/thumb/v7e-m+dp/hard/libc_nano.a(lib_a-closer.o)
                0x0000000008009d9c                _close_r
 .text._fstat_r
                0x0000000008009dbc       0x24 /Applications/STM32CubeIDE.app/Contents/Eclipse/plugins/com.st.stm32cube.ide.mcu.externaltools.gnu-tools-for-stm32.10.3-2021.10.macos64_1.0.0.202111181127/tools/bin/../lib/gcc/arm-none-eabi/10.3.1/../../../../arm-none-eabi/lib/thumb/v7e-m+dp/hard/libc_nano.a(lib_a-fstatr.o)
                0x0000000008009dbc                _fstat_r
 .text._isatty_r
                0x0000000008009de0       0x20 /Applications/STM32CubeIDE.app/Contents/Eclipse/plugins/com.st.stm32cube.ide.mcu.externaltools.gnu-tools-for-stm32.10.3-2021.10.macos64_1.0.0.202111181127/tools/bin/../lib/gcc/arm-none-eabi/10.3.1/../../../../arm-none-eabi/lib/thumb/v7e-m+dp/hard/libc_nano.a(lib_a-isattyr.o)
                0x0000000008009de0                _isatty_r
 .text._lseek_r
                0x0000000008009e00       0x24 /Applications/STM32CubeIDE.app/Contents/Eclipse/plugins/com.st.stm32cube.ide.mcu.externaltools.gnu-tools-for-stm32.10.3-2021.10.macos64_1.0.0.202111181127/tools/bin/../lib/gcc/arm-none-eabi/10.3.1/../../../../arm-none-eabi/lib/thumb/v7e-m+dp/hard/libc_nano.a(lib_a-lseekr.o)
                0x0000000008009e00                _lseek_r
 .text._malloc_usable_size_r
                0x0000000008009e24       0x10 /Applications/STM32CubeIDE.app/Contents/Eclipse/plugins/com.st.stm32cube.ide.mcu.externaltools.gnu-tools-for-stm32.10.3-2021.10.macos64_1.0.0.202111181127/tools/bin/../lib/gcc/arm-none-eabi/10.3.1/../../../../arm-none-eabi/lib/thumb/v7e-m+dp/hard/libc_nano.a(lib_a-nano-msizer.o)
                0x0000000008009e24                _malloc_usable_size_r
 .text._read_r  0x0000000008009e34       0x24 /Applications/STM32CubeIDE.app/Contents/Eclipse/plugins/com.st.stm32cube.ide.mcu.externaltools.gnu-tools-for-stm32.10.3-2021.10.macos64_1.0.0.202111181127/tools/bin/../lib/gcc/arm-none-eabi/10.3.1/../../../../arm-none-eabi/lib/thumb/v7e-m+dp/hard/libc_nano.a(lib_a-readr.o)
                0x0000000008009e34                _read_r
 *(.glue_7)
 .glue_7        0x0000000008009e58        0x0 linker stubs
 *(.glue_7t)
 .glue_7t       0x0000000008009e58        0x0 linker stubs
 *(.eh_frame)
 .eh_frame      0x0000000008009e58        0x0 /Applications/STM32CubeIDE.app/Contents/Eclipse/plugins/com.st.stm32cube.ide.mcu.externaltools.gnu-tools-for-stm32.10.3-2021.10.macos64_1.0.0.202111181127/tools/bin/../lib/gcc/arm-none-eabi/10.3.1/thumb/v7e-m+dp/hard/crtbegin.o
 *(.init)
 .init          0x0000000008009e58        0x4 /Applications/STM32CubeIDE.app/Contents/Eclipse/plugins/com.st.stm32cube.ide.mcu.externaltools.gnu-tools-for-stm32.10.3-2021.10.macos64_1.0.0.202111181127/tools/bin/../lib/gcc/arm-none-eabi/10.3.1/thumb/v7e-m+dp/hard/crti.o
                0x0000000008009e58                _init
 .init          0x0000000008009e5c        0x8 /Applications/STM32CubeIDE.app/Contents/Eclipse/plugins/com.st.stm32cube.ide.mcu.externaltools.gnu-tools-for-stm32.10.3-2021.10.macos64_1.0.0.202111181127/tools/bin/../lib/gcc/arm-none-eabi/10.3.1/thumb/v7e-m+dp/hard/crtn.o
 *(.fini)
 .fini          0x0000000008009e64        0x4 /Applications/STM32CubeIDE.app/Contents/Eclipse/plugins/com.st.stm32cube.ide.mcu.externaltools.gnu-tools-for-stm32.10.3-2021.10.macos64_1.0.0.202111181127/tools/bin/../lib/gcc/arm-none-eabi/10.3.1/thumb/v7e-m+dp/hard/crti.o
                0x0000000008009e64                _fini
 .fini          0x0000000008009e68        0x8 /Applications/STM32CubeIDE.app/Contents/Eclipse/plugins/com.st.stm32cube.ide.mcu.externaltools.gnu-tools-for-stm32.10.3-2021.10.macos64_1.0.0.202111181127/tools/bin/../lib/gcc/arm-none-eabi/10.3.1/thumb/v7e-m+dp/hard/crtn.o
                0x0000000008009e70                . = ALIGN (0x4)
                0x0000000008009e70                _etext = .

.vfp11_veneer   0x0000000008009e70        0x0
 .vfp11_veneer  0x0000000008009e70        0x0 linker stubs

.v4_bx          0x0000000008009e70        0x0
 .v4_bx         0x0000000008009e70        0x0 linker stubs

.iplt           0x0000000008009e70        0x0
 .iplt          0x0000000008009e70        0x0 /Applications/STM32CubeIDE.app/Contents/Eclipse/plugins/com.st.stm32cube.ide.mcu.externaltools.gnu-tools-for-stm32.10.3-2021.10.macos64_1.0.0.202111181127/tools/bin/../lib/gcc/arm-none-eabi/10.3.1/thumb/v7e-m+dp/hard/crtbegin.o

.rodata         0x0000000008009e70      0x1c0
                0x0000000008009e70                . = ALIGN (0x4)
 *(.rodata)
 .rodata        0x0000000008009e70       0x20 ./Core/Src/main.o
 .rodata        0x0000000008009e90       0x46 ./USB_DEVICE/App/usbd_desc.o
 *(.rodata*)
 *fill*         0x0000000008009ed6        0x2 
 .rodata.D1CorePrescTable
                0x0000000008009ed8       0x10 ./Core/Src/system_stm32h7xx.o
                0x0000000008009ed8                D1CorePrescTable
 .rodata._global_impure_ptr
                0x0000000008009ee8        0x4 /Applications/STM32CubeIDE.app/Contents/Eclipse/plugins/com.st.stm32cube.ide.mcu.externaltools.gnu-tools-for-stm32.10.3-2021.10.macos64_1.0.0.202111181127/tools/bin/../lib/gcc/arm-none-eabi/10.3.1/../../../../arm-none-eabi/lib/thumb/v7e-m+dp/hard/libc_nano.a(lib_a-impure.o)
                0x0000000008009ee8                _global_impure_ptr
 .rodata.strtok.str1.1
                0x0000000008009eec       0x74 /Applications/STM32CubeIDE.app/Contents/Eclipse/plugins/com.st.stm32cube.ide.mcu.externaltools.gnu-tools-for-stm32.10.3-2021.10.macos64_1.0.0.202111181127/tools/bin/../lib/gcc/arm-none-eabi/10.3.1/../../../../arm-none-eabi/lib/thumb/v7e-m+dp/hard/libc_nano.a(lib_a-strtok.o)
 .rodata.__assert_func.str1.1
                0x0000000008009f60       0x3c /Applications/STM32CubeIDE.app/Contents/Eclipse/plugins/com.st.stm32cube.ide.mcu.externaltools.gnu-tools-for-stm32.10.3-2021.10.macos64_1.0.0.202111181127/tools/bin/../lib/gcc/arm-none-eabi/10.3.1/../../../../arm-none-eabi/lib/thumb/v7e-m+dp/hard/libc_nano.a(lib_a-assert.o)
                                         0x3d (size before relaxing)
 .rodata._svfprintf_r.str1.1
                0x0000000008009f9c       0x11 /Applications/STM32CubeIDE.app/Contents/Eclipse/plugins/com.st.stm32cube.ide.mcu.externaltools.gnu-tools-for-stm32.10.3-2021.10.macos64_1.0.0.202111181127/tools/bin/../lib/gcc/arm-none-eabi/10.3.1/../../../../arm-none-eabi/lib/thumb/v7e-m+dp/hard/libc_nano.a(lib_a-nano-svfprintf.o)
 .rodata._vfprintf_r.str1.1
                0x0000000008009fad       0x11 /Applications/STM32CubeIDE.app/Contents/Eclipse/plugins/com.st.stm32cube.ide.mcu.externaltools.gnu-tools-for-stm32.10.3-2021.10.macos64_1.0.0.202111181127/tools/bin/../lib/gcc/arm-none-eabi/10.3.1/../../../../arm-none-eabi/lib/thumb/v7e-m+dp/hard/libc_nano.a(lib_a-nano-vfprintf.o)
 .rodata._printf_i.str1.1
                0x0000000008009fad       0x22 /Applications/STM32CubeIDE.app/Contents/Eclipse/plugins/com.st.stm32cube.ide.mcu.externaltools.gnu-tools-for-stm32.10.3-2021.10.macos64_1.0.0.202111181127/tools/bin/../lib/gcc/arm-none-eabi/10.3.1/../../../../arm-none-eabi/lib/thumb/v7e-m+dp/hard/libc_nano.a(lib_a-nano-vfprintf_i.o)
 *fill*         0x0000000008009fcf        0x1 
 .rodata.__sf_fake_stderr
                0x0000000008009fd0       0x20 /Applications/STM32CubeIDE.app/Contents/Eclipse/plugins/com.st.stm32cube.ide.mcu.externaltools.gnu-tools-for-stm32.10.3-2021.10.macos64_1.0.0.202111181127/tools/bin/../lib/gcc/arm-none-eabi/10.3.1/../../../../arm-none-eabi/lib/thumb/v7e-m+dp/hard/libc_nano.a(lib_a-findfp.o)
                0x0000000008009fd0                __sf_fake_stderr
 .rodata.__sf_fake_stdin
                0x0000000008009ff0       0x20 /Applications/STM32CubeIDE.app/Contents/Eclipse/plugins/com.st.stm32cube.ide.mcu.externaltools.gnu-tools-for-stm32.10.3-2021.10.macos64_1.0.0.202111181127/tools/bin/../lib/gcc/arm-none-eabi/10.3.1/../../../../arm-none-eabi/lib/thumb/v7e-m+dp/hard/libc_nano.a(lib_a-findfp.o)
                0x0000000008009ff0                __sf_fake_stdin
 .rodata.__sf_fake_stdout
                0x000000000800a010       0x20 /Applications/STM32CubeIDE.app/Contents/Eclipse/plugins/com.st.stm32cube.ide.mcu.externaltools.gnu-tools-for-stm32.10.3-2021.10.macos64_1.0.0.202111181127/tools/bin/../lib/gcc/arm-none-eabi/10.3.1/../../../../arm-none-eabi/lib/thumb/v7e-m+dp/hard/libc_nano.a(lib_a-findfp.o)
                0x000000000800a010                __sf_fake_stdout
                0x000000000800a030                . = ALIGN (0x4)

.rel.dyn        0x000000000800a030        0x0
 .rel.iplt      0x000000000800a030        0x0 /Applications/STM32CubeIDE.app/Contents/Eclipse/plugins/com.st.stm32cube.ide.mcu.externaltools.gnu-tools-for-stm32.10.3-2021.10.macos64_1.0.0.202111181127/tools/bin/../lib/gcc/arm-none-eabi/10.3.1/thumb/v7e-m+dp/hard/crtbegin.o

.ARM.extab
 *(.ARM.extab* .gnu.linkonce.armextab.*)

.ARM            0x000000000800a030        0x0
                0x000000000800a030                __exidx_start = .
 *(.ARM.exidx*)
                0x000000000800a030                __exidx_end = .

.preinit_array  0x000000000800a030        0x0
                0x000000000800a030                PROVIDE (__preinit_array_start = .)
 *(.preinit_array*)
                0x000000000800a030                PROVIDE (__preinit_array_end = .)

.init_array     0x000000000800a030        0x4
                0x000000000800a030                PROVIDE (__init_array_start = .)
 *(SORT_BY_NAME(.init_array.*))
 *(.init_array*)
 .init_array    0x000000000800a030        0x4 /Applications/STM32CubeIDE.app/Contents/Eclipse/plugins/com.st.stm32cube.ide.mcu.externaltools.gnu-tools-for-stm32.10.3-2021.10.macos64_1.0.0.202111181127/tools/bin/../lib/gcc/arm-none-eabi/10.3.1/thumb/v7e-m+dp/hard/crtbegin.o
                0x000000000800a034                PROVIDE (__init_array_end = .)

.fini_array     0x000000000800a034        0x4
                [!provide]                        PROVIDE (__fini_array_start = .)
 *(SORT_BY_NAME(.fini_array.*))
 *(.fini_array*)
 .fini_array    0x000000000800a034        0x4 /Applications/STM32CubeIDE.app/Contents/Eclipse/plugins/com.st.stm32cube.ide.mcu.externaltools.gnu-tools-for-stm32.10.3-2021.10.macos64_1.0.0.202111181127/tools/bin/../lib/gcc/arm-none-eabi/10.3.1/thumb/v7e-m+dp/hard/crtbegin.o
                [!provide]                        PROVIDE (__fini_array_end = .)
                0x000000000800a038                _sidata = LOADADDR (.data)

.data           0x0000000024000000      0x18c load address 0x000000000800a038
                0x0000000024000000                . = ALIGN (0x4)
                0x0000000024000000                _sdata = .
 *(.data)
 *(.data*)
 .data.msgStr   0x0000000024000000        0xe ./Core/Src/main.o
                0x0000000024000000                msgStr
 *fill*         0x000000002400000e        0x2 
 .data.strCMD_1
                0x0000000024000010        0xa ./Core/Src/main.o
                0x0000000024000010                strCMD_1
 *fill*         0x000000002400001a        0x2 
 .data.strCMD_2
                0x000000002400001c        0xb ./Core/Src/main.o
                0x000000002400001c                strCMD_2
 *fill*         0x0000000024000027        0x1 
 .data.SystemCoreClock
                0x0000000024000028        0x4 ./Core/Src/system_stm32h7xx.o
                0x0000000024000028                SystemCoreClock
 .data.SystemD2Clock
                0x000000002400002c        0x4 ./Core/Src/system_stm32h7xx.o
                0x000000002400002c                SystemD2Clock
 .data.uwTickPrio
                0x0000000024000030        0x4 ./Drivers/STM32H7xx_HAL_Driver/Src/stm32h7xx_hal.o
                0x0000000024000030                uwTickPrio
 .data.uwTickFreq
                0x0000000024000034        0x1 ./Drivers/STM32H7xx_HAL_Driver/Src/stm32h7xx_hal.o
                0x0000000024000034                uwTickFreq
 *fill*         0x0000000024000035        0x3 
 .data.USBD_CDC_DeviceQualifierDesc
                0x0000000024000038        0xa ./Middlewares/ST/STM32_USB_Device_Library/Class/CDC/Src/usbd_cdc.o
 *fill*         0x0000000024000042        0x2 
 .data.USBD_CDC
                0x0000000024000044       0x38 ./Middlewares/ST/STM32_USB_Device_Library/Class/CDC/Src/usbd_cdc.o
                0x0000000024000044                USBD_CDC
 .data.USBD_CDC_CfgDesc
                0x000000002400007c       0x43 ./Middlewares/ST/STM32_USB_Device_Library/Class/CDC/Src/usbd_cdc.o
 .data.CDCInEpAdd
                0x00000000240000bf        0x1 ./Middlewares/ST/STM32_USB_Device_Library/Class/CDC/Src/usbd_cdc.o
 .data.CDCOutEpAdd
                0x00000000240000c0        0x1 ./Middlewares/ST/STM32_USB_Device_Library/Class/CDC/Src/usbd_cdc.o
 .data.CDCCmdEpAdd
                0x00000000240000c1        0x1 ./Middlewares/ST/STM32_USB_Device_Library/Class/CDC/Src/usbd_cdc.o
 *fill*         0x00000000240000c2        0x2 
 .data.USBD_Interface_fops_HS
                0x00000000240000c4       0x14 ./USB_DEVICE/App/usbd_cdc_if.o
                0x00000000240000c4                USBD_Interface_fops_HS
 .data.HS_Desc  0x00000000240000d8       0x1c ./USB_DEVICE/App/usbd_desc.o
                0x00000000240000d8                HS_Desc
 .data.USBD_HS_DeviceDesc
                0x00000000240000f4       0x12 ./USB_DEVICE/App/usbd_desc.o
                0x00000000240000f4                USBD_HS_DeviceDesc
 *fill*         0x0000000024000106        0x2 
 .data.USBD_LangIDDesc
                0x0000000024000108        0x4 ./USB_DEVICE/App/usbd_desc.o
                0x0000000024000108                USBD_LangIDDesc
 .data.USBD_StringSerial
                0x000000002400010c       0x1a ./USB_DEVICE/App/usbd_desc.o
                0x000000002400010c                USBD_StringSerial
 *fill*         0x0000000024000126        0x2 
 .data._impure_ptr
                0x0000000024000128        0x4 /Applications/STM32CubeIDE.app/Contents/Eclipse/plugins/com.st.stm32cube.ide.mcu.externaltools.gnu-tools-for-stm32.10.3-2021.10.macos64_1.0.0.202111181127/tools/bin/../lib/gcc/arm-none-eabi/10.3.1/../../../../arm-none-eabi/lib/thumb/v7e-m+dp/hard/libc_nano.a(lib_a-impure.o)
                0x0000000024000128                _impure_ptr
 .data.impure_data
                0x000000002400012c       0x60 /Applications/STM32CubeIDE.app/Contents/Eclipse/plugins/com.st.stm32cube.ide.mcu.externaltools.gnu-tools-for-stm32.10.3-2021.10.macos64_1.0.0.202111181127/tools/bin/../lib/gcc/arm-none-eabi/10.3.1/../../../../arm-none-eabi/lib/thumb/v7e-m+dp/hard/libc_nano.a(lib_a-impure.o)
 *(.RamFunc)
 *(.RamFunc*)
                0x000000002400018c                . = ALIGN (0x4)
                0x000000002400018c                _edata = .

.igot.plt       0x000000002400018c        0x0 load address 0x000000000800a1c4
 .igot.plt      0x000000002400018c        0x0 /Applications/STM32CubeIDE.app/Contents/Eclipse/plugins/com.st.stm32cube.ide.mcu.externaltools.gnu-tools-for-stm32.10.3-2021.10.macos64_1.0.0.202111181127/tools/bin/../lib/gcc/arm-none-eabi/10.3.1/thumb/v7e-m+dp/hard/crtbegin.o
                0x000000002400018c                . = ALIGN (0x4)

.bss            0x000000002400018c     0x3094 load address 0x000000000800a1c4
                0x000000002400018c                _sbss = .
                0x000000002400018c                __bss_start__ = _sbss
 *(.bss)
 .bss           0x000000002400018c       0x1c /Applications/STM32CubeIDE.app/Contents/Eclipse/plugins/com.st.stm32cube.ide.mcu.externaltools.gnu-tools-for-stm32.10.3-2021.10.macos64_1.0.0.202111181127/tools/bin/../lib/gcc/arm-none-eabi/10.3.1/thumb/v7e-m+dp/hard/crtbegin.o
 *(.bss*)
 .bss.msgVCP_len
                0x00000000240001a8        0x4 ./Core/Src/main.o
                0x00000000240001a8                msgVCP_len
 .bss.msgVCP    0x00000000240001ac       0x64 ./Core/Src/main.o
                0x00000000240001ac                msgVCP
 .bss.msgVCP_2  0x0000000024000210     0x1388 ./Core/Src/main.o
                0x0000000024000210                msgVCP_2
 .bss.bufferVCP_Rx
                0x0000000024001598       0x64 ./Core/Src/main.o
                0x0000000024001598                bufferVCP_Rx
 .bss.__sbrk_heap_end
                0x00000000240015fc        0x4 ./Core/Src/sysmem.o
 .bss.uwTick    0x0000000024001600        0x4 ./Drivers/STM32H7xx_HAL_Driver/Src/stm32h7xx_hal.o
                0x0000000024001600                uwTick
 .bss.cfgidx.0  0x0000000024001604        0x1 ./Middlewares/ST/STM32_USB_Device_Library/Core/Src/usbd_ctlreq.o
 *fill*         0x0000000024001605        0x3 
 .bss.hUsbDeviceHS
                0x0000000024001608      0x2dc ./USB_DEVICE/App/usb_device.o
                0x0000000024001608                hUsbDeviceHS
 .bss.UserRxBufferHS
                0x00000000240018e4      0x800 ./USB_DEVICE/App/usbd_cdc_if.o
                0x00000000240018e4                UserRxBufferHS
 .bss.UserTxBufferHS
                0x00000000240020e4      0x800 ./USB_DEVICE/App/usbd_cdc_if.o
                0x00000000240020e4                UserTxBufferHS
 .bss.USBD_StrDesc
                0x00000000240028e4      0x200 ./USB_DEVICE/App/usbd_desc.o
                0x00000000240028e4                USBD_StrDesc
 .bss.hpcd_USB_OTG_HS
                0x0000000024002ae4      0x50c ./USB_DEVICE/Target/usbd_conf.o
                0x0000000024002ae4                hpcd_USB_OTG_HS
 .bss.mem.0     0x0000000024002ff0      0x220 ./USB_DEVICE/Target/usbd_conf.o
 .bss.__malloc_free_list
                0x0000000024003210        0x4 /Applications/STM32CubeIDE.app/Contents/Eclipse/plugins/com.st.stm32cube.ide.mcu.externaltools.gnu-tools-for-stm32.10.3-2021.10.macos64_1.0.0.202111181127/tools/bin/../lib/gcc/arm-none-eabi/10.3.1/../../../../arm-none-eabi/lib/thumb/v7e-m+dp/hard/libc_nano.a(lib_a-nano-mallocr.o)
                0x0000000024003210                __malloc_free_list
 .bss.__malloc_sbrk_start
                0x0000000024003214        0x4 /Applications/STM32CubeIDE.app/Contents/Eclipse/plugins/com.st.stm32cube.ide.mcu.externaltools.gnu-tools-for-stm32.10.3-2021.10.macos64_1.0.0.202111181127/tools/bin/../lib/gcc/arm-none-eabi/10.3.1/../../../../arm-none-eabi/lib/thumb/v7e-m+dp/hard/libc_nano.a(lib_a-nano-mallocr.o)
                0x0000000024003214                __malloc_sbrk_start
 .bss.__lock___malloc_recursive_mutex
                0x0000000024003218        0x1 /Applications/STM32CubeIDE.app/Contents/Eclipse/plugins/com.st.stm32cube.ide.mcu.externaltools.gnu-tools-for-stm32.10.3-2021.10.macos64_1.0.0.202111181127/tools/bin/../lib/gcc/arm-none-eabi/10.3.1/../../../../arm-none-eabi/lib/thumb/v7e-m+dp/hard/libc_nano.a(lib_a-lock.o)
                0x0000000024003218                __lock___malloc_recursive_mutex
 .bss.__lock___sfp_recursive_mutex