Archive member included to satisfy reference by file (symbol)

/Applications/STM32CubeIDE.app/Contents/Eclipse/plugins/com.st.stm32cube.ide.mcu.externaltools.gnu-tools-for-stm32.10.3-2021.10.macos64_1.0.0.202111181127/tools/bin/../lib/gcc/arm-none-eabi/10.3.1/../../../../arm-none-eabi/lib/thumb/v7-m/nofp/libc_nano.a(lib_a-errno.o)
                              ./Core/Src/syscalls.o (__errno)
/Applications/STM32CubeIDE.app/Contents/Eclipse/plugins/com.st.stm32cube.ide.mcu.externaltools.gnu-tools-for-stm32.10.3-2021.10.macos64_1.0.0.202111181127/tools/bin/../lib/gcc/arm-none-eabi/10.3.1/../../../../arm-none-eabi/lib/thumb/v7-m/nofp/libc_nano.a(lib_a-exit.o)
                              /Applications/STM32CubeIDE.app/Contents/Eclipse/plugins/com.st.stm32cube.ide.mcu.externaltools.gnu-tools-for-stm32.10.3-2021.10.macos64_1.0.0.202111181127/tools/bin/../lib/gcc/arm-none-eabi/10.3.1/../../../../arm-none-eabi/lib/thumb/v7-m/nofp/crt0.o (exit)
/Applications/STM32CubeIDE.app/Contents/Eclipse/plugins/com.st.stm32cube.ide.mcu.externaltools.gnu-tools-for-stm32.10.3-2021.10.macos64_1.0.0.202111181127/tools/bin/../lib/gcc/arm-none-eabi/10.3.1/../../../../arm-none-eabi/lib/thumb/v7-m/nofp/libc_nano.a(lib_a-impure.o)
                              /Applications/STM32CubeIDE.app/Contents/Eclipse/plugins/com.st.stm32cube.ide.mcu.externaltools.gnu-tools-for-stm32.10.3-2021.10.macos64_1.0.0.202111181127/tools/bin/../lib/gcc/arm-none-eabi/10.3.1/../../../../arm-none-eabi/lib/thumb/v7-m/nofp/libc_nano.a(lib_a-exit.o) (_global_impure_ptr)
/Applications/STM32CubeIDE.app/Contents/Eclipse/plugins/com.st.stm32cube.ide.mcu.externaltools.gnu-tools-for-stm32.10.3-2021.10.macos64_1.0.0.202111181127/tools/bin/../lib/gcc/arm-none-eabi/10.3.1/../../../../arm-none-eabi/lib/thumb/v7-m/nofp/libc_nano.a(lib_a-init.o)
                              /Applications/STM32CubeIDE.app/Contents/Eclipse/plugins/com.st.stm32cube.ide.mcu.externaltools.gnu-tools-for-stm32.10.3-2021.10.macos64_1.0.0.202111181127/tools/bin/../lib/gcc/arm-none-eabi/10.3.1/../../../../arm-none-eabi/lib/thumb/v7-m/nofp/crt0.o (__libc_init_array)
/Applications/STM32CubeIDE.app/Contents/Eclipse/plugins/com.st.stm32cube.ide.mcu.externaltools.gnu-tools-for-stm32.10.3-2021.10.macos64_1.0.0.202111181127/tools/bin/../lib/gcc/arm-none-eabi/10.3.1/../../../../arm-none-eabi/lib/thumb/v7-m/nofp/libc_nano.a(lib_a-malloc.o)
                              ./Middlewares/ST/STM32_USB_Device_Library/Class/CDC/Src/usbd_cdc.o (malloc)
/Applications/STM32CubeIDE.app/Contents/Eclipse/plugins/com.st.stm32cube.ide.mcu.externaltools.gnu-tools-for-stm32.10.3-2021.10.macos64_1.0.0.202111181127/tools/bin/../lib/gcc/arm-none-eabi/10.3.1/../../../../arm-none-eabi/lib/thumb/v7-m/nofp/libc_nano.a(lib_a-memset.o)
                              /Applications/STM32CubeIDE.app/Contents/Eclipse/plugins/com.st.stm32cube.ide.mcu.externaltools.gnu-tools-for-stm32.10.3-2021.10.macos64_1.0.0.202111181127/tools/bin/../lib/gcc/arm-none-eabi/10.3.1/../../../../arm-none-eabi/lib/thumb/v7-m/nofp/crt0.o (memset)
/Applications/STM32CubeIDE.app/Contents/Eclipse/plugins/com.st.stm32cube.ide.mcu.externaltools.gnu-tools-for-stm32.10.3-2021.10.macos64_1.0.0.202111181127/tools/bin/../lib/gcc/arm-none-eabi/10.3.1/../../../../arm-none-eabi/lib/thumb/v7-m/nofp/libc_nano.a(lib_a-nano-freer.o)
                              /Applications/STM32CubeIDE.app/Contents/Eclipse/plugins/com.st.stm32cube.ide.mcu.externaltools.gnu-tools-for-stm32.10.3-2021.10.macos64_1.0.0.202111181127/tools/bin/../lib/gcc/arm-none-eabi/10.3.1/../../../../arm-none-eabi/lib/thumb/v7-m/nofp/libc_nano.a(lib_a-malloc.o) (_free_r)
/Applications/STM32CubeIDE.app/Contents/Eclipse/plugins/com.st.stm32cube.ide.mcu.externaltools.gnu-tools-for-stm32.10.3-2021.10.macos64_1.0.0.202111181127/tools/bin/../lib/gcc/arm-none-eabi/10.3.1/../../../../arm-none-eabi/lib/thumb/v7-m/nofp/libc_nano.a(lib_a-nano-mallocr.o)
                              /Applications/STM32CubeIDE.app/Contents/Eclipse/plugins/com.st.stm32cube.ide.mcu.externaltools.gnu-tools-for-stm32.10.3-2021.10.macos64_1.0.0.202111181127/tools/bin/../lib/gcc/arm-none-eabi/10.3.1/../../../../arm-none-eabi/lib/thumb/v7-m/nofp/libc_nano.a(lib_a-malloc.o) (_malloc_r)
/Applications/STM32CubeIDE.app/Contents/Eclipse/plugins/com.st.stm32cube.ide.mcu.externaltools.gnu-tools-for-stm32.10.3-2021.10.macos64_1.0.0.202111181127/tools/bin/../lib/gcc/arm-none-eabi/10.3.1/../../../../arm-none-eabi/lib/thumb/v7-m/nofp/libc_nano.a(lib_a-sbrkr.o)
                              /Applications/STM32CubeIDE.app/Contents/Eclipse/plugins/com.st.stm32cube.ide.mcu.externaltools.gnu-tools-for-stm32.10.3-2021.10.macos64_1.0.0.202111181127/tools/bin/../lib/gcc/arm-none-eabi/10.3.1/../../../../arm-none-eabi/lib/thumb/v7-m/nofp/libc_nano.a(lib_a-nano-mallocr.o) (_sbrk_r)
[...]
Memory Configuration

Name             Origin             Length             Attributes
RAM              0x0000000020000000 0x0000000000020000 xrw
FLASH            0x0000000008000000 0x0000000000100000 xr
*default*        0x0000000000000000 0xffffffffffffffff

Linker script and memory map

LOAD /Applications/STM32CubeIDE.app/Contents/Eclipse/plugins/com.st.stm32cube.ide.mcu.externaltools.gnu-tools-for-stm32.10.3-2021.10.macos64_1.0.0.202111181127/tools/bin/../lib/gcc/arm-none-eabi/10.3.1/thumb/v7-m/nofp/crti.o
LOAD /Applications/STM32CubeIDE.app/Contents/Eclipse/plugins/com.st.stm32cube.ide.mcu.externaltools.gnu-tools-for-stm32.10.3-2021.10.macos64_1.0.0.202111181127/tools/bin/../lib/gcc/arm-none-eabi/10.3.1/thumb/v7-m/nofp/crtbegin.o
LOAD /Applications/STM32CubeIDE.app/Contents/Eclipse/plugins/com.st.stm32cube.ide.mcu.externaltools.gnu-tools-for-stm32.10.3-2021.10.macos64_1.0.0.202111181127/tools/bin/../lib/gcc/arm-none-eabi/10.3.1/../../../../arm-none-eabi/lib/thumb/v7-m/nofp/crt0.o
LOAD ./Core/Src/main.o
LOAD ./Core/Src/stm32f2xx_hal_msp.o
LOAD ./Core/Src/stm32f2xx_it.o
LOAD ./Core/Src/syscalls.o
LOAD ./Core/Src/sysmem.o
LOAD ./Core/Src/system_stm32f2xx.o
LOAD ./Core/Startup/startup_stm32f207zgtx.o
LOAD ./Drivers/STM32F2xx_HAL_Driver/Src/stm32f2xx_hal.o
LOAD ./Drivers/STM32F2xx_HAL_Driver/Src/stm32f2xx_hal_cortex.o
LOAD ./Drivers/STM32F2xx_HAL_Driver/Src/stm32f2xx_hal_dma.o
LOAD ./Drivers/STM32F2xx_HAL_Driver/Src/stm32f2xx_hal_dma_ex.o
LOAD ./Drivers/STM32F2xx_HAL_Driver/Src/stm32f2xx_hal_exti.o
LOAD ./Drivers/STM32F2xx_HAL_Driver/Src/stm32f2xx_hal_flash.o
LOAD ./Drivers/STM32F2xx_HAL_Driver/Src/stm32f2xx_hal_flash_ex.o
LOAD ./Drivers/STM32F2xx_HAL_Driver/Src/stm32f2xx_hal_gpio.o
LOAD ./Drivers/STM32F2xx_HAL_Driver/Src/stm32f2xx_hal_pcd.o
LOAD ./Drivers/STM32F2xx_HAL_Driver/Src/stm32f2xx_hal_pcd_ex.o
LOAD ./Drivers/STM32F2xx_HAL_Driver/Src/stm32f2xx_hal_pwr.o
LOAD ./Drivers/STM32F2xx_HAL_Driver/Src/stm32f2xx_hal_pwr_ex.o
LOAD ./Drivers/STM32F2xx_HAL_Driver/Src/stm32f2xx_hal_rcc.o
LOAD ./Drivers/STM32F2xx_HAL_Driver/Src/stm32f2xx_hal_rcc_ex.o
LOAD ./Drivers/STM32F2xx_HAL_Driver/Src/stm32f2xx_hal_tim.o
LOAD ./Drivers/STM32F2xx_HAL_Driver/Src/stm32f2xx_hal_tim_ex.o
LOAD ./Drivers/STM32F2xx_HAL_Driver/Src/stm32f2xx_ll_usb.o
LOAD ./Middlewares/ST/STM32_USB_Device_Library/Class/CDC/Src/usbd_cdc.o
LOAD ./Middlewares/ST/STM32_USB_Device_Library/Core/Src/usbd_core.o
LOAD ./Middlewares/ST/STM32_USB_Device_Library/Core/Src/usbd_ctlreq.o
LOAD ./Middlewares/ST/STM32_USB_Device_Library/Core/Src/usbd_ioreq.o
LOAD ./USB_DEVICE/App/usb_device.o
LOAD ./USB_DEVICE/App/usbd_cdc_if.o
LOAD ./USB_DEVICE/App/usbd_desc.o
LOAD ./USB_DEVICE/Target/usbd_conf.o
START GROUP
LOAD /Applications/STM32CubeIDE.app/Contents/Eclipse/plugins/com.st.stm32cube.ide.mcu.externaltools.gnu-tools-for-stm32.10.3-2021.10.macos64_1.0.0.202111181127/tools/bin/../lib/gcc/arm-none-eabi/10.3.1/../../../../arm-none-eabi/lib/thumb/v7-m/nofp/libc_nano.a
LOAD /Applications/STM32CubeIDE.app/Contents/Eclipse/plugins/com.st.stm32cube.ide.mcu.externaltools.gnu-tools-for-stm32.10.3-2021.10.macos64_1.0.0.202111181127/tools/bin/../lib/gcc/arm-none-eabi/10.3.1/../../../../arm-none-eabi/lib/thumb/v7-m/nofp/libm.a
END GROUP
START GROUP
LOAD /Applications/STM32CubeIDE.app/Contents/Eclipse/plugins/com.st.stm32cube.ide.mcu.externaltools.gnu-tools-for-stm32.10.3-2021.10.macos64_1.0.0.202111181127/tools/bin/../lib/gcc/arm-none-eabi/10.3.1/thumb/v7-m/nofp/libgcc.a
LOAD /Applications/STM32CubeIDE.app/Contents/Eclipse/plugins/com.st.stm32cube.ide.mcu.externaltools.gnu-tools-for-stm32.10.3-2021.10.macos64_1.0.0.202111181127/tools/bin/../lib/gcc/arm-none-eabi/10.3.1/../../../../arm-none-eabi/lib/thumb/v7-m/nofp/libc_nano.a
END GROUP
START GROUP
LOAD /Applications/STM32CubeIDE.app/Contents/Eclipse/plugins/com.st.stm32cube.ide.mcu.externaltools.gnu-tools-for-stm32.10.3-2021.10.macos64_1.0.0.202111181127/tools/bin/../lib/gcc/arm-none-eabi/10.3.1/thumb/v7-m/nofp/libgcc.a
LOAD /Applications/STM32CubeIDE.app/Contents/Eclipse/plugins/com.st.stm32cube.ide.mcu.externaltools.gnu-tools-for-stm32.10.3-2021.10.macos64_1.0.0.202111181127/tools/bin/../lib/gcc/arm-none-eabi/10.3.1/../../../../arm-none-eabi/lib/thumb/v7-m/nofp/libc_nano.a
LOAD /Applications/STM32CubeIDE.app/Contents/Eclipse/plugins/com.st.stm32cube.ide.mcu.externaltools.gnu-tools-for-stm32.10.3-2021.10.macos64_1.0.0.202111181127/tools/bin/../lib/gcc/arm-none-eabi/10.3.1/../../../../arm-none-eabi/lib/thumb/v7-m/nofp/libnosys.a
END GROUP
START GROUP
LOAD /Applications/STM32CubeIDE.app/Contents/Eclipse/plugins/com.st.stm32cube.ide.mcu.externaltools.gnu-tools-for-stm32.10.3-2021.10.macos64_1.0.0.202111181127/tools/bin/../lib/gcc/arm-none-eabi/10.3.1/thumb/v7-m/nofp/libgcc.a
LOAD /Applications/STM32CubeIDE.app/Contents/Eclipse/plugins/com.st.stm32cube.ide.mcu.externaltools.gnu-tools-for-stm32.10.3-2021.10.macos64_1.0.0.202111181127/tools/bin/../lib/gcc/arm-none-eabi/10.3.1/../../../../arm-none-eabi/lib/thumb/v7-m/nofp/libc_nano.a
LOAD /Applications/STM32CubeIDE.app/Contents/Eclipse/plugins/com.st.stm32cube.ide.mcu.externaltools.gnu-tools-for-stm32.10.3-2021.10.macos64_1.0.0.202111181127/tools/bin/../lib/gcc/arm-none-eabi/10.3.1/../../../../arm-none-eabi/lib/thumb/v7-m/nofp/libnosys.a
END GROUP
LOAD /Applications/STM32CubeIDE.app/Contents/Eclipse/plugins/com.st.stm32cube.ide.mcu.externaltools.gnu-tools-for-stm32.10.3-2021.10.macos64_1.0.0.202111181127/tools/bin/../lib/gcc/arm-none-eabi/10.3.1/thumb/v7-m/nofp/crtend.o
LOAD /Applications/STM32CubeIDE.app/Contents/Eclipse/plugins/com.st.stm32cube.ide.mcu.externaltools.gnu-tools-for-stm32.10.3-2021.10.macos64_1.0.0.202111181127/tools/bin/../lib/gcc/arm-none-eabi/10.3.1/thumb/v7-m/nofp/crtn.o
                0x0000000020020000                _estack = (ORIGIN (RAM) + LENGTH (RAM))
                0x0000000000000200                _Min_Heap_Size = 0x200
                0x0000000000000400                _Min_Stack_Size = 0x400

.isr_vector     0x0000000008000000      0x184
                0x0000000008000000                . = ALIGN (0x4)
 *(.isr_vector)
 .isr_vector    0x0000000008000000      0x184 ./Core/Startup/startup_stm32f207zgtx.o
                0x0000000008000000                g_pfnVectors
                0x0000000008000184                . = ALIGN (0x4)

.text           0x0000000008000184     0x6c04
                0x0000000008000184                . = ALIGN (0x4)
 *(.text)
 .text          0x0000000008000184       0x40 /Applications/STM32CubeIDE.app/Contents/Eclipse/plugins/com.st.stm32cube.ide.mcu.externaltools.gnu-tools-for-stm32.10.3-2021.10.macos64_1.0.0.202111181127/tools/bin/../lib/gcc/arm-none-eabi/10.3.1/thumb/v7-m/nofp/crtbegin.o
 .text          0x00000000080001c4       0x30 /Applications/STM32CubeIDE.app/Contents/Eclipse/plugins/com.st.stm32cube.ide.mcu.externaltools.gnu-tools-for-stm32.10.3-2021.10.macos64_1.0.0.202111181127/tools/bin/../lib/gcc/arm-none-eabi/10.3.1/thumb/v7-m/nofp/libgcc.a(_aeabi_uldivmod.o)
                0x00000000080001c4                __aeabi_uldivmod
 .text          0x00000000080001f4      0x2d4 /Applications/STM32CubeIDE.app/Contents/Eclipse/plugins/com.st.stm32cube.ide.mcu.externaltools.gnu-tools-for-stm32.10.3-2021.10.macos64_1.0.0.202111181127/tools/bin/../lib/gcc/arm-none-eabi/10.3.1/thumb/v7-m/nofp/libgcc.a(_udivmoddi4.o)
                0x00000000080001f4                __udivmoddi4
 .text          0x00000000080004c8        0x4 /Applications/STM32CubeIDE.app/Contents/Eclipse/plugins/com.st.stm32cube.ide.mcu.externaltools.gnu-tools-for-stm32.10.3-2021.10.macos64_1.0.0.202111181127/tools/bin/../lib/gcc/arm-none-eabi/10.3.1/thumb/v7-m/nofp/libgcc.a(_dvmd_tls.o)
                0x00000000080004c8                __aeabi_ldiv0
                0x00000000080004c8                __aeabi_idiv0
 *(.text*)
 .text.main     0x00000000080004cc       0xe4 ./Core/Src/main.o
                0x00000000080004cc                main
 .text.SystemClock_Config
                0x00000000080005b0       0x8e ./Core/Src/main.o
                0x00000000080005b0                SystemClock_Config
 *fill*         0x000000000800063e        0x2 
 .text.MX_GPIO_Init
                0x0000000008000640      0x208 ./Core/Src/main.o
 .text.Error_Handler
                0x0000000008000848        0xa ./Core/Src/main.o
                0x0000000008000848                Error_Handler
 *fill*         0x0000000008000852        0x2 
 .text.HAL_MspInit
                0x0000000008000854       0x4c ./Core/Src/stm32f2xx_hal_msp.o
                0x0000000008000854                HAL_MspInit
 .text.NMI_Handler
                0x00000000080008a0        0x6 ./Core/Src/stm32f2xx_it.o
                0x00000000080008a0                NMI_Handler
 .text.HardFault_Handler
                0x00000000080008a6        0x6 ./Core/Src/stm32f2xx_it.o
                0x00000000080008a6                HardFault_Handler
 .text.MemManage_Handler
                0x00000000080008ac        0x6 ./Core/Src/stm32f2xx_it.o
                0x00000000080008ac                MemManage_Handler
 .text.BusFault_Handler
                0x00000000080008b2        0x6 ./Core/Src/stm32f2xx_it.o
                0x00000000080008b2                BusFault_Handler
 .text.UsageFault_Handler
                0x00000000080008b8        0x6 ./Core/Src/stm32f2xx_it.o
                0x00000000080008b8                UsageFault_Handler
 .text.SVC_Handler
                0x00000000080008be        0xc ./Core/Src/stm32f2xx_it.o
                0x00000000080008be                SVC_Handler
 .text.DebugMon_Handler
                0x00000000080008ca        0xc ./Core/Src/stm32f2xx_it.o
                0x00000000080008ca                DebugMon_Handler
 .text.PendSV_Handler
                0x00000000080008d6        0xc ./Core/Src/stm32f2xx_it.o
                0x00000000080008d6                PendSV_Handler
 .text.SysTick_Handler
                0x00000000080008e2        0xc ./Core/Src/stm32f2xx_it.o
                0x00000000080008e2                SysTick_Handler
 *fill*         0x00000000080008ee        0x2 
 .text.OTG_FS_IRQHandler
                0x00000000080008f0       0x14 ./Core/Src/stm32f2xx_it.o
                0x00000000080008f0                OTG_FS_IRQHandler
 .text._sbrk    0x0000000008000904       0x6c ./Core/Src/sysmem.o
                0x0000000008000904                _sbrk
 .text.SystemInit
                0x0000000008000970        0xc ./Core/Src/system_stm32f2xx.o
                0x0000000008000970                SystemInit
 .text.Reset_Handler
                0x000000000800097c       0x50 ./Core/Startup/startup_stm32f207zgtx.o
                0x000000000800097c                Reset_Handler
 .text.Default_Handler
                0x00000000080009cc        0x2 ./Core/Startup/startup_stm32f207zgtx.o
                0x00000000080009cc                DMA1_Stream3_IRQHandler
                0x00000000080009cc                HASH_RNG_IRQHandler
                0x00000000080009cc                EXTI2_IRQHandler
                0x00000000080009cc                TIM8_CC_IRQHandler
                0x00000000080009cc                TIM1_CC_IRQHandler
                0x00000000080009cc                DMA2_Stream5_IRQHandler
                0x00000000080009cc                DMA1_Stream5_IRQHandler
                0x00000000080009cc                PVD_IRQHandler
                0x00000000080009cc                SDIO_IRQHandler
                0x00000000080009cc                TAMP_STAMP_IRQHandler
                0x00000000080009cc                CAN2_RX1_IRQHandler
                0x00000000080009cc                EXTI3_IRQHandler
                0x00000000080009cc                TIM8_TRG_COM_TIM14_IRQHandler
                0x00000000080009cc                TIM1_UP_TIM10_IRQHandler
                0x00000000080009cc                TIM8_UP_TIM13_IRQHandler
                0x00000000080009cc                I2C3_ER_IRQHandler
                0x00000000080009cc                EXTI0_IRQHandler
                0x00000000080009cc                I2C2_EV_IRQHandler
                0x00000000080009cc                DMA1_Stream2_IRQHandler
                0x00000000080009cc                CAN1_RX0_IRQHandler
                0x00000000080009cc                OTG_HS_WKUP_IRQHandler
                0x00000000080009cc                CAN2_SCE_IRQHandler
                0x00000000080009cc                DMA2_Stream2_IRQHandler
                0x00000000080009cc                SPI1_IRQHandler
                0x00000000080009cc                TIM6_DAC_IRQHandler
                0x00000000080009cc                TIM1_BRK_TIM9_IRQHandler
                0x00000000080009cc                DCMI_IRQHandler
                0x00000000080009cc                CAN2_RX0_IRQHandler
                0x00000000080009cc                DMA2_Stream3_IRQHandler
                0x00000000080009cc                USART6_IRQHandler
                0x00000000080009cc                USART3_IRQHandler
                0x00000000080009cc                CAN1_RX1_IRQHandler
                0x00000000080009cc                UART5_IRQHandler
                0x00000000080009cc                DMA2_Stream0_IRQHandler
                0x00000000080009cc                TIM4_IRQHandler
                0x00000000080009cc                I2C1_EV_IRQHandler
                0x00000000080009cc                DMA1_Stream6_IRQHandler
                0x00000000080009cc                DMA1_Stream1_IRQHandler
                0x00000000080009cc                UART4_IRQHandler
                0x00000000080009cc                TIM3_IRQHandler
                0x00000000080009cc                RCC_IRQHandler
                0x00000000080009cc                TIM8_BRK_TIM12_IRQHandler
                0x00000000080009cc                Default_Handler
                0x00000000080009cc                EXTI15_10_IRQHandler
                0x00000000080009cc                ADC_IRQHandler
                0x00000000080009cc                DMA1_Stream7_IRQHandler
                0x00000000080009cc                TIM7_IRQHandler
                0x00000000080009cc                CAN2_TX_IRQHandler
                0x00000000080009cc                TIM5_IRQHandler
                0x00000000080009cc                DMA2_Stream7_IRQHandler
                0x00000000080009cc                I2C3_EV_IRQHandler
                0x00000000080009cc                EXTI9_5_IRQHandler
                0x00000000080009cc                RTC_WKUP_IRQHandler
                0x00000000080009cc                ETH_WKUP_IRQHandler
                0x00000000080009cc                SPI2_IRQHandler
                0x00000000080009cc                OTG_HS_EP1_IN_IRQHandler
                0x00000000080009cc                DMA1_Stream0_IRQHandler
                0x00000000080009cc                CAN1_TX_IRQHandler
                0x00000000080009cc                EXTI4_IRQHandler
                0x00000000080009cc                FSMC_IRQHandler
                0x00000000080009cc                ETH_IRQHandler
                0x00000000080009cc                OTG_HS_EP1_OUT_IRQHandler
                0x00000000080009cc                WWDG_IRQHandler
                0x00000000080009cc                TIM2_IRQHandler
                0x00000000080009cc                OTG_FS_WKUP_IRQHandler
                0x00000000080009cc                TIM1_TRG_COM_TIM11_IRQHandler
                0x00000000080009cc                OTG_HS_IRQHandler
                0x00000000080009cc                EXTI1_IRQHandler
                0x00000000080009cc                USART2_IRQHandler
                0x00000000080009cc                I2C2_ER_IRQHandler
                0x00000000080009cc                DMA2_Stream1_IRQHandler
                0x00000000080009cc                CAN1_SCE_IRQHandler
                0x00000000080009cc                FLASH_IRQHandler
                0x00000000080009cc                DMA2_Stream4_IRQHandler
                0x00000000080009cc                USART1_IRQHandler
                0x00000000080009cc                SPI3_IRQHandler
                0x00000000080009cc                DMA1_Stream4_IRQHandler
                0x00000000080009cc                I2C1_ER_IRQHandler
                0x00000000080009cc                DMA2_Stream6_IRQHandler
                0x00000000080009cc                RTC_Alarm_IRQHandler
 *fill*         0x00000000080009ce        0x2 
 .text.HAL_Init
                0x00000000080009d0       0x44 ./Drivers/STM32F2xx_HAL_Driver/Src/stm32f2xx_hal.o
                0x00000000080009d0                HAL_Init
 .text.HAL_InitTick
                0x0000000008000a14       0x60 ./Drivers/STM32F2xx_HAL_Driver/Src/stm32f2xx_hal.o
                0x0000000008000a14                HAL_InitTick
 .text.HAL_IncTick
                0x0000000008000a74       0x24 ./Drivers/STM32F2xx_HAL_Driver/Src/stm32f2xx_hal.o
                0x0000000008000a74                HAL_IncTick
 .text.HAL_GetTick
                0x0000000008000a98       0x14 ./Drivers/STM32F2xx_HAL_Driver/Src/stm32f2xx_hal.o
                0x0000000008000a98                HAL_GetTick
 .text.HAL_Delay
                0x0000000008000aac       0x48 ./Drivers/STM32F2xx_HAL_Driver/Src/stm32f2xx_hal.o
                0x0000000008000aac                HAL_Delay
 .text.__NVIC_SetPriorityGrouping
                0x0000000008000af4       0x48 ./Drivers/STM32F2xx_HAL_Driver/Src/stm32f2xx_hal_cortex.o
 .text.__NVIC_GetPriorityGrouping
                0x0000000008000b3c       0x1c ./Drivers/STM32F2xx_HAL_Driver/Src/stm32f2xx_hal_cortex.o
 .text.__NVIC_EnableIRQ
                0x0000000008000b58       0x38 ./Drivers/STM32F2xx_HAL_Driver/Src/stm32f2xx_hal_cortex.o
 .text.__NVIC_SetPriority
                0x0000000008000b90       0x54 ./Drivers/STM32F2xx_HAL_Driver/Src/stm32f2xx_hal_cortex.o
 .text.NVIC_EncodePriority
                0x0000000008000be4       0x64 ./Drivers/STM32F2xx_HAL_Driver/Src/stm32f2xx_hal_cortex.o
 .text.SysTick_Config
                0x0000000008000c48       0x44 ./Drivers/STM32F2xx_HAL_Driver/Src/stm32f2xx_hal_cortex.o
 .text.HAL_NVIC_SetPriorityGrouping
                0x0000000008000c8c       0x16 ./Drivers/STM32F2xx_HAL_Driver/Src/stm32f2xx_hal_cortex.o
                0x0000000008000c8c                HAL_NVIC_SetPriorityGrouping
 .text.HAL_NVIC_SetPriority
                0x0000000008000ca2       0x38 ./Drivers/STM32F2xx_HAL_Driver/Src/stm32f2xx_hal_cortex.o
                0x0000000008000ca2                HAL_NVIC_SetPriority
 .text.HAL_NVIC_EnableIRQ
                0x0000000008000cda       0x1c ./Drivers/STM32F2xx_HAL_Driver/Src/stm32f2xx_hal_cortex.o
                0x0000000008000cda                HAL_NVIC_EnableIRQ
 .text.HAL_SYSTICK_Config
                0x0000000008000cf6       0x18 ./Drivers/STM32F2xx_HAL_Driver/Src/stm32f2xx_hal_cortex.o
                0x0000000008000cf6                HAL_SYSTICK_Config
 *fill*         0x0000000008000d0e        0x2 
 .text.HAL_GPIO_Init
                0x0000000008000d10      0x33c ./Drivers/STM32F2xx_HAL_Driver/Src/stm32f2xx_hal_gpio.o
                0x0000000008000d10                HAL_GPIO_Init
 .text.HAL_GPIO_WritePin
                0x000000000800104c       0x30 ./Drivers/STM32F2xx_HAL_Driver/Src/stm32f2xx_hal_gpio.o
                0x000000000800104c                HAL_GPIO_WritePin
 .text.HAL_GPIO_TogglePin
                0x000000000800107c       0x32 ./Drivers/STM32F2xx_HAL_Driver/Src/stm32f2xx_hal_gpio.o
                0x000000000800107c                HAL_GPIO_TogglePin
 .text.HAL_PCD_Init
                0x00000000080010ae      0x23a ./Drivers/STM32F2xx_HAL_Driver/Src/stm32f2xx_hal_pcd.o
                0x00000000080010ae                HAL_PCD_Init
 .text.HAL_PCD_Start
                0x00000000080012e8       0x44 ./Drivers/STM32F2xx_HAL_Driver/Src/stm32f2xx_hal_pcd.o
                0x00000000080012e8                HAL_PCD_Start
 .text.HAL_PCD_IRQHandler
                0x000000000800132c      0x748 ./Drivers/STM32F2xx_HAL_Driver/Src/stm32f2xx_hal_pcd.o
                0x000000000800132c                HAL_PCD_IRQHandler
 .text.HAL_PCD_SetAddress
                0x0000000008001a74       0x4a ./Drivers/STM32F2xx_HAL_Driver/Src/stm32f2xx_hal_pcd.o
                0x0000000008001a74                HAL_PCD_SetAddress
 .text.HAL_PCD_EP_Open
                0x0000000008001abe       0xd0 ./Drivers/STM32F2xx_HAL_Driver/Src/stm32f2xx_hal_pcd.o
                0x0000000008001abe                HAL_PCD_EP_Open
 .text.HAL_PCD_EP_Close
                0x0000000008001b8e       0x94 ./Drivers/STM32F2xx_HAL_Driver/Src/stm32f2xx_hal_pcd.o
                0x0000000008001b8e                HAL_PCD_EP_Close
 .text.HAL_PCD_EP_Receive
                0x0000000008001c22       0x96 ./Drivers/STM32F2xx_HAL_Driver/Src/stm32f2xx_hal_pcd.o
                0x0000000008001c22                HAL_PCD_EP_Receive
 .text.HAL_PCD_EP_GetRxCount
                0x0000000008001cb8       0x2e ./Drivers/STM32F2xx_HAL_Driver/Src/stm32f2xx_hal_pcd.o
                0x0000000008001cb8                HAL_PCD_EP_GetRxCount
 .text.HAL_PCD_EP_Transmit
                0x0000000008001ce6       0x94 ./Drivers/STM32F2xx_HAL_Driver/Src/stm32f2xx_hal_pcd.o
                0x0000000008001ce6                HAL_PCD_EP_Transmit
 .text.HAL_PCD_EP_SetStall
                0x0000000008001d7a       0xc8 ./Drivers/STM32F2xx_HAL_Driver/Src/stm32f2xx_hal_pcd.o
                0x0000000008001d7a                HAL_PCD_EP_SetStall
 .text.HAL_PCD_EP_ClrStall
                0x0000000008001e42       0xac ./Drivers/STM32F2xx_HAL_Driver/Src/stm32f2xx_hal_pcd.o
                0x0000000008001e42                HAL_PCD_EP_ClrStall
 .text.PCD_WriteEmptyTxFifo
                0x0000000008001eee      0x11a ./Drivers/STM32F2xx_HAL_Driver/Src/stm32f2xx_hal_pcd.o
 .text.PCD_EP_OutXfrComplete_int
                0x0000000008002008      0x218 ./Drivers/STM32F2xx_HAL_Driver/Src/stm32f2xx_hal_pcd.o
 .text.PCD_EP_OutSetupPacket_int
                0x0000000008002220       0x8c ./Drivers/STM32F2xx_HAL_Driver/Src/stm32f2xx_hal_pcd.o
 .text.HAL_PCDEx_SetTxFiFo
                0x00000000080022ac       0x8c ./Drivers/STM32F2xx_HAL_Driver/Src/stm32f2xx_hal_pcd_ex.o
                0x00000000080022ac                HAL_PCDEx_SetTxFiFo
 .text.HAL_PCDEx_SetRxFiFo
                0x0000000008002338       0x20 ./Drivers/STM32F2xx_HAL_Driver/Src/stm32f2xx_hal_pcd_ex.o
                0x0000000008002338                HAL_PCDEx_SetRxFiFo
 .text.HAL_RCC_OscConfig
                0x0000000008002358      0x49c ./Drivers/STM32F2xx_HAL_Driver/Src/stm32f2xx_hal_rcc.o
                0x0000000008002358                HAL_RCC_OscConfig
 .text.HAL_RCC_ClockConfig
                0x00000000080027f4      0x1d8 ./Drivers/STM32F2xx_HAL_Driver/Src/stm32f2xx_hal_rcc.o
                0x00000000080027f4                HAL_RCC_ClockConfig
 .text.HAL_RCC_GetSysClockFreq
                0x00000000080029cc      0x218 ./Drivers/STM32F2xx_HAL_Driver/Src/stm32f2xx_hal_rcc.o
                0x00000000080029cc                HAL_RCC_GetSysClockFreq
 .text.HAL_RCC_GetHCLKFreq
                0x0000000008002be4       0x14 ./Drivers/STM32F2xx_HAL_Driver/Src/stm32f2xx_hal_rcc.o
                0x0000000008002be4                HAL_RCC_GetHCLKFreq
 .text.USB_CoreInit
                0x0000000008002bf8       0xae ./Drivers/STM32F2xx_HAL_Driver/Src/stm32f2xx_ll_usb.o
                0x0000000008002bf8                USB_CoreInit
 *fill*         0x0000000008002ca6        0x2 
 .text.USB_SetTurnaroundTime
                0x0000000008002ca8      0x144 ./Drivers/STM32F2xx_HAL_Driver/Src/stm32f2xx_ll_usb.o
                0x0000000008002ca8                USB_SetTurnaroundTime
 .text.USB_EnableGlobalInt
                0x0000000008002dec       0x20 ./Drivers/STM32F2xx_HAL_Driver/Src/stm32f2xx_ll_usb.o
                0x0000000008002dec                USB_EnableGlobalInt
 .text.USB_DisableGlobalInt
                0x0000000008002e0c       0x20 ./Drivers/STM32F2xx_HAL_Driver/Src/stm32f2xx_ll_usb.o
                0x0000000008002e0c                USB_DisableGlobalInt
 .text.USB_SetCurrentMode
                0x0000000008002e2c       0x98 ./Drivers/STM32F2xx_HAL_Driver/Src/stm32f2xx_ll_usb.o
                0x0000000008002e2c                USB_SetCurrentMode
 .text.USB_DevInit
                0x0000000008002ec4      0x2c8 ./Drivers/STM32F2xx_HAL_Driver/Src/stm32f2xx_ll_usb.o
                0x0000000008002ec4                USB_DevInit
 .text.USB_FlushTxFifo
                0x000000000800318c       0x48 ./Drivers/STM32F2xx_HAL_Driver/Src/stm32f2xx_ll_usb.o
                0x000000000800318c                USB_FlushTxFifo
 .text.USB_FlushRxFifo
                0x00000000080031d4       0x40 ./Drivers/STM32F2xx_HAL_Driver/Src/stm32f2xx_ll_usb.o
                0x00000000080031d4                USB_FlushRxFifo
 .text.USB_SetDevSpeed
                0x0000000008003214       0x30 ./Drivers/STM32F2xx_HAL_Driver/Src/stm32f2xx_ll_usb.o
                0x0000000008003214                USB_SetDevSpeed
 .text.USB_GetDevSpeed
                0x0000000008003244       0x48 ./Drivers/STM32F2xx_HAL_Driver/Src/stm32f2xx_ll_usb.o
                0x0000000008003244                USB_GetDevSpeed
 .text.USB_ActivateEndpoint
                0x000000000800328c      0x10c ./Drivers/STM32F2xx_HAL_Driver/Src/stm32f2xx_ll_usb.o
                0x000000000800328c                USB_ActivateEndpoint
 .text.USB_DeactivateEndpoint
                0x0000000008003398      0x1b8 ./Drivers/STM32F2xx_HAL_Driver/Src/stm32f2xx_ll_usb.o
                0x0000000008003398                USB_DeactivateEndpoint
 .text.USB_EPStartXfer
                0x0000000008003550      0x488 ./Drivers/STM32F2xx_HAL_Driver/Src/stm32f2xx_ll_usb.o
                0x0000000008003550                USB_EPStartXfer
 .text.USB_EP0StartXfer
                0x00000000080039d8      0x2a4 ./Drivers/STM32F2xx_HAL_Driver/Src/stm32f2xx_ll_usb.o
                0x00000000080039d8                USB_EP0StartXfer
 .text.USB_WritePacket
                0x0000000008003c7c       0x7a ./Drivers/STM32F2xx_HAL_Driver/Src/stm32f2xx_ll_usb.o
                0x0000000008003c7c                USB_WritePacket
 .text.USB_ReadPacket
                0x0000000008003cf6       0xae ./Drivers/STM32F2xx_HAL_Driver/Src/stm32f2xx_ll_usb.o
                0x0000000008003cf6                USB_ReadPacket
 .text.USB_EPSetStall
                0x0000000008003da4       0xda ./Drivers/STM32F2xx_HAL_Driver/Src/stm32f2xx_ll_usb.o
                0x0000000008003da4                USB_EPSetStall
 .text.USB_EPClearStall
                0x0000000008003e7e       0xca ./Drivers/STM32F2xx_HAL_Driver/Src/stm32f2xx_ll_usb.o
                0x0000000008003e7e                USB_EPClearStall
 .text.USB_SetDevAddress
                0x0000000008003f48       0x4a ./Drivers/STM32F2xx_HAL_Driver/Src/stm32f2xx_ll_usb.o
                0x0000000008003f48                USB_SetDevAddress
 .text.USB_DevConnect
                0x0000000008003f92       0x40 ./Drivers/STM32F2xx_HAL_Driver/Src/stm32f2xx_ll_usb.o
                0x0000000008003f92                USB_DevConnect
 .text.USB_DevDisconnect
                0x0000000008003fd2       0x40 ./Drivers/STM32F2xx_HAL_Driver/Src/stm32f2xx_ll_usb.o
                0x0000000008003fd2                USB_DevDisconnect
 .text.USB_ReadInterrupts
                0x0000000008004012       0x24 ./Drivers/STM32F2xx_HAL_Driver/Src/stm32f2xx_ll_usb.o
                0x0000000008004012                USB_ReadInterrupts
 .text.USB_ReadDevAllOutEpInterrupt
                0x0000000008004036       0x32 ./Drivers/STM32F2xx_HAL_Driver/Src/stm32f2xx_ll_usb.o
                0x0000000008004036                USB_ReadDevAllOutEpInterrupt
 .text.USB_ReadDevAllInEpInterrupt
                0x0000000008004068       0x32 ./Drivers/STM32F2xx_HAL_Driver/Src/stm32f2xx_ll_usb.o
                0x0000000008004068                USB_ReadDevAllInEpInterrupt
 .text.USB_ReadDevOutEPInterrupt
                0x000000000800409a       0x3a ./Drivers/STM32F2xx_HAL_Driver/Src/stm32f2xx_ll_usb.o
                0x000000000800409a                USB_ReadDevOutEPInterrupt
 .text.USB_ReadDevInEPInterrupt
                0x00000000080040d4       0x5a ./Drivers/STM32F2xx_HAL_Driver/Src/stm32f2xx_ll_usb.o
                0x00000000080040d4                USB_ReadDevInEPInterrupt
 .text.USB_GetMode
                0x000000000800412e       0x1a ./Drivers/STM32F2xx_HAL_Driver/Src/stm32f2xx_ll_usb.o
                0x000000000800412e                USB_GetMode
 .text.USB_ActivateSetup
                0x0000000008004148       0x44 ./Drivers/STM32F2xx_HAL_Driver/Src/stm32f2xx_ll_usb.o
                0x0000000008004148                USB_ActivateSetup
 .text.USB_EP0_OutStart
                0x000000000800418c       0xb8 ./Drivers/STM32F2xx_HAL_Driver/Src/stm32f2xx_ll_usb.o
                0x000000000800418c                USB_EP0_OutStart
 .text.USB_CoreReset
                0x0000000008004244       0x64 ./Drivers/STM32F2xx_HAL_Driver/Src/stm32f2xx_ll_usb.o
 .text.USBD_CDC_Init
                0x00000000080042a8       0xf6 ./Middlewares/ST/STM32_USB_Device_Library/Class/CDC/Src/usbd_cdc.o
 .text.USBD_CDC_DeInit
                0x000000000800439e       0x6e ./Middlewares/ST/STM32_USB_Device_Library/Class/CDC/Src/usbd_cdc.o
 .text.USBD_CDC_Setup
                0x000000000800440c      0x146 ./Middlewares/ST/STM32_USB_Device_Library/Class/CDC/Src/usbd_cdc.o
 .text.USBD_CDC_DataIn
                0x0000000008004552       0xa6 ./Middlewares/ST/STM32_USB_Device_Library/Class/CDC/Src/usbd_cdc.o
 .text.USBD_CDC_DataOut
                0x00000000080045f8       0x56 ./Middlewares/ST/STM32_USB_Device_Library/Class/CDC/Src/usbd_cdc.o
 .text.USBD_CDC_EP0_RxReady
                0x000000000800464e       0x50 ./Middlewares/ST/STM32_USB_Device_Library/Class/CDC/Src/usbd_cdc.o
 *fill*         0x000000000800469e        0x2 
 .text.USBD_CDC_GetFSCfgDesc
                0x00000000080046a0       0x20 ./Middlewares/ST/STM32_USB_Device_Library/Class/CDC/Src/usbd_cdc.o
 .text.USBD_CDC_GetHSCfgDesc
                0x00000000080046c0       0x20 ./Middlewares/ST/STM32_USB_Device_Library/Class/CDC/Src/usbd_cdc.o
 .text.USBD_CDC_GetOtherSpeedCfgDesc
                0x00000000080046e0       0x20 ./Middlewares/ST/STM32_USB_Device_Library/Class/CDC/Src/usbd_cdc.o
 .text.USBD_CDC_GetDeviceQualifierDescriptor
                0x0000000008004700       0x20 ./Middlewares/ST/STM32_USB_Device_Library/Class/CDC/Src/usbd_cdc.o
                0x0000000008004700                USBD_CDC_GetDeviceQualifierDescriptor
 .text.USBD_CDC_RegisterInterface
                0x0000000008004720       0x2c ./Middlewares/ST/STM32_USB_Device_Library/Class/CDC/Src/usbd_cdc.o
                0x0000000008004720                USBD_CDC_RegisterInterface
 .text.USBD_CDC_SetTxBuffer
                0x000000000800474c       0x32 ./Middlewares/ST/STM32_USB_Device_Library/Class/CDC/Src/usbd_cdc.o
                0x000000000800474c                USBD_CDC_SetTxBuffer
 .text.USBD_CDC_SetRxBuffer
                0x000000000800477e       0x26 ./Middlewares/ST/STM32_USB_Device_Library/Class/CDC/Src/usbd_cdc.o
                0x000000000800477e                USBD_CDC_SetRxBuffer
 .text.USBD_CDC_TransmitPacket
                0x00000000080047a4       0x5e ./Middlewares/ST/STM32_USB_Device_Library/Class/CDC/Src/usbd_cdc.o
                0x00000000080047a4                USBD_CDC_TransmitPacket
 .text.USBD_CDC_ReceivePacket
                0x0000000008004802       0x54 ./Middlewares/ST/STM32_USB_Device_Library/Class/CDC/Src/usbd_cdc.o
                0x0000000008004802                USBD_CDC_ReceivePacket
 .text.USBD_Init
                0x0000000008004856       0x56 ./Middlewares/ST/STM32_USB_Device_Library/Core/Src/usbd_core.o
                0x0000000008004856                USBD_Init
 .text.USBD_RegisterClass
                0x00000000080048ac       0x32 ./Middlewares/ST/STM32_USB_Device_Library/Core/Src/usbd_core.o
                0x00000000080048ac                USBD_RegisterClass
 .text.USBD_Start
                0x00000000080048de       0x18 ./Middlewares/ST/STM32_USB_Device_Library/Core/Src/usbd_core.o
                0x00000000080048de                USBD_Start
 .text.USBD_RunTestMode
                0x00000000080048f6       0x14 ./Middlewares/ST/STM32_USB_Device_Library/Core/Src/usbd_core.o
                0x00000000080048f6                USBD_RunTestMode
 .text.USBD_SetClassConfig
                0x000000000800490a       0x3e ./Middlewares/ST/STM32_USB_Device_Library/Core/Src/usbd_core.o
                0x000000000800490a                USBD_SetClassConfig
 .text.USBD_ClrClassConfig
                0x0000000008004948       0x26 ./Middlewares/ST/STM32_USB_Device_Library/Core/Src/usbd_core.o
                0x0000000008004948                USBD_ClrClassConfig
 .text.USBD_LL_SetupStage
                0x000000000800496e       0x9a ./Middlewares/ST/STM32_USB_Device_Library/Core/Src/usbd_core.o
                0x000000000800496e                USBD_LL_SetupStage
 .text.USBD_LL_DataOutStage
                0x0000000008004a08       0xe2 ./Middlewares/ST/STM32_USB_Device_Library/Core/Src/usbd_core.o
                0x0000000008004a08                USBD_LL_DataOutStage
 .text.USBD_LL_DataInStage
                0x0000000008004aea      0x14a ./Middlewares/ST/STM32_USB_Device_Library/Core/Src/usbd_core.o
                0x0000000008004aea                USBD_LL_DataInStage
 .text.USBD_LL_Reset
                0x0000000008004c34       0x82 ./Middlewares/ST/STM32_USB_Device_Library/Core/Src/usbd_core.o
                0x0000000008004c34                USBD_LL_Reset
 .text.USBD_LL_SetSpeed
                0x0000000008004cb6       0x1e ./Middlewares/ST/STM32_USB_Device_Library/Core/Src/usbd_core.o
                0x0000000008004cb6                USBD_LL_SetSpeed
 .text.USBD_LL_Suspend
                0x0000000008004cd4       0x28 ./Middlewares/ST/STM32_USB_Device_Library/Core/Src/usbd_core.o
                0x0000000008004cd4                USBD_LL_Suspend
 .text.USBD_LL_Resume
                0x0000000008004cfc       0x2a ./Middlewares/ST/STM32_USB_Device_Library/Core/Src/usbd_core.o
                0x0000000008004cfc                USBD_LL_Resume
 .text.USBD_LL_SOF
                0x0000000008004d26       0x34 ./Middlewares/ST/STM32_USB_Device_Library/Core/Src/usbd_core.o
                0x0000000008004d26                USBD_LL_SOF
 .text.USBD_LL_IsoINIncomplete
                0x0000000008004d5a       0x18 ./Middlewares/ST/STM32_USB_Device_Library/Core/Src/usbd_core.o
                0x0000000008004d5a                USBD_LL_IsoINIncomplete
 .text.USBD_LL_IsoOUTIncomplete
                0x0000000008004d72       0x18 ./Middlewares/ST/STM32_USB_Device_Library/Core/Src/usbd_core.o
                0x0000000008004d72                USBD_LL_IsoOUTIncomplete
 .text.USBD_LL_DevConnected
                0x0000000008004d8a       0x14 ./Middlewares/ST/STM32_USB_Device_Library/Core/Src/usbd_core.o
                0x0000000008004d8a                USBD_LL_DevConnected
 .text.USBD_LL_DevDisconnected
                0x0000000008004d9e       0x2e ./Middlewares/ST/STM32_USB_Device_Library/Core/Src/usbd_core.o
                0x0000000008004d9e                USBD_LL_DevDisconnected
 .text.USBD_StdDevReq
                0x0000000008004dcc       0xd4 ./Middlewares/ST/STM32_USB_Device_Library/Core/Src/usbd_ctlreq.o
                0x0000000008004dcc                USBD_StdDevReq
 .text.USBD_StdItfReq
                0x0000000008004ea0       0x90 ./Middlewares/ST/STM32_USB_Device_Library/Core/Src/usbd_ctlreq.o
                0x0000000008004ea0                USBD_StdItfReq
 .text.USBD_StdEPReq
                0x0000000008004f30      0x2c6 ./Middlewares/ST/STM32_USB_Device_Library/Core/Src/usbd_ctlreq.o
                0x0000000008004f30                USBD_StdEPReq
 *fill*         0x00000000080051f6        0x2 
 .text.USBD_GetDescriptor
                0x00000000080051f8      0x2d0 ./Middlewares/ST/STM32_USB_Device_Library/Core/Src/usbd_ctlreq.o
 .text.USBD_SetAddress
                0x00000000080054c8       0x86 ./Middlewares/ST/STM32_USB_Device_Library/Core/Src/usbd_ctlreq.o
 *fill*         0x000000000800554e        0x2 
 .text.USBD_SetConfig
                0x0000000008005550      0x11c ./Middlewares/ST/STM32_USB_Device_Library/Core/Src/usbd_ctlreq.o
 .text.USBD_GetConfig
                0x000000000800566c       0x6a ./Middlewares/ST/STM32_USB_Device_Library/Core/Src/usbd_ctlreq.o
 .text.USBD_GetStatus
                0x00000000080056d6       0x66 ./Middlewares/ST/STM32_USB_Device_Library/Core/Src/usbd_ctlreq.o
 .text.USBD_SetFeature
                0x000000000800573c       0x28 ./Middlewares/ST/STM32_USB_Device_Library/Core/Src/usbd_ctlreq.o
 .text.USBD_ClrFeature
                0x0000000008005764       0x42 ./Middlewares/ST/STM32_USB_Device_Library/Core/Src/usbd_ctlreq.o
 .text.USBD_ParseSetupRequest
                0x00000000080057a6       0x78 ./Middlewares/ST/STM32_USB_Device_Library/Core/Src/usbd_ctlreq.o
                0x00000000080057a6                USBD_ParseSetupRequest
 .text.USBD_CtlError
                0x000000000800581e       0x22 ./Middlewares/ST/STM32_USB_Device_Library/Core/Src/usbd_ctlreq.o
                0x000000000800581e                USBD_CtlError
 .text.USBD_GetString
                0x0000000008005840       0x84 ./Middlewares/ST/STM32_USB_Device_Library/Core/Src/usbd_ctlreq.o
                0x0000000008005840                USBD_GetString
 .text.USBD_GetLen
                0x00000000080058c4       0x2e ./Middlewares/ST/STM32_USB_Device_Library/Core/Src/usbd_ctlreq.o
 .text.USBD_CtlSendData
                0x00000000080058f2       0x38 ./Middlewares/ST/STM32_USB_Device_Library/Core/Src/usbd_ioreq.o
                0x00000000080058f2                USBD_CtlSendData
 .text.USBD_CtlContinueSendData
                0x000000000800592a       0x24 ./Middlewares/ST/STM32_USB_Device_Library/Core/Src/usbd_ioreq.o
                0x000000000800592a                USBD_CtlContinueSendData
 .text.USBD_CtlPrepareRx
                0x000000000800594e       0x3c ./Middlewares/ST/STM32_USB_Device_Library/Core/Src/usbd_ioreq.o
                0x000000000800594e                USBD_CtlPrepareRx
 .text.USBD_CtlContinueRx
                0x000000000800598a       0x24 ./Middlewares/ST/STM32_USB_Device_Library/Core/Src/usbd_ioreq.o
                0x000000000800598a                USBD_CtlContinueRx
 .text.USBD_CtlSendStatus
                0x00000000080059ae       0x26 ./Middlewares/ST/STM32_USB_Device_Library/Core/Src/usbd_ioreq.o
                0x00000000080059ae                USBD_CtlSendStatus
 .text.USBD_CtlReceiveStatus
                0x00000000080059d4       0x26 ./Middlewares/ST/STM32_USB_Device_Library/Core/Src/usbd_ioreq.o
                0x00000000080059d4                USBD_CtlReceiveStatus
 *fill*         0x00000000080059fa        0x2 
 .text.MX_USB_DEVICE_Init
                0x00000000080059fc       0x60 ./USB_DEVICE/App/usb_device.o
                0x00000000080059fc                MX_USB_DEVICE_Init
 .text.CDC_Init_FS
                0x0000000008005a5c       0x28 ./USB_DEVICE/App/usbd_cdc_if.o
 .text.CDC_DeInit_FS
                0x0000000008005a84        0xe ./USB_DEVICE/App/usbd_cdc_if.o
 *fill*         0x0000000008005a92        0x2 
 .text.CDC_Control_FS
                0x0000000008005a94       0xbc ./USB_DEVICE/App/usbd_cdc_if.o
 .text.CDC_Receive_FS
                0x0000000008005b50       0x28 ./USB_DEVICE/App/usbd_cdc_if.o
 .text.CDC_Transmit_FS
                0x0000000008005b78       0x4c ./USB_DEVICE/App/usbd_cdc_if.o
                0x0000000008005b78                CDC_Transmit_FS
 .text.USBD_FS_DeviceDescriptor
                0x0000000008005bc4       0x24 ./USB_DEVICE/App/usbd_desc.o
                0x0000000008005bc4                USBD_FS_DeviceDescriptor
 .text.USBD_FS_LangIDStrDescriptor
                0x0000000008005be8       0x24 ./USB_DEVICE/App/usbd_desc.o
                0x0000000008005be8                USBD_FS_LangIDStrDescriptor
 .text.USBD_FS_ProductStrDescriptor
                0x0000000008005c0c       0x3c ./USB_DEVICE/App/usbd_desc.o
                0x0000000008005c0c                USBD_FS_ProductStrDescriptor
 .text.USBD_FS_ManufacturerStrDescriptor
                0x0000000008005c48       0x28 ./USB_DEVICE/App/usbd_desc.o
                0x0000000008005c48                USBD_FS_ManufacturerStrDescriptor
 .text.USBD_FS_SerialStrDescriptor
                0x0000000008005c70       0x24 ./USB_DEVICE/App/usbd_desc.o
                0x0000000008005c70                USBD_FS_SerialStrDescriptor
 .text.USBD_FS_ConfigStrDescriptor
                0x0000000008005c94       0x3c ./USB_DEVICE/App/usbd_desc.o
                0x0000000008005c94                USBD_FS_ConfigStrDescriptor
 .text.USBD_FS_InterfaceStrDescriptor
                0x0000000008005cd0       0x3c ./USB_DEVICE/App/usbd_desc.o
                0x0000000008005cd0                USBD_FS_InterfaceStrDescriptor
 .text.Get_SerialNum
                0x0000000008005d0c       0x58 ./USB_DEVICE/App/usbd_desc.o
 .text.IntToUnicode
                0x0000000008005d64       0x7c ./USB_DEVICE/App/usbd_desc.o
 .text.HAL_PCD_MspInit
                0x0000000008005de0       0xc4 ./USB_DEVICE/Target/usbd_conf.o
                0x0000000008005de0                HAL_PCD_MspInit
 .text.HAL_PCD_SetupStageCallback
                0x0000000008005ea4       0x24 ./USB_DEVICE/Target/usbd_conf.o
                0x0000000008005ea4                HAL_PCD_SetupStageCallback
 .text.HAL_PCD_DataOutStageCallback
                0x0000000008005ec8       0x36 ./USB_DEVICE/Target/usbd_conf.o
                0x0000000008005ec8                HAL_PCD_DataOutStageCallback
 .text.HAL_PCD_DataInStageCallback
                0x0000000008005efe       0x34 ./USB_DEVICE/Target/usbd_conf.o
                0x0000000008005efe                HAL_PCD_DataInStageCallback
 .text.HAL_PCD_SOFCallback
                0x0000000008005f32       0x1c ./USB_DEVICE/Target/usbd_conf.o
                0x0000000008005f32                HAL_PCD_SOFCallback
 .text.HAL_PCD_ResetCallback
                0x0000000008005f4e       0x50 ./USB_DEVICE/Target/usbd_conf.o
                0x0000000008005f4e                HAL_PCD_ResetCallback
 *fill*         0x0000000008005f9e        0x2 
 .text.HAL_PCD_SuspendCallback
                0x0000000008005fa0       0x4c ./USB_DEVICE/Target/usbd_conf.o
                0x0000000008005fa0                HAL_PCD_SuspendCallback
 .text.HAL_PCD_ResumeCallback
                0x0000000008005fec       0x1c ./USB_DEVICE/Target/usbd_conf.o
                0x0000000008005fec                HAL_PCD_ResumeCallback
 .text.HAL_PCD_ISOOUTIncompleteCallback
                0x0000000008006008       0x24 ./USB_DEVICE/Target/usbd_conf.o
                0x0000000008006008                HAL_PCD_ISOOUTIncompleteCallback
 .text.HAL_PCD_ISOINIncompleteCallback
                0x000000000800602c       0x24 ./USB_DEVICE/Target/usbd_conf.o
                0x000000000800602c                HAL_PCD_ISOINIncompleteCallback
 .text.HAL_PCD_ConnectCallback
                0x0000000008006050       0x1c ./USB_DEVICE/Target/usbd_conf.o
                0x0000000008006050                HAL_PCD_ConnectCallback
 .text.HAL_PCD_DisconnectCallback
                0x000000000800606c       0x1c ./USB_DEVICE/Target/usbd_conf.o
                0x000000000800606c                HAL_PCD_DisconnectCallback
 .text.USBD_LL_Init
                0x0000000008006088       0x94 ./USB_DEVICE/Target/usbd_conf.o
                0x0000000008006088                USBD_LL_Init
 .text.USBD_LL_Start
                0x000000000800611c       0x36 ./USB_DEVICE/Target/usbd_conf.o
                0x000000000800611c                USBD_LL_Start
 .text.USBD_LL_OpenEP
                0x0000000008006152       0x4c ./USB_DEVICE/Target/usbd_conf.o
                0x0000000008006152                USBD_LL_OpenEP
 .text.USBD_LL_CloseEP
                0x000000000800619e       0x3e ./USB_DEVICE/Target/usbd_conf.o
                0x000000000800619e                USBD_LL_CloseEP
 .text.USBD_LL_StallEP
                0x00000000080061dc       0x3e ./USB_DEVICE/Target/usbd_conf.o
                0x00000000080061dc                USBD_LL_StallEP
 .text.USBD_LL_ClearStallEP
                0x000000000800621a       0x3e ./USB_DEVICE/Target/usbd_conf.o
                0x000000000800621a                USBD_LL_ClearStallEP
 .text.USBD_LL_IsStallEP
                0x0000000008006258       0x56 ./USB_DEVICE/Target/usbd_conf.o
                0x0000000008006258                USBD_LL_IsStallEP
 .text.USBD_LL_SetUSBAddress
                0x00000000080062ae       0x3e ./USB_DEVICE/Target/usbd_conf.o
                0x00000000080062ae                USBD_LL_SetUSBAddress
 .text.USBD_LL_Transmit
                0x00000000080062ec       0x46 ./USB_DEVICE/Target/usbd_conf.o
                0x00000000080062ec                USBD_LL_Transmit
 .text.USBD_LL_PrepareReceive
                0x0000000008006332       0x46 ./USB_DEVICE/Target/usbd_conf.o
                0x0000000008006332                USBD_LL_PrepareReceive
 .text.USBD_LL_GetRxDataSize
                0x0000000008006378       0x26 ./USB_DEVICE/Target/usbd_conf.o
                0x0000000008006378                USBD_LL_GetRxDataSize
 *fill*         0x000000000800639e        0x2 
 .text.USBD_Get_USB_Status
                0x00000000080063a0       0x58 ./USB_DEVICE/Target/usbd_conf.o
                0x00000000080063a0                USBD_Get_USB_Status
 .text.__errno  0x00000000080063f8        0xc /Applications/STM32CubeIDE.app/Contents/Eclipse/plugins/com.st.stm32cube.ide.mcu.externaltools.gnu-tools-for-stm32.10.3-2021.10.macos64_1.0.0.202111181127/tools/bin/../lib/gcc/arm-none-eabi/10.3.1/../../../../arm-none-eabi/lib/thumb/v7-m/nofp/libc_nano.a(lib_a-errno.o)
                0x00000000080063f8                __errno
 .text.__libc_init_array
                0x0000000008006404       0x48 /Applications/STM32CubeIDE.app/Contents/Eclipse/plugins/com.st.stm32cube.ide.mcu.externaltools.gnu-tools-for-stm32.10.3-2021.10.macos64_1.0.0.202111181127/tools/bin/../lib/gcc/arm-none-eabi/10.3.1/../../../../arm-none-eabi/lib/thumb/v7-m/nofp/libc_nano.a(lib_a-init.o)
                0x0000000008006404                __libc_init_array
 .text.malloc   0x000000000800644c       0x10 /Applications/STM32CubeIDE.app/Contents/Eclipse/plugins/com.st.stm32cube.ide.mcu.externaltools.gnu-tools-for-stm32.10.3-2021.10.macos64_1.0.0.202111181127/tools/bin/../lib/gcc/arm-none-eabi/10.3.1/../../../../arm-none-eabi/lib/thumb/v7-m/nofp/libc_nano.a(lib_a-malloc.o)
                0x000000000800644c                malloc
 .text.free     0x000000000800645c       0x10 /Applications/STM32CubeIDE.app/Contents/Eclipse/plugins/com.st.stm32cube.ide.mcu.externaltools.gnu-tools-for-stm32.10.3-2021.10.macos64_1.0.0.202111181127/tools/bin/../lib/gcc/arm-none-eabi/10.3.1/../../../../arm-none-eabi/lib/thumb/v7-m/nofp/libc_nano.a(lib_a-malloc.o)
                0x000000000800645c                free
 .text.memset   0x000000000800646c       0x10 /Applications/STM32CubeIDE.app/Contents/Eclipse/plugins/com.st.stm32cube.ide.mcu.externaltools.gnu-tools-for-stm32.10.3-2021.10.macos64_1.0.0.202111181127/tools/bin/../lib/gcc/arm-none-eabi/10.3.1/../../../../arm-none-eabi/lib/thumb/v7-m/nofp/libc_nano.a(lib_a-memset.o)
                0x000000000800646c                memset
 .text._free_r  0x000000000800647c       0x90 /Applications/STM32CubeIDE.app/Contents/Eclipse/plugins/com.st.stm32cube.ide.mcu.externaltools.gnu-tools-for-stm32.10.3-2021.10.macos64_1.0.0.202111181127/tools/bin/../lib/gcc/arm-none-eabi/10.3.1/../../../../arm-none-eabi/lib/thumb/v7-m/nofp/libc_nano.a(lib_a-nano-freer.o)
                0x000000000800647c                _free_r
 .text.sbrk_aligned
                0x000000000800650c       0x40 /Applications/STM32CubeIDE.app/Contents/Eclipse/plugins/com.st.stm32cube.ide.mcu.externaltools.gnu-tools-for-stm32.10.3-2021.10.macos64_1.0.0.202111181127/tools/bin/../lib/gcc/arm-none-eabi/10.3.1/../../../../arm-none-eabi/lib/thumb/v7-m/nofp/libc_nano.a(lib_a-nano-mallocr.o)
 .text._malloc_r
                0x000000000800654c       0xe8 /Applications/STM32CubeIDE.app/Contents/Eclipse/plugins/com.st.stm32cube.ide.mcu.externaltools.gnu-tools-for-stm32.10.3-2021.10.macos64_1.0.0.202111181127/tools/bin/../lib/gcc/arm-none-eabi/10.3.1/../../../../arm-none-eabi/lib/thumb/v7-m/nofp/libc_nano.a(lib_a-nano-mallocr.o)
                0x000000000800654c                _malloc_r
 .text._sbrk_r  0x0000000008006634       0x20 /Applications/STM32CubeIDE.app/Contents/Eclipse/plugins/com.st.stm32cube.ide.mcu.externaltools.gnu-tools-for-stm32.10.3-2021.10.macos64_1.0.0.202111181127/tools/bin/../lib/gcc/arm-none-eabi/10.3.1/../../../../arm-none-eabi/lib/thumb/v7-m/nofp/libc_nano.a(lib_a-sbrkr.o)
                0x0000000008006634                _sbrk_r
 .text.sprintf  0x0000000008006654       0x40 /Applications/STM32CubeIDE.app/Contents/Eclipse/plugins/com.st.stm32cube.ide.mcu.externaltools.gnu-tools-for-stm32.10.3-2021.10.macos64_1.0.0.202111181127/tools/bin/../lib/gcc/arm-none-eabi/10.3.1/../../../../arm-none-eabi/lib/thumb/v7-m/nofp/libc_nano.a(lib_a-sprintf.o)
                0x0000000008006654                sprintf
                0x0000000008006654                siprintf
 .text.__malloc_lock
                0x0000000008006694        0xc /Applications/STM32CubeIDE.app/Contents/Eclipse/plugins/com.st.stm32cube.ide.mcu.externaltools.gnu-tools-for-stm32.10.3-2021.10.macos64_1.0.0.202111181127/tools/bin/../lib/gcc/arm-none-eabi/10.3.1/../../../../arm-none-eabi/lib/thumb/v7-m/nofp/libc_nano.a(lib_a-mlock.o)
                0x0000000008006694                __malloc_lock
 .text.__malloc_unlock
                0x00000000080066a0        0xc /Applications/STM32CubeIDE.app/Contents/Eclipse/plugins/com.st.stm32cube.ide.mcu.externaltools.gnu-tools-for-stm32.10.3-2021.10.macos64_1.0.0.202111181127/tools/bin/../lib/gcc/arm-none-eabi/10.3.1/../../../../arm-none-eabi/lib/thumb/v7-m/nofp/libc_nano.a(lib_a-mlock.o)
                0x00000000080066a0                __malloc_unlock
 .text.__ssputs_r
                0x00000000080066ac       0xb6 /Applications/STM32CubeIDE.app/Contents/Eclipse/plugins/com.st.stm32cube.ide.mcu.externaltools.gnu-tools-for-stm32.10.3-2021.10.macos64_1.0.0.202111181127/tools/bin/../lib/gcc/arm-none-eabi/10.3.1/../../../../arm-none-eabi/lib/thumb/v7-m/nofp/libc_nano.a(lib_a-nano-svfprintf.o)
                0x00000000080066ac                __ssputs_r
 *fill*         0x0000000008006762        0x2 
 .text._svfprintf_r
                0x0000000008006764      0x200 /Applications/STM32CubeIDE.app/Contents/Eclipse/plugins/com.st.stm32cube.ide.mcu.externaltools.gnu-tools-for-stm32.10.3-2021.10.macos64_1.0.0.202111181127/tools/bin/../lib/gcc/arm-none-eabi/10.3.1/../../../../arm-none-eabi/lib/thumb/v7-m/nofp/libc_nano.a(lib_a-nano-svfprintf.o)
                0x0000000008006764                _svfprintf_r
                0x0000000008006764                _svfiprintf_r
 .text._printf_common
                0x0000000008006964       0xde /Applications/STM32CubeIDE.app/Contents/Eclipse/plugins/com.st.stm32cube.ide.mcu.externaltools.gnu-tools-for-stm32.10.3-2021.10.macos64_1.0.0.202111181127/tools/bin/../lib/gcc/arm-none-eabi/10.3.1/../../../../arm-none-eabi/lib/thumb/v7-m/nofp/libc_nano.a(lib_a-nano-vfprintf_i.o)
                0x0000000008006964                _printf_common
 *fill*         0x0000000008006a42        0x2 
 .text._printf_i
                0x0000000008006a44      0x24c /Applications/STM32CubeIDE.app/Contents/Eclipse/plugins/com.st.stm32cube.ide.mcu.externaltools.gnu-tools-for-stm32.10.3-2021.10.macos64_1.0.0.202111181127/tools/bin/../lib/gcc/arm-none-eabi/10.3.1/../../../../arm-none-eabi/lib/thumb/v7-m/nofp/libc_nano.a(lib_a-nano-vfprintf_i.o)
                0x0000000008006a44                _printf_i
 .text.__retarget_lock_acquire_recursive
                0x0000000008006c90        0x2 /Applications/STM32CubeIDE.app/Contents/Eclipse/plugins/com.st.stm32cube.ide.mcu.externaltools.gnu-tools-for-stm32.10.3-2021.10.macos64_1.0.0.202111181127/tools/bin/../lib/gcc/arm-none-eabi/10.3.1/../../../../arm-none-eabi/lib/thumb/v7-m/nofp/libc_nano.a(lib_a-lock.o)
                0x0000000008006c90                __retarget_lock_acquire_recursive
 .text.__retarget_lock_release_recursive
                0x0000000008006c92        0x2 /Applications/STM32CubeIDE.app/Contents/Eclipse/plugins/com.st.stm32cube.ide.mcu.externaltools.gnu-tools-for-stm32.10.3-2021.10.macos64_1.0.0.202111181127/tools/bin/../lib/gcc/arm-none-eabi/10.3.1/../../../../arm-none-eabi/lib/thumb/v7-m/nofp/libc_nano.a(lib_a-lock.o)
                0x0000000008006c92                __retarget_lock_release_recursive
 .text.memchr   0x0000000008006c94       0x1c /Applications/STM32CubeIDE.app/Contents/Eclipse/plugins/com.st.stm32cube.ide.mcu.externaltools.gnu-tools-for-stm32.10.3-2021.10.macos64_1.0.0.202111181127/tools/bin/../lib/gcc/arm-none-eabi/10.3.1/../../../../arm-none-eabi/lib/thumb/v7-m/nofp/libc_nano.a(lib_a-memchr-stub.o)
                0x0000000008006c94                memchr
 .text.memcpy   0x0000000008006cb0       0x1c /Applications/STM32CubeIDE.app/Contents/Eclipse/plugins/com.st.stm32cube.ide.mcu.externaltools.gnu-tools-for-stm32.10.3-2021.10.macos64_1.0.0.202111181127/tools/bin/../lib/gcc/arm-none-eabi/10.3.1/../../../../arm-none-eabi/lib/thumb/v7-m/nofp/libc_nano.a(lib_a-memcpy-stub.o)
                0x0000000008006cb0                memcpy
 .text.memmove  0x0000000008006ccc       0x34 /Applications/STM32CubeIDE.app/Contents/Eclipse/plugins/com.st.stm32cube.ide.mcu.externaltools.gnu-tools-for-stm32.10.3-2021.10.macos64_1.0.0.202111181127/tools/bin/../lib/gcc/arm-none-eabi/10.3.1/../../../../arm-none-eabi/lib/thumb/v7-m/nofp/libc_nano.a(lib_a-memmove.o)
                0x0000000008006ccc                memmove
 .text._realloc_r
                0x0000000008006d00       0x5e /Applications/STM32CubeIDE.app/Contents/Eclipse/plugins/com.st.stm32cube.ide.mcu.externaltools.gnu-tools-for-stm32.10.3-2021.10.macos64_1.0.0.202111181127/tools/bin/../lib/gcc/arm-none-eabi/10.3.1/../../../../arm-none-eabi/lib/thumb/v7-m/nofp/libc_nano.a(lib_a-nano-reallocr.o)
                0x0000000008006d00                _realloc_r
 .text._malloc_usable_size_r
                0x0000000008006d5e       0x10 /Applications/STM32CubeIDE.app/Contents/Eclipse/plugins/com.st.stm32cube.ide.mcu.externaltools.gnu-tools-for-stm32.10.3-2021.10.macos64_1.0.0.202111181127/tools/bin/../lib/gcc/arm-none-eabi/10.3.1/../../../../arm-none-eabi/lib/thumb/v7-m/nofp/libc_nano.a(lib_a-nano-msizer.o)
                0x0000000008006d5e                _malloc_usable_size_r
 *(.glue_7)
 .glue_7        0x0000000008006d6e        0x0 linker stubs
 *(.glue_7t)
 .glue_7t       0x0000000008006d6e        0x0 linker stubs
 *(.eh_frame)
 *fill*         0x0000000008006d6e        0x2 
 .eh_frame      0x0000000008006d70        0x0 /Applications/STM32CubeIDE.app/Contents/Eclipse/plugins/com.st.stm32cube.ide.mcu.externaltools.gnu-tools-for-stm32.10.3-2021.10.macos64_1.0.0.202111181127/tools/bin/../lib/gcc/arm-none-eabi/10.3.1/thumb/v7-m/nofp/crtbegin.o
 *(.init)
 .init          0x0000000008006d70        0x4 /Applications/STM32CubeIDE.app/Contents/Eclipse/plugins/com.st.stm32cube.ide.mcu.externaltools.gnu-tools-for-stm32.10.3-2021.10.macos64_1.0.0.202111181127/tools/bin/../lib/gcc/arm-none-eabi/10.3.1/thumb/v7-m/nofp/crti.o
                0x0000000008006d70                _init
 .init          0x0000000008006d74        0x8 /Applications/STM32CubeIDE.app/Contents/Eclipse/plugins/com.st.stm32cube.ide.mcu.externaltools.gnu-tools-for-stm32.10.3-2021.10.macos64_1.0.0.202111181127/tools/bin/../lib/gcc/arm-none-eabi/10.3.1/thumb/v7-m/nofp/crtn.o
 *(.fini)
 .fini          0x0000000008006d7c        0x4 /Applications/STM32CubeIDE.app/Contents/Eclipse/plugins/com.st.stm32cube.ide.mcu.externaltools.gnu-tools-for-stm32.10.3-2021.10.macos64_1.0.0.202111181127/tools/bin/../lib/gcc/arm-none-eabi/10.3.1/thumb/v7-m/nofp/crti.o
                0x0000000008006d7c                _fini
 .fini          0x0000000008006d80        0x8 /Applications/STM32CubeIDE.app/Contents/Eclipse/plugins/com.st.stm32cube.ide.mcu.externaltools.gnu-tools-for-stm32.10.3-2021.10.macos64_1.0.0.202111181127/tools/bin/../lib/gcc/arm-none-eabi/10.3.1/thumb/v7-m/nofp/crtn.o
                0x0000000008006d88                . = ALIGN (0x4)
                0x0000000008006d88                _etext = .

.vfp11_veneer   0x0000000008006d88        0x0
 .vfp11_veneer  0x0000000008006d88        0x0 linker stubs

.v4_bx          0x0000000008006d88        0x0
 .v4_bx         0x0000000008006d88        0x0 linker stubs

.iplt           0x0000000008006d88        0x0
 .iplt          0x0000000008006d88        0x0 /Applications/STM32CubeIDE.app/Contents/Eclipse/plugins/com.st.stm32cube.ide.mcu.externaltools.gnu-tools-for-stm32.10.3-2021.10.macos64_1.0.0.202111181127/tools/bin/../lib/gcc/arm-none-eabi/10.3.1/thumb/v7-m/nofp/crtbegin.o

.rodata         0x0000000008006d88       0x94
                0x0000000008006d88                . = ALIGN (0x4)
 *(.rodata)
 .rodata        0x0000000008006d88        0x8 ./Core/Src/main.o
 .rodata        0x0000000008006d90       0x46 ./USB_DEVICE/App/usbd_desc.o
 *(.rodata*)
 *fill*         0x0000000008006dd6        0x2 
 .rodata.AHBPrescTable
                0x0000000008006dd8       0x10 ./Core/Src/system_stm32f2xx.o
                0x0000000008006dd8                AHBPrescTable
 .rodata._svfprintf_r.str1.1
                0x0000000008006de8       0x11 /Applications/STM32CubeIDE.app/Contents/Eclipse/plugins/com.st.stm32cube.ide.mcu.externaltools.gnu-tools-for-stm32.10.3-2021.10.macos64_1.0.0.202111181127/tools/bin/../lib/gcc/arm-none-eabi/10.3.1/../../../../arm-none-eabi/lib/thumb/v7-m/nofp/libc_nano.a(lib_a-nano-svfprintf.o)
 .rodata._printf_i.str1.1
                0x0000000008006df9       0x22 /Applications/STM32CubeIDE.app/Contents/Eclipse/plugins/com.st.stm32cube.ide.mcu.externaltools.gnu-tools-for-stm32.10.3-2021.10.macos64_1.0.0.202111181127/tools/bin/../lib/gcc/arm-none-eabi/10.3.1/../../../../arm-none-eabi/lib/thumb/v7-m/nofp/libc_nano.a(lib_a-nano-vfprintf_i.o)
                0x0000000008006e1c                . = ALIGN (0x4)
 *fill*         0x0000000008006e1b        0x1 

.ARM.extab      0x0000000008006e1c        0x0
                0x0000000008006e1c                . = ALIGN (0x4)
 *(.ARM.extab* .gnu.linkonce.armextab.*)
                0x0000000008006e1c                . = ALIGN (0x4)

.ARM            0x0000000008006e1c        0x8
                0x0000000008006e1c                . = ALIGN (0x4)
                0x0000000008006e1c                __exidx_start = .
 *(.ARM.exidx*)
 .ARM.exidx     0x0000000008006e1c        0x8 /Applications/STM32CubeIDE.app/Contents/Eclipse/plugins/com.st.stm32cube.ide.mcu.externaltools.gnu-tools-for-stm32.10.3-2021.10.macos64_1.0.0.202111181127/tools/bin/../lib/gcc/arm-none-eabi/10.3.1/thumb/v7-m/nofp/libgcc.a(_udivmoddi4.o)
                0x0000000008006e24                __exidx_end = .
                0x0000000008006e24                . = ALIGN (0x4)

.rel.dyn        0x0000000008006e24        0x0
 .rel.iplt      0x0000000008006e24        0x0 /Applications/STM32CubeIDE.app/Contents/Eclipse/plugins/com.st.stm32cube.ide.mcu.externaltools.gnu-tools-for-stm32.10.3-2021.10.macos64_1.0.0.202111181127/tools/bin/../lib/gcc/arm-none-eabi/10.3.1/thumb/v7-m/nofp/crtbegin.o

.preinit_array  0x0000000008006e24        0x0
                0x0000000008006e24                . = ALIGN (0x4)
                0x0000000008006e24                PROVIDE (__preinit_array_start = .)
 *(.preinit_array*)
                0x0000000008006e24                PROVIDE (__preinit_array_end = .)
                0x0000000008006e24                . = ALIGN (0x4)

.init_array     0x0000000008006e24        0x4
                0x0000000008006e24                . = ALIGN (0x4)
                0x0000000008006e24                PROVIDE (__init_array_start = .)
 *(SORT_BY_NAME(.init_array.*))
 *(.init_array*)
 .init_array    0x0000000008006e24        0x4 /Applications/STM32CubeIDE.app/Contents/Eclipse/plugins/com.st.stm32cube.ide.mcu.externaltools.gnu-tools-for-stm32.10.3-2021.10.macos64_1.0.0.202111181127/tools/bin/../lib/gcc/arm-none-eabi/10.3.1/thumb/v7-m/nofp/crtbegin.o
                0x0000000008006e28                PROVIDE (__init_array_end = .)
                0x0000000008006e28                . = ALIGN (0x4)

.fini_array     0x0000000008006e28        0x4
                0x0000000008006e28                . = ALIGN (0x4)
                [!provide]                        PROVIDE (__fini_array_start = .)
 *(SORT_BY_NAME(.fini_array.*))
 *(.fini_array*)
 .fini_array    0x0000000008006e28        0x4 /Applications/STM32CubeIDE.app/Contents/Eclipse/plugins/com.st.stm32cube.ide.mcu.externaltools.gnu-tools-for-stm32.10.3-2021.10.macos64_1.0.0.202111181127/tools/bin/../lib/gcc/arm-none-eabi/10.3.1/thumb/v7-m/nofp/crtbegin.o
                [!provide]                        PROVIDE (__fini_array_end = .)
                0x0000000008006e2c                . = ALIGN (0x4)
                0x0000000008006e2c                _sidata = LOADADDR (.data)

.data           0x0000000020000000      0x1f0 load address 0x0000000008006e2c
                0x0000000020000000                . = ALIGN (0x4)
                0x0000000020000000                _sdata = .
 *(.data)
 *(.data*)
 .data.buffer   0x0000000020000000        0xe ./Core/Src/main.o
                0x0000000020000000                buffer
 *fill*         0x000000002000000e        0x2 
 .data.SystemCoreClock
                0x0000000020000010        0x4 ./Core/Src/system_stm32f2xx.o
                0x0000000020000010                SystemCoreClock
 .data.uwTickPrio
                0x0000000020000014        0x4 ./Drivers/STM32F2xx_HAL_Driver/Src/stm32f2xx_hal.o
                0x0000000020000014                uwTickPrio
 .data.uwTickFreq
                0x0000000020000018        0x1 ./Drivers/STM32F2xx_HAL_Driver/Src/stm32f2xx_hal.o
                0x0000000020000018                uwTickFreq
 *fill*         0x0000000020000019        0x3 
 .data.USBD_CDC_DeviceQualifierDesc
                0x000000002000001c        0xa ./Middlewares/ST/STM32_USB_Device_Library/Class/CDC/Src/usbd_cdc.o
 *fill*         0x0000000020000026        0x2 
 .data.USBD_CDC
                0x0000000020000028       0x38 ./Middlewares/ST/STM32_USB_Device_Library/Class/CDC/Src/usbd_cdc.o
                0x0000000020000028                USBD_CDC
 .data.USBD_CDC_CfgHSDesc
                0x0000000020000060       0x43 ./Middlewares/ST/STM32_USB_Device_Library/Class/CDC/Src/usbd_cdc.o
                0x0000000020000060                USBD_CDC_CfgHSDesc
 *fill*         0x00000000200000a3        0x1 
 .data.USBD_CDC_CfgFSDesc
                0x00000000200000a4       0x43 ./Middlewares/ST/STM32_USB_Device_Library/Class/CDC/Src/usbd_cdc.o
                0x00000000200000a4                USBD_CDC_CfgFSDesc
 *fill*         0x00000000200000e7        0x1 
 .data.USBD_CDC_OtherSpeedCfgDesc
                0x00000000200000e8       0x43 ./Middlewares/ST/STM32_USB_Device_Library/Class/CDC/Src/usbd_cdc.o
                0x00000000200000e8                USBD_CDC_OtherSpeedCfgDesc
 *fill*         0x000000002000012b        0x1 
 .data.USBD_Interface_fops_FS
                0x000000002000012c       0x10 ./USB_DEVICE/App/usbd_cdc_if.o
                0x000000002000012c                USBD_Interface_fops_FS
 .data.FS_Desc  0x000000002000013c       0x1c ./USB_DEVICE/App/usbd_desc.o
                0x000000002000013c                FS_Desc
 .data.USBD_FS_DeviceDesc
                0x0000000020000158       0x12 ./USB_DEVICE/App/usbd_desc.o
                0x0000000020000158                USBD_FS_DeviceDesc
 *fill*         0x000000002000016a        0x2 
 .data.USBD_LangIDDesc
                0x000000002000016c        0x4 ./USB_DEVICE/App/usbd_desc.o
                0x000000002000016c                USBD_LangIDDesc
 .data.USBD_StringSerial
                0x0000000020000170       0x1a ./USB_DEVICE/App/usbd_desc.o
                0x0000000020000170                USBD_StringSerial
 *fill*         0x000000002000018a        0x2 
 .data._impure_ptr
                0x000000002000018c        0x4 /Applications/STM32CubeIDE.app/Contents/Eclipse/plugins/com.st.stm32cube.ide.mcu.externaltools.gnu-tools-for-stm32.10.3-2021.10.macos64_1.0.0.202111181127/tools/bin/../lib/gcc/arm-none-eabi/10.3.1/../../../../arm-none-eabi/lib/thumb/v7-m/nofp/libc_nano.a(lib_a-impure.o)
                0x000000002000018c                _impure_ptr
 .data.impure_data
                0x0000000020000190       0x60 /Applications/STM32CubeIDE.app/Contents/Eclipse/plugins/com.st.stm32cube.ide.mcu.externaltools.gnu-tools-for-stm32.10.3-2021.10.macos64_1.0.0.202111181127/tools/bin/../lib/gcc/arm-none-eabi/10.3.1/../../../../arm-none-eabi/lib/thumb/v7-m/nofp/libc_nano.a(lib_a-impure.o)
 *(.RamFunc)
 *(.RamFunc*)
                0x00000000200001f0                . = ALIGN (0x4)
                0x00000000200001f0                _edata = .

.igot.plt       0x00000000200001f0        0x0 load address 0x000000000800701c
 .igot.plt      0x00000000200001f0        0x0 /Applications/STM32CubeIDE.app/Contents/Eclipse/plugins/com.st.stm32cube.ide.mcu.externaltools.gnu-tools-for-stm32.10.3-2021.10.macos64_1.0.0.202111181127/tools/bin/../lib/gcc/arm-none-eabi/10.3.1/thumb/v7-m/nofp/crtbegin.o
                0x00000000200001f0                . = ALIGN (0x4)

.bss            0x00000000200001f0     0x2cec load address 0x000000000800701c
                0x00000000200001f0                _sbss = .
                0x00000000200001f0                __bss_start__ = _sbss
 *(.bss)
 .bss           0x00000000200001f0       0x1c /Applications/STM32CubeIDE.app/Contents/Eclipse/plugins/com.st.stm32cube.ide.mcu.externaltools.gnu-tools-for-stm32.10.3-2021.10.macos64_1.0.0.202111181127/tools/bin/../lib/gcc/arm-none-eabi/10.3.1/thumb/v7-m/nofp/crtbegin.o
 *(.bss*)
 .bss.msgVCP_len
                0x000000002000020c        0x4 ./Core/Src/main.o
                0x000000002000020c                msgVCP_len
 .bss.msgVCP    0x0000000020000210       0x64 ./Core/Src/main.o
                0x0000000020000210                msgVCP
 .bss.msgVCP_2  0x0000000020000274     0x1388 ./Core/Src/main.o
                0x0000000020000274                msgVCP_2
 .bss.__sbrk_heap_end
                0x00000000200015fc        0x4 ./Core/Src/sysmem.o
 .bss.uwTick    0x0000000020001600        0x4 ./Drivers/STM32F2xx_HAL_Driver/Src/stm32f2xx_hal.o
                0x0000000020001600                uwTick
 .bss.cfgidx.0  0x0000000020001604        0x1 ./Middlewares/ST/STM32_USB_Device_Library/Core/Src/usbd_ctlreq.o
 *fill*         0x0000000020001605        0x3 
 .bss.hUsbDeviceFS
                0x0000000020001608      0x2c4 ./USB_DEVICE/App/usb_device.o
                0x0000000020001608                hUsbDeviceFS
 .bss.UserRxBufferFS
                0x00000000200018cc      0x800 ./USB_DEVICE/App/usbd_cdc_if.o
                0x00000000200018cc                UserRxBufferFS
 .bss.UserTxBufferFS
                0x00000000200020cc      0x800 ./USB_DEVICE/App/usbd_cdc_if.o
                0x00000000200020cc                UserTxBufferFS
 .bss.USBD_StrDesc
                0x00000000200028cc      0x200 ./USB_DEVICE/App/usbd_desc.o
                0x00000000200028cc                USBD_StrDesc
 .bss.hpcd_USB_OTG_FS
                0x0000000020002acc      0x400 ./USB_DEVICE/Target/usbd_conf.o
                0x0000000020002acc                hpcd_USB_OTG_FS
 .bss.__malloc_free_list
                0x0000000020002ecc        0x4 /Applications/STM32CubeIDE.app/Contents/Eclipse/plugins/com.st.stm32cube.ide.mcu.externaltools.gnu-tools-for-stm32.10.3-2021.10.macos64_1.0.0.202111181127/tools/bin/../lib/gcc/arm-none-eabi/10.3.1/../../../../arm-none-eabi/lib/thumb/v7-m/nofp/libc_nano.a(lib_a-nano-mallocr.o)
                0x0000000020002ecc                __malloc_free_list
 .bss.__malloc_sbrk_start
                0x0000000020002ed0        0x4 /Applications/STM32CubeIDE.app/Contents/Eclipse/plugins/com.st.stm32cube.ide.mcu.externaltools.gnu-tools-for-stm32.10.3-2021.10.macos64_1.0.0.202111181127/tools/bin/../lib/gcc/arm-none-eabi/10.3.1/../../../../arm-none-eabi/lib/thumb/v7-m/nofp/libc_nano.a(lib_a-nano-mallocr.o)
                0x0000000020002ed0                __malloc_sbrk_start
 .bss.errno     0x0000000020002ed4        0x4 /Applications/STM32CubeIDE.app/Contents/Eclipse/plugins/com.st.stm32cube.ide.mcu.externaltools.gnu-tools-for-stm32.10.3-2021.10.macos64_1.0.0.202111181127/tools/bin/../lib/gcc/arm-none-eabi/10.3.1/../../../../arm-none-eabi/lib/thumb/v7-m/nofp/libc_nano.a(lib_a-reent.o)
                0x0000000020002ed4                errno
 .bss.__lock___malloc_recursive_mutex
                0x0000000020002ed8        0x1 /Applications/STM32CubeIDE.app/Contents/Eclipse/plugins/com.st.stm32cube.ide.mcu.externaltools.gnu-tools-for-stm32.10.3-2021.10.macos64_1.0.0.202111181127/tools/bin/../lib/gcc/arm-none-eabi/10.3.1/../../../../arm-none-eabi/lib/thumb/v7-m/nofp/libc_nano.a(lib_a-lock.o)
                0x0000000020002ed8                __lock___malloc_recursive_mutex
 *(COMMON)
                0x0000000020002edc                . = ALIGN (0x4)
 *fill*         0x0000000020002ed9        0x3 
                0x0000000020002edc                _ebss = .
                0x0000000020002edc                __bss_end__ = _ebss

._user_heap_stack
                0x0000000020002edc      0x604 load address 0x000000000800701c
                0x0000000020002ee0                . = ALIGN (0x8)
 *fill*         0x0000000020002edc        0x4 
                [!provide]                        PROVIDE (end = .)
                0x0000000020002ee0                PROVIDE (_end = .)
                0x00000000200030e0                . = (. + _Min_Heap_Size)
 *fill*         0x0000000020002ee0      0x200 
                0x00000000200034e0                . = (. + _Min_Stack_Size)
 *fill*         0x00000000200030e0      0x400 
                0x00000000200034e0                . = ALIGN (0x8)

/DISCARD/
 libc.a(*)
 libm.a(*)
 libgcc.a(*)

.ARM.attributes
                0x0000000000000000       0x29
 *(.ARM.attributes)
 .ARM.attributes
                0x0000000000000000       0x1d /Applications/STM32CubeIDE.app/Contents/Eclipse/plugins/com.st.stm32cube.ide.mcu.externaltools.gnu-tools-for-stm32.10.3-2021.10.macos64_1.0.0.202111181127/tools/bin/../lib/gcc/arm-none-eabi/10.3.1/thumb/v7-m/nofp/crti.o
 .ARM.attributes
                0x000000000000001d       0x2d /Applications/STM32CubeIDE.app/Contents/Eclipse/plugins/com.st.stm32cube.ide.mcu.externaltools.gnu-tools-for-stm32.10.3-2021.10.macos64_1.0.0.202111181127/tools/bin/../lib/gcc/arm-none-eabi/10.3.1/thumb/v7-m/nofp/crtbegin.o
 .ARM.attributes
                0x000000000000004a       0x2d ./Core/Src/main.o
 .ARM.attributes
                0x0000000000000077       0x2d ./Core/Src/stm32f2xx_hal_msp.o
 .ARM.attributes
                0x00000000000000a4       0x2d ./Core/Src/stm32f2xx_it.o
 .ARM.attributes
                0x00000000000000d1       0x2d ./Core/Src/sysmem.o
 .ARM.attributes
                0x00000000000000fe       0x2d ./Core/Src/system_stm32f2xx.o
 .ARM.attributes
                0x000000000000012b       0x21 ./Core/Startup/startup_stm32f207zgtx.o
 .ARM.attributes
                0x000000000000014c       0x2d ./Drivers/STM32F2xx_HAL_Driver/Src/stm32f2xx_hal.o
 .ARM.attributes
                0x0000000000000179       0x2d ./Drivers/STM32F2xx_HAL_Driver/Src/stm32f2xx_hal_cortex.o
 .ARM.attributes
                0x00000000000001a6       0x2d ./Drivers/STM32F2xx_HAL_Driver/Src/stm32f2xx_hal_gpio.o
 .ARM.attributes
                0x00000000000001d3       0x2d ./Drivers/STM32F2xx_HAL_Driver/Src/stm32f2xx_hal_pcd.o
 .ARM.attributes
                0x0000000000000200       0x2d ./Drivers/STM32F2xx_HAL_Driver/Src/stm32f2xx_hal_pcd_ex.o
 .ARM.attributes
                0x000000000000022d       0x2d ./Drivers/STM32F2xx_HAL_Driver/Src/stm32f2xx_hal_rcc.o
 .ARM.attributes
                0x000000000000025a       0x2d ./Drivers/STM32F2xx_HAL_Driver/Src/stm32f2xx_ll_usb.o
 .ARM.attributes
                0x0000000000000287       0x2d ./Middlewares/ST/STM32_USB_Device_Library/Class/CDC/Src/usbd_cdc.o
 .ARM.attributes
                0x00000000000002b4       0x2d ./Middlewares/ST/STM32_USB_Device_Library/Core/Src/usbd_core.o
 .ARM.attributes
                0x00000000000002e1       0x2d ./Middlewares/ST/STM32_USB_Device_Library/Core/Src/usbd_ctlreq.o
 .ARM.attributes
                0x000000000000030e       0x2d ./Middlewares/ST/STM32_USB_Device_Library/Core/Src/usbd_ioreq.o
 .ARM.attributes
                0x000000000000033b       0x2d ./USB_DEVICE/App/usb_device.o
 .ARM.attributes
                0x0000000000000368       0x2d ./USB_DEVICE/App/usbd_cdc_if.o
 .ARM.attributes
                0x0000000000000395       0x2d ./USB_DEVICE/App/usbd_desc.o
 .ARM.attributes
                0x00000000000003c2       0x2d ./USB_DEVICE/Target/usbd_conf.o
 .ARM.attributes
                0x00000000000003ef       0x2d /Applications/STM32CubeIDE.app/Contents/Eclipse/plugins/com.st.stm32cube.ide.mcu.externaltools.gnu-tools-for-stm32.10.3-2021.10.macos64_1.0.0.202111181127/tools/bin/../lib/gcc/arm-none-eabi/10.3.1/../../../../arm-none-eabi/lib/thumb/v7-m/nofp/libc_nano.a(lib_a-errno.o)
 .ARM.attributes
                0x000000000000041c       0x2d /Applications/STM32CubeIDE.app/Contents/Eclipse/plugins/com.st.stm32cube.ide.mcu.externaltools.gnu-tools-for-stm32.10.3-2021.10.macos64_1.0.0.202111181127/tools/bin/../lib/gcc/arm-none-eabi/10.3.1/../../../../arm-none-eabi/lib/thumb/v7-m/nofp/libc_nano.a(lib_a-impure.o)
 .ARM.attributes
                0x0000000000000449       0x2d /Applications/STM32CubeIDE.app/Contents/Eclipse/plugins/com.st.stm32cube.ide.mcu.externaltools.gnu-tools-for-stm32.10.3-2021.10.macos64_1.0.0.202111181127/tools/bin/../lib/gcc/arm-none-eabi/10.3.1/../../../../arm-none-eabi/lib/thumb/v7-m/nofp/libc_nano.a(lib_a-init.o)
 .ARM.attributes
                0x0000000000000476       0x2d /Applications/STM32CubeIDE.app/Contents/Eclipse/plugins/com.st.stm32cube.ide.mcu.externaltools.gnu-tools-for-stm32.10.3-2021.10.macos64_1.0.0.202111181127/tools/bin/../lib/gcc/arm-none-eabi/10.3.1/../../../../arm-none-eabi/lib/thumb/v7-m/nofp/libc_nano.a(lib_a-malloc.o)
 .ARM.attributes
                0x00000000000004a3       0x2d /Applications/STM32CubeIDE.app/Contents/Eclipse/plugins/com.st.stm32cube.ide.mcu.externaltools.gnu-tools-for-stm32.10.3-2021.10.macos64_1.0.0.202111181127/tools/bin/../lib/gcc/arm-none-eabi/10.3.1/../../../../arm-none-eabi/lib/thumb/v7-m/nofp/libc_nano.a(lib_a-memset.o)
 .ARM.attributes
                0x00000000000004d0       0x2d /Applications/STM32CubeIDE.app/Contents/Eclipse/plugins/com.st.stm32cube.ide.mcu.externaltools.gnu-tools-for-stm32.10.3-2021.10.macos64_1.0.0.202111181127/tools/bin/../lib/gcc/arm-none-eabi/10.3.1/../../../../arm-none-eabi/lib/thumb/v7-m/nofp/libc_nano.a(lib_a-nano-freer.o)
 .ARM.attributes
                0x00000000000004fd       0x2d /Applications/STM32CubeIDE.app/Contents/Eclipse/plugins/com.st.stm32cube.ide.mcu.externaltools.gnu-tools-for-stm32.10.3-2021.10.macos64_1.0.0.202111181127/tools/bin/../lib/gcc/arm-none-eabi/10.3.1/../../../../arm-none-eabi/lib/thumb/v7-m/nofp/libc_nano.a(lib_a-nano-mallocr.o)
 .ARM.attributes
                0x000000000000052a       0x2d /Applications/STM32CubeIDE.app/Contents/Eclipse/plugins/com.st.stm32cube.ide.mcu.externaltools.gnu-tools-for-stm32.10.3-2021.10.macos64_1.0.0.202111181127/tools/bin/../lib/gcc/arm-none-eabi/10.3.1/../../../../arm-none-eabi/lib/thumb/v7-m/nofp/libc_nano.a(lib_a-sbrkr.o)
 .ARM.attributes
                0x0000000000000557       0x2d /Applications/STM32CubeIDE.app/Contents/Eclipse/plugins/com.st.stm32cube.ide.mcu.externaltools.gnu-tools-for-stm32.10.3-2021.10.macos64_1.0.0.202111181127/tools/bin/../lib/gcc/arm-none-eabi/10.3.1/../../../../arm-none-eabi/lib/thumb/v7-m/nofp/libc_nano.a(lib_a-sprintf.o)
 .ARM.attributes
                0x0000000000000584       0x2d /Applications/STM32CubeIDE.app/Contents/Eclipse/plugins/com.st.stm32cube.ide.mcu.externaltools.gnu-tools-for-stm32.10.3-2021.10.macos64_1.0.0.202111181127/tools/bin/../lib/gcc/arm-none-eabi/10.3.1/../../../../arm-none-eabi/lib/thumb/v7-m/nofp/libc_nano.a(lib_a-mlock.o)
 .ARM.attributes
                0x00000000000005b1       0x2d /Applications/STM32CubeIDE.app/Contents/Eclipse/plugins/com.st.stm32cube.ide.mcu.externaltools.gnu-tools-for-stm32.10.3-2021.10.macos64_1.0.0.202111181127/tools/bin/../lib/gcc/arm-none-eabi/10.3.1/../../../../arm-none-eabi/lib/thumb/v7-m/nofp/libc_nano.a(lib_a-nano-svfprintf.o)
 .ARM.attributes
                0x00000000000005de       0x2d /Applications/STM32CubeIDE.app/Contents/Eclipse/plugins/com.st.stm32cube.ide.mcu.externaltools.gnu-tools-for-stm32.10.3-2021.10.macos64_1.0.0.202111181127/tools/bin/../lib/gcc/arm-none-eabi/10.3.1/../../../../arm-none-eabi/lib/thumb/v7-m/nofp/libc_nano.a(lib_a-nano-vfprintf_i.o)
 .ARM.attributes
                0x000000000000060b       0x2d /Applications/STM32CubeIDE.app/Contents/Eclipse/plugins/com.st.stm32cube.ide.mcu.externaltools.gnu-tools-for-stm32.10.3-2021.10.macos64_1.0.0.202111181127/tools/bin/../lib/gcc/arm-none-eabi/10.3.1/../../../../arm-none-eabi/lib/thumb/v7-m/nofp/libc_nano.a(lib_a-reent.o)
 .ARM.attributes
                0x0000000000000638       0x2d /Applications/STM32CubeIDE.app/Contents/Eclipse/plugins/com.st.stm32cube.ide.mcu.externaltools.gnu-tools-for-stm32.10.3-2021.10.macos64_1.0.0.202111181127/tools/bin/../lib/gcc/arm-none-eabi/10.3.1/../../../../arm-none-eabi/lib/thumb/v7-m/nofp/libc_nano.a(lib_a-lock.o)
 .ARM.attributes
                0x0000000000000665       0x2d /Applications/STM32CubeIDE.app/Contents/Eclipse/plugins/com.st.stm32cube.ide.mcu.externaltools.gnu-tools-for-stm32.10.3-2021.10.macos64_1.0.0.202111181127/tools/bin/../lib/gcc/arm-none-eabi/10.3.1/../../../../arm-none-eabi/lib/thumb/v7-m/nofp/libc_nano.a(lib_a-memchr-stub.o)
 .ARM.attributes
                0x0000000000000692       0x2d /Applications/STM32CubeIDE.app/Contents/Eclipse/plugins/com.st.stm32cube.ide.mcu.externaltools.gnu-tools-for-stm32.10.3-2021.10.macos64_1.0.0.202111181127/tools/bin/../lib/gcc/arm-none-eabi/10.3.1/../../../../arm-none-eabi/lib/thumb/v7-m/nofp/libc_nano.a(lib_a-memcpy-stub.o)
 .ARM.attributes
                0x00000000000006bf       0x2d /Applications/STM32CubeIDE.app/Contents/Eclipse/plugins/com.st.stm32cube.ide.mcu.externaltools.gnu-tools-for-stm32.10.3-2021.10.macos64_1.0.0.202111181127/tools/bin/../lib/gcc/arm-none-eabi/10.3.1/../../../../arm-none-eabi/lib/thumb/v7-m/nofp/libc_nano.a(lib_a-memmove.o)
 .ARM.attributes
                0x00000000000006ec       0x2d /Applications/STM32CubeIDE.app/Contents/Eclipse/plugins/com.st.stm32cube.ide.mcu.externaltools.gnu-tools-for-stm32.10.3-2021.10.macos64_1.0.0.202111181127/tools/bin/../lib/gcc/arm-none-eabi/10.3.1/../../../../arm-none-eabi/lib/thumb/v7-m/nofp/libc_nano.a(lib_a-nano-reallocr.o)
 .ARM.attributes
                0x0000000000000719       0x2d /Applications/STM32CubeIDE.app/Contents/Eclipse/plugins/com.st.stm32cube.ide.mcu.externaltools.gnu-tools-for-stm32.10.3-2021.10.macos64_1.0.0.202111181127/tools/bin/../lib/gcc/arm-none-eabi/10.3.1/../../../../arm-none-eabi/lib/thumb/v7-m/nofp/libc_nano.a(lib_a-nano-msizer.o)
 .ARM.attributes
                0x0000000000000746       0x1d /Applications/STM32CubeIDE.app/Contents/Eclipse/plugins/com.st.stm32cube.ide.mcu.externaltools.gnu-tools-for-stm32.10.3-2021.10.macos64_1.0.0.202111181127/tools/bin/../lib/gcc/arm-none-eabi/10.3.1/thumb/v7-m/nofp/libgcc.a(_aeabi_uldivmod.o)
 .ARM.attributes
                0x0000000000000763       0x2d /Applications/STM32CubeIDE.app/Contents/Eclipse/plugins/com.st.stm32cube.ide.mcu.externaltools.gnu-tools-for-stm32.10.3-2021.10.macos64_1.0.0.202111181127/tools/bin/../lib/gcc/arm-none-eabi/10.3.1/thumb/v7-m/nofp/libgcc.a(_udivmoddi4.o)
 .ARM.attributes
                0x0000000000000790       0x1d /Applications/STM32CubeIDE.app/Contents/Eclipse/plugins/com.st.stm32cube.ide.mcu.externaltools.gnu-tools-for-stm32.10.3-2021.10.macos64_1.0.0.202111181127/tools/bin/../lib/gcc/arm-none-eabi/10.3.1/thumb/v7-m/nofp/libgcc.a(_dvmd_tls.o)
 .ARM.attributes
                0x00000000000007ad       0x1d /Applications/STM32CubeIDE.app/Contents/Eclipse/plugins/com.st.stm32cube.ide.mcu.externaltools.gnu-tools-for-stm32.10.3-2021.10.macos64_1.0.0.202111181127/tools/bin/../lib/gcc/arm-none-eabi/10.3.1/thumb/v7-m/nofp/crtn.o
OUTPUT(STM32F207ZG_VCP.elf elf32-littlearm)
LOAD linker stubs
LOAD /Applications/STM32CubeIDE.app/Contents/Eclipse/plugins/com.st.stm32cube.ide.mcu.externaltools.gnu-tools-for-stm32.10.3-2021.10.macos64_1.0.0.202111181127/tools/bin/../lib/gcc/arm-none-eabi/10.3.1/../../../../arm-none-eabi/lib/thumb/v7-m/nofp/libc.a
LOAD /Applications/STM32CubeIDE.app/Contents/Eclipse/plugins/com.st.stm32cube.ide.mcu.externaltools.gnu-tools-for-stm32.10.3-2021.10.macos64_1.0.0.202111181127/tools/bin/../lib/gcc/arm-none-eabi/10.3.1/../../../../arm-none-eabi/lib/thumb/v7-m/nofp/libm.a
LOAD /Applications/STM32CubeIDE.app/Contents/Eclipse/plugins/com.st.stm32cube.ide.mcu.externaltools.gnu-tools-for-stm32.10.3-2021.10.macos64_1.0.0.202111181127/tools/bin/../lib/gcc/arm-none-eabi/10.3.1/thumb/v7-m/nofp/libgcc.a

.debug_info     0x0000000000000000     0xd121
 .debug_info    0x0000000000000000      0x83b ./Core/Src/main.o
 .debug_info    0x000000000000083b      0x2a8 ./Core/Src/stm32f2xx_hal_msp.o
 .debug_info    0x0000000000000ae3      0x60c ./Core/Src/stm32f2xx_it.o
 .debug_info    0x00000000000010ef      0x171 ./Core/Src/sysmem.o
 .debug_info    0x0000000000001260      0x368 ./Core/Src/system_stm32f2xx.o
 .debug_info    0x00000000000015c8       0x22 ./Core/Startup/startup_stm32f207zgtx.o
 .debug_info    0x00000000000015ea      0x9fd ./Drivers/STM32F2xx_HAL_Driver/Src/stm32f2xx_hal.o
 .debug_info    0x0000000000001fe7      0xe1b ./Drivers/STM32F2xx_HAL_Driver/Src/stm32f2xx_hal_cortex.o
 .debug_info    0x0000000000002e02      0x730 ./Drivers/STM32F2xx_HAL_Driver/Src/stm32f2xx_hal_gpio.o
 .debug_info    0x0000000000003532     0x14f1 ./Drivers/STM32F2xx_HAL_Driver/Src/stm32f2xx_hal_pcd.o
 .debug_info    0x0000000000004a23      0x6cd ./Drivers/STM32F2xx_HAL_Driver/Src/stm32f2xx_hal_pcd_ex.o
 .debug_info    0x00000000000050f0      0xaf7 ./Drivers/STM32F2xx_HAL_Driver/Src/stm32f2xx_hal_rcc.o
 .debug_info    0x0000000000005be7     0x19f2 ./Drivers/STM32F2xx_HAL_Driver/Src/stm32f2xx_ll_usb.o
 .debug_info    0x00000000000075d9     0x10a9 ./Middlewares/ST/STM32_USB_Device_Library/Class/CDC/Src/usbd_cdc.o
 .debug_info    0x0000000000008682      0xb02 ./Middlewares/ST/STM32_USB_Device_Library/Core/Src/usbd_core.o
 .debug_info    0x0000000000009184      0x9b6 ./Middlewares/ST/STM32_USB_Device_Library/Core/Src/usbd_ctlreq.o
 .debug_info    0x0000000000009b3a      0x715 ./Middlewares/ST/STM32_USB_Device_Library/Core/Src/usbd_ioreq.o
 .debug_info    0x000000000000a24f      0x679 ./USB_DEVICE/App/usb_device.o
 .debug_info    0x000000000000a8c8      0x828 ./USB_DEVICE/App/usbd_cdc_if.o
 .debug_info    0x000000000000b0f0      0x484 ./USB_DEVICE/App/usbd_desc.o
 .debug_info    0x000000000000b574     0x1bad ./USB_DEVICE/Target/usbd_conf.o

.debug_abbrev   0x0000000000000000     0x2925
 .debug_abbrev  0x0000000000000000      0x24d ./Core/Src/main.o
 .debug_abbrev  0x000000000000024d       0xd4 ./Core/Src/stm32f2xx_hal_msp.o
 .debug_abbrev  0x0000000000000321      0x199 ./Core/Src/stm32f2xx_it.o
 .debug_abbrev  0x00000000000004ba       0xbb ./Core/Src/sysmem.o
 .debug_abbrev  0x0000000000000575      0x116 ./Core/Src/system_stm32f2xx.o
 .debug_abbrev  0x000000000000068b       0x12 ./Core/Startup/startup_stm32f207zgtx.o
 .debug_abbrev  0x000000000000069d      0x27d ./Drivers/STM32F2xx_HAL_Driver/Src/stm32f2xx_hal.o
 .debug_abbrev  0x000000000000091a      0x316 ./Drivers/STM32F2xx_HAL_Driver/Src/stm32f2xx_hal_cortex.o
 .debug_abbrev  0x0000000000000c30      0x1bb ./Drivers/STM32F2xx_HAL_Driver/Src/stm32f2xx_hal_gpio.o
 .debug_abbrev  0x0000000000000deb      0x2a6 ./Drivers/STM32F2xx_HAL_Driver/Src/stm32f2xx_hal_pcd.o
 .debug_abbrev  0x0000000000001091      0x1bd ./Drivers/STM32F2xx_HAL_Driver/Src/stm32f2xx_hal_pcd_ex.o
 .debug_abbrev  0x000000000000124e      0x2c8 ./Drivers/STM32F2xx_HAL_Driver/Src/stm32f2xx_hal_rcc.o
 .debug_abbrev  0x0000000000001516      0x296 ./Drivers/STM32F2xx_HAL_Driver/Src/stm32f2xx_ll_usb.o
 .debug_abbrev  0x00000000000017ac      0x2c0 ./Middlewares/ST/STM32_USB_Device_Library/Class/CDC/Src/usbd_cdc.o
 .debug_abbrev  0x0000000000001a6c      0x236 ./Middlewares/ST/STM32_USB_Device_Library/Core/Src/usbd_core.o
 .debug_abbrev  0x0000000000001ca2      0x257 ./Middlewares/ST/STM32_USB_Device_Library/Core/Src/usbd_ctlreq.o
 .debug_abbrev  0x0000000000001ef9      0x183 ./Middlewares/ST/STM32_USB_Device_Library/Core/Src/usbd_ioreq.o
 .debug_abbrev  0x000000000000207c      0x183 ./USB_DEVICE/App/usb_device.o
 .debug_abbrev  0x00000000000021ff      0x252 ./USB_DEVICE/App/usbd_cdc_if.o
 .debug_abbrev  0x0000000000002451      0x1fa ./USB_DEVICE/App/usbd_desc.o
 .debug_abbrev  0x000000000000264b      0x2da ./USB_DEVICE/Target/usbd_conf.o

.debug_aranges  0x0000000000000000      0xb00
 .debug_aranges
                0x0000000000000000       0x38 ./Core/Src/main.o
 .debug_aranges
                0x0000000000000038       0x20 ./Core/Src/stm32f2xx_hal_msp.o
 .debug_aranges
                0x0000000000000058       0x68 ./Core/Src/stm32f2xx_it.o
 .debug_aranges
                0x00000000000000c0       0x20 ./Core/Src/sysmem.o
 .debug_aranges
                0x00000000000000e0       0x28 ./Core/Src/system_stm32f2xx.o
 .debug_aranges
                0x0000000000000108       0x28 ./Core/Startup/startup_stm32f207zgtx.o
 .debug_aranges
                0x0000000000000130       0xf0 ./Drivers/STM32F2xx_HAL_Driver/Src/stm32f2xx_hal.o
 .debug_aranges
                0x0000000000000220      0x118 ./Drivers/STM32F2xx_HAL_Driver/Src/stm32f2xx_hal_cortex.o
 .debug_aranges
                0x0000000000000338       0x58 ./Drivers/STM32F2xx_HAL_Driver/Src/stm32f2xx_hal_gpio.o
 .debug_aranges
                0x0000000000000390      0x138 ./Drivers/STM32F2xx_HAL_Driver/Src/stm32f2xx_hal_pcd.o
 .debug_aranges
                0x00000000000004c8       0x38 ./Drivers/STM32F2xx_HAL_Driver/Src/stm32f2xx_hal_pcd_ex.o
 .debug_aranges
                0x0000000000000500       0x88 ./Drivers/STM32F2xx_HAL_Driver/Src/stm32f2xx_hal_rcc.o
 .debug_aranges
                0x0000000000000588      0x198 ./Drivers/STM32F2xx_HAL_Driver/Src/stm32f2xx_ll_usb.o
 .debug_aranges
                0x0000000000000720       0x90 ./Middlewares/ST/STM32_USB_Device_Library/Class/CDC/Src/usbd_cdc.o
 .debug_aranges
                0x00000000000007b0       0xb8 ./Middlewares/ST/STM32_USB_Device_Library/Core/Src/usbd_core.o
 .debug_aranges
                0x0000000000000868       0x88 ./Middlewares/ST/STM32_USB_Device_Library/Core/Src/usbd_ctlreq.o
 .debug_aranges
                0x00000000000008f0       0x50 ./Middlewares/ST/STM32_USB_Device_Library/Core/Src/usbd_ioreq.o
 .debug_aranges
                0x0000000000000940       0x20 ./USB_DEVICE/App/usb_device.o
 .debug_aranges
                0x0000000000000960       0x40 ./USB_DEVICE/App/usbd_cdc_if.o
 .debug_aranges
                0x00000000000009a0       0x60 ./USB_DEVICE/App/usbd_desc.o
 .debug_aranges
                0x0000000000000a00      0x100 ./USB_DEVICE/Target/usbd_conf.o

.debug_ranges   0x0000000000000000      0x9b8
 .debug_ranges  0x0000000000000000       0x28 ./Core/Src/main.o
 .debug_ranges  0x0000000000000028       0x10 ./Core/Src/stm32f2xx_hal_msp.o
 .debug_ranges  0x0000000000000038       0x58 ./Core/Src/stm32f2xx_it.o
 .debug_ranges  0x0000000000000090       0x10 ./Core/Src/sysmem.o
 .debug_ranges  0x00000000000000a0       0x18 ./Core/Src/system_stm32f2xx.o
 .debug_ranges  0x00000000000000b8       0x20 ./Core/Startup/startup_stm32f207zgtx.o
 .debug_ranges  0x00000000000000d8       0xe0 ./Drivers/STM32F2xx_HAL_Driver/Src/stm32f2xx_hal.o
 .debug_ranges  0x00000000000001b8      0x108 ./Drivers/STM32F2xx_HAL_Driver/Src/stm32f2xx_hal_cortex.o
 .debug_ranges  0x00000000000002c0       0x48 ./Drivers/STM32F2xx_HAL_Driver/Src/stm32f2xx_hal_gpio.o
 .debug_ranges  0x0000000000000308      0x128 ./Drivers/STM32F2xx_HAL_Driver/Src/stm32f2xx_hal_pcd.o
 .debug_ranges  0x0000000000000430       0x28 ./Drivers/STM32F2xx_HAL_Driver/Src/stm32f2xx_hal_pcd_ex.o
 .debug_ranges  0x0000000000000458       0x78 ./Drivers/STM32F2xx_HAL_Driver/Src/stm32f2xx_hal_rcc.o
 .debug_ranges  0x00000000000004d0      0x188 ./Drivers/STM32F2xx_HAL_Driver/Src/stm32f2xx_ll_usb.o
 .debug_ranges  0x0000000000000658       0x80 ./Middlewares/ST/STM32_USB_Device_Library/Class/CDC/Src/usbd_cdc.o
 .debug_ranges  0x00000000000006d8       0xa8 ./Middlewares/ST/STM32_USB_Device_Library/Core/Src/usbd_core.o
 .debug_ranges  0x0000000000000780       0x78 ./Middlewares/ST/STM32_USB_Device_Library/Core/Src/usbd_ctlreq.o
 .debug_ranges  0x00000000000007f8       0x40 ./Middlewares/ST/STM32_USB_Device_Library/Core/Src/usbd_ioreq.o
 .debug_ranges  0x0000000000000838       0x10 ./USB_DEVICE/App/usb_device.o
 .debug_ranges  0x0000000000000848       0x30 ./USB_DEVICE/App/usbd_cdc_if.o
 .debug_ranges  0x0000000000000878       0x50 ./USB_DEVICE/App/usbd_desc.o
 .debug_ranges  0x00000000000008c8       0xf0 ./USB_DEVICE/Target/usbd_conf.o

.debug_macro    0x0000000000000000    0x21c6e
 .debug_macro   0x0000000000000000      0x3c7 ./Core/Src/main.o
 .debug_macro   0x00000000000003c7      0xa6c ./Core/Src/main.o
 .debug_macro   0x0000000000000e33      0x238 ./Core/Src/main.o
 .debug_macro   0x000000000000106b       0x2e ./Core/Src/main.o
 .debug_macro   0x0000000000001099       0x22 ./Core/Src/main.o
 .debug_macro   0x00000000000010bb       0x22 ./Core/Src/main.o
 .debug_macro   0x00000000000010dd       0x8e ./Core/Src/main.o
 .debug_macro   0x000000000000116b       0x51 ./Core/Src/main.o
 .debug_macro   0x00000000000011bc      0x103 ./Core/Src/main.o
 .debug_macro   0x00000000000012bf       0x6a ./Core/Src/main.o
 .debug_macro   0x0000000000001329      0x1df ./Core/Src/main.o
 .debug_macro   0x0000000000001508       0x1c ./Core/Src/main.o
 .debug_macro   0x0000000000001524       0x22 ./Core/Src/main.o
 .debug_macro   0x0000000000001546       0xbd ./Core/Src/main.o
 .debug_macro   0x0000000000001603      0xe49 ./Core/Src/main.o
 .debug_macro   0x000000000000244c      0x11f ./Core/Src/main.o
 .debug_macro   0x000000000000256b    0x14fe1 ./Core/Src/main.o
 .debug_macro   0x000000000001754c       0x43 ./Core/Src/main.o
 .debug_macro   0x000000000001758f     0x358e ./Core/Src/main.o
 .debug_macro   0x000000000001ab1d      0x174 ./Core/Src/main.o
 .debug_macro   0x000000000001ac91       0x55 ./Core/Src/main.o
 .debug_macro   0x000000000001ace6     0x1057 ./Core/Src/main.o
 .debug_macro   0x000000000001bd3d      0x153 ./Core/Src/main.o
 .debug_macro   0x000000000001be90      0x170 ./Core/Src/main.o
 .debug_macro   0x000000000001c000      0x116 ./Core/Src/main.o
 .debug_macro   0x000000000001c116      0x108 ./Core/Src/main.o
 .debug_macro   0x000000000001c21e       0xa5 ./Core/Src/main.o
 .debug_macro   0x000000000001c2c3      0x16a ./Core/Src/main.o
 .debug_macro   0x000000000001c42d      0x287 ./Core/Src/main.o
 .debug_macro   0x000000000001c6b4       0x5f ./Core/Src/main.o
 .debug_macro   0x000000000001c713      0x236 ./Core/Src/main.o
 .debug_macro   0x000000000001c949      0x126 ./Core/Src/main.o
 .debug_macro   0x000000000001ca6f      0x216 ./Core/Src/main.o
 .debug_macro   0x000000000001cc85       0x2e ./Core/Src/main.o
 .debug_macro   0x000000000001ccb3      0x113 ./Core/Src/main.o
 .debug_macro   0x000000000001cdc6       0x22 ./Core/Src/main.o
 .debug_macro   0x000000000001cde8       0x82 ./Core/Src/main.o
 .debug_macro   0x000000000001ce6a      0x21e ./Core/Src/main.o
 .debug_macro   0x000000000001d088       0xba ./Core/Src/main.o
 .debug_macro   0x000000000001d142      0x12d ./Core/Src/main.o
 .debug_macro   0x000000000001d26f      0x13c ./Core/Src/main.o
 .debug_macro   0x000000000001d3ab       0x52 ./Core/Src/main.o
 .debug_macro   0x000000000001d3fd       0x18 ./Core/Src/main.o
 .debug_macro   0x000000000001d415       0x3c ./Core/Src/main.o
 .debug_macro   0x000000000001d451       0x34 ./Core/Src/main.o
 .debug_macro   0x000000000001d485       0x16 ./Core/Src/main.o
 .debug_macro   0x000000000001d49b       0x35 ./Core/Src/main.o
 .debug_macro   0x000000000001d4d0      0x341 ./Core/Src/main.o
 .debug_macro   0x000000000001d811       0x10 ./Core/Src/main.o
 .debug_macro   0x000000000001d821       0x16 ./Core/Src/main.o
 .debug_macro   0x000000000001d837       0x43 ./Core/Src/main.o
 .debug_macro   0x000000000001d87a       0x34 ./Core/Src/main.o
 .debug_macro   0x000000000001d8ae       0x10 ./Core/Src/main.o
 .debug_macro   0x000000000001d8be       0x58 ./Core/Src/main.o
 .debug_macro   0x000000000001d916       0x71 ./Core/Src/main.o
 .debug_macro   0x000000000001d987       0x1c ./Core/Src/main.o
 .debug_macro   0x000000000001d9a3      0x12a ./Core/Src/main.o
 .debug_macro   0x000000000001dacd       0x10 ./Core/Src/main.o
 .debug_macro   0x000000000001dadd       0x1c ./Core/Src/main.o
 .debug_macro   0x000000000001daf9       0x52 ./Core/Src/main.o
 .debug_macro   0x000000000001db4b       0x22 ./Core/Src/main.o
 .debug_macro   0x000000000001db6d       0x10 ./Core/Src/main.o
 .debug_macro   0x000000000001db7d       0x52 ./Core/Src/main.o
 .debug_macro   0x000000000001dbcf       0xd5 ./Core/Src/main.o
 .debug_macro   0x000000000001dca4       0x1c ./Core/Src/main.o
 .debug_macro   0x000000000001dcc0       0x3d ./Core/Src/main.o
 .debug_macro   0x000000000001dcfd       0x16 ./Core/Src/main.o
 .debug_macro   0x000000000001dd13      0x145 ./Core/Src/main.o
 .debug_macro   0x000000000001de58       0x16 ./Core/Src/main.o
 .debug_macro   0x000000000001de6e       0x16 ./Core/Src/main.o
 .debug_macro   0x000000000001de84       0x29 ./Core/Src/main.o
 .debug_macro   0x000000000001dead       0x16 ./Core/Src/main.o
 .debug_macro   0x000000000001dec3       0x20 ./Core/Src/main.o
 .debug_macro   0x000000000001dee3       0x65 ./Core/Src/main.o
 .debug_macro   0x000000000001df48      0x1c2 ./Core/Src/main.o
 .debug_macro   0x000000000001e10a      0x1dc ./Core/Src/stm32f2xx_hal_msp.o
 .debug_macro   0x000000000001e2e6      0x1e6 ./Core/Src/stm32f2xx_it.o
 .debug_macro   0x000000000001e4cc       0xff ./Core/Src/sysmem.o